Component: ARM Compiler 5.06 update 6 (build 750) Tool: armlink [4d35ed]

==============================================================================

Section Cross References

    startup_stm32f103xe.o(STACK) refers (Special) to heapauxi.o(.text) for __use_two_region_memory
    startup_stm32f103xe.o(HEAP) refers (Special) to heapauxi.o(.text) for __use_two_region_memory
    startup_stm32f103xe.o(RESET) refers (Special) to heapauxi.o(.text) for __use_two_region_memory
    startup_stm32f103xe.o(RESET) refers to startup_stm32f103xe.o(STACK) for __initial_sp
    startup_stm32f103xe.o(RESET) refers to startup_stm32f103xe.o(.text) for Reset_Handler
    startup_stm32f103xe.o(RESET) refers to stm32f1xx_it.o(i.NMI_Handler) for NMI_Handler
    startup_stm32f103xe.o(RESET) refers to stm32f1xx_it.o(i.HardFault_Handler) for HardFault_Handler
    startup_stm32f103xe.o(RESET) refers to stm32f1xx_it.o(i.MemManage_Handler) for MemManage_Handler
    startup_stm32f103xe.o(RESET) refers to stm32f1xx_it.o(i.BusFault_Handler) for BusFault_Handler
    startup_stm32f103xe.o(RESET) refers to stm32f1xx_it.o(i.UsageFault_Handler) for UsageFault_Handler
    startup_stm32f103xe.o(RESET) refers to port.o(.emb_text) for SVC_Handler
    startup_stm32f103xe.o(RESET) refers to stm32f1xx_it.o(i.DebugMon_Handler) for DebugMon_Handler
    startup_stm32f103xe.o(RESET) refers to delay.o(i.SysTick_Handler) for SysTick_Handler
    startup_stm32f103xe.o(RESET) refers to usart.o(i.USART1_IRQHandler) for USART1_IRQHandler
    startup_stm32f103xe.o(RESET) refers to btim.o(i.TIM6_IRQHandler) for TIM6_IRQHandler
    startup_stm32f103xe.o(.text) refers (Special) to heapauxi.o(.text) for __use_two_region_memory
    startup_stm32f103xe.o(.text) refers to system_stm32f1xx.o(i.SystemInit) for SystemInit
    startup_stm32f103xe.o(.text) refers to __main.o(!!!main) for __main
    startup_stm32f103xe.o(.text) refers to startup_stm32f103xe.o(HEAP) for Heap_Mem
    startup_stm32f103xe.o(.text) refers to startup_stm32f103xe.o(STACK) for Stack_Mem
    system_stm32f1xx.o(i.SystemCoreClockUpdate) refers to system_stm32f1xx.o(.data) for SystemCoreClock
    system_stm32f1xx.o(i.SystemCoreClockUpdate) refers to system_stm32f1xx.o(.constdata) for AHBPrescTable
    main.o(i.main) refers to stm32f1xx_hal.o(i.HAL_Init) for HAL_Init
    main.o(i.main) refers to sys.o(i.sys_stm32_clock_init) for sys_stm32_clock_init
    main.o(i.main) refers to delay.o(i.delay_init) for delay_init
    main.o(i.main) refers to usart.o(i.usart_init) for usart_init
    main.o(i.main) refers to led.o(i.led_init) for led_init
    main.o(i.main) refers to key.o(i.key_init) for key_init
    main.o(i.main) refers to w5500_port.o(i.w5500_init) for w5500_init
    main.o(i.main) refers to __2printf.o(.text) for __2printf
    main.o(i.main) refers to freertos_demo.o(i.freertos_demo) for freertos_demo
    main.o(i.main) refers to main.o(.conststring) for .conststring
    freertos_demo.o(i.freertos_demo) refers to tasks.o(i.xTaskCreate) for xTaskCreate
    freertos_demo.o(i.freertos_demo) refers to tasks.o(i.vTaskStartScheduler) for vTaskStartScheduler
    freertos_demo.o(i.freertos_demo) refers to freertos_demo.o(.data) for start_task_handler
    freertos_demo.o(i.freertos_demo) refers to freertos_demo.o(i.start_task) for start_task
    freertos_demo.o(i.start_task) refers to port.o(i.vPortEnterCritical) for vPortEnterCritical
    freertos_demo.o(i.start_task) refers to tasks.o(i.xTaskCreate) for xTaskCreate
    freertos_demo.o(i.start_task) refers to tasks.o(i.vTaskDelete) for vTaskDelete
    freertos_demo.o(i.start_task) refers to port.o(i.vPortExitCritical) for vPortExitCritical
    freertos_demo.o(i.start_task) refers to freertos_demo.o(.data) for task1_handler
    freertos_demo.o(i.start_task) refers to freertos_demo.o(i.task1) for task1
    w5500_port.o(i.w5500_cris_enter) refers to port.o(i.vPortEnterCritical) for vPortEnterCritical
    w5500_port.o(i.w5500_cris_exit) refers to port.o(i.vPortExitCritical) for vPortExitCritical
    w5500_port.o(i.w5500_cs_desel) refers to stm32f1xx_hal_gpio.o(i.HAL_GPIO_WritePin) for HAL_GPIO_WritePin
    w5500_port.o(i.w5500_cs_sel) refers to stm32f1xx_hal_gpio.o(i.HAL_GPIO_WritePin) for HAL_GPIO_WritePin
    w5500_port.o(i.w5500_get_link_status) refers to wizchip_conf.o(i.wizphy_getphystat) for wizphy_getphystat
    w5500_port.o(i.w5500_get_link_status) refers to wizchip_conf.o(i.wizphy_getphylink) for wizphy_getphylink
    w5500_port.o(i.w5500_hardware_reset) refers to stm32f1xx_hal_gpio.o(i.HAL_GPIO_WritePin) for HAL_GPIO_WritePin
    w5500_port.o(i.w5500_hardware_reset) refers to delay.o(i.delay_us) for delay_us
    w5500_port.o(i.w5500_hardware_reset) refers to delay.o(i.delay_ms) for delay_ms
    w5500_port.o(i.w5500_init) refers to spi.o(i.spi2_init) for spi2_init
    w5500_port.o(i.w5500_init) refers to w5500_port.o(i.w5500_register_callbacks) for w5500_register_callbacks
[...]
    prvNotifyQueueSetContainer               0x08003149   Thumb Code   156  queue.o(i.prvNotifyQueueSetContainer)
    i.prvProcessExpiredTimer                 0x0800320c   Section        0  timers.o(i.prvProcessExpiredTimer)
    prvProcessExpiredTimer                   0x0800320d   Thumb Code    62  timers.o(i.prvProcessExpiredTimer)
    i.prvProcessReceivedCommands             0x08003250   Section        0  timers.o(i.prvProcessReceivedCommands)
    prvProcessReceivedCommands               0x08003251   Thumb Code   316  timers.o(i.prvProcessReceivedCommands)
    i.prvProcessTimerOrBlockTask             0x080033b8   Section        0  timers.o(i.prvProcessTimerOrBlockTask)
    prvProcessTimerOrBlockTask               0x080033b9   Thumb Code   102  timers.o(i.prvProcessTimerOrBlockTask)
    i.prvReloadTimer                         0x0800342c   Section        0  timers.o(i.prvReloadTimer)
    prvReloadTimer                           0x0800342d   Thumb Code    40  timers.o(i.prvReloadTimer)
    i.prvResetNextTaskUnblockTime            0x08003454   Section        0  tasks.o(i.prvResetNextTaskUnblockTime)
    prvResetNextTaskUnblockTime              0x08003455   Thumb Code    40  tasks.o(i.prvResetNextTaskUnblockTime)
    i.prvSampleTimeNow                       0x08003484   Section        0  timers.o(i.prvSampleTimeNow)
    prvSampleTimeNow                         0x08003485   Thumb Code    40  timers.o(i.prvSampleTimeNow)
    i.prvSwitchTimerLists                    0x080034b0   Section        0  timers.o(i.prvSwitchTimerLists)
    prvSwitchTimerLists                      0x080034b1   Thumb Code    58  timers.o(i.prvSwitchTimerLists)
    i.prvTaskExitError                       0x080034f4   Section        0  port.o(i.prvTaskExitError)
    prvTaskExitError                         0x080034f5   Thumb Code    48  port.o(i.prvTaskExitError)
    i.prvTimerTask                           0x08003564   Section        0  timers.o(i.prvTimerTask)
    prvTimerTask                             0x08003565   Thumb Code    26  timers.o(i.prvTimerTask)
    i.prvUnlockQueue                         0x0800357e   Section        0  queue.o(i.prvUnlockQueue)
    prvUnlockQueue                           0x0800357f   Thumb Code   144  queue.o(i.prvUnlockQueue)
    i.pvPortMalloc                           0x08003610   Section        0  heap_4.o(i.pvPortMalloc)
    i.pxPortInitialiseStack                  0x08003804   Section        0  port.o(i.pxPortInitialiseStack)
    i.reg_wizchip_cris_cbfunc                0x08003828   Section        0  wizchip_conf.o(i.reg_wizchip_cris_cbfunc)
    i.reg_wizchip_cs_cbfunc                  0x08003850   Section        0  wizchip_conf.o(i.reg_wizchip_cs_cbfunc)
    i.reg_wizchip_spi_cbfunc                 0x08003878   Section        0  wizchip_conf.o(i.reg_wizchip_spi_cbfunc)
    i.reg_wizchip_spiburst_cbfunc            0x080038ac   Section        0  wizchip_conf.o(i.reg_wizchip_spiburst_cbfunc)
    i.spi2_init                              0x080038e0   Section        0  spi.o(i.spi2_init)
    i.spi2_set_speed                         0x08003934   Section        0  spi.o(i.spi2_set_speed)
    i.spi2_write_read_byte                   0x0800397c   Section        0  spi.o(i.spi2_write_read_byte)
    i.start_task                             0x0800399c   Section        0  freertos_demo.o(i.start_task)
    i.sys_get_flash_latency                  0x080039d4   Section        0  sys.o(i.sys_get_flash_latency)
    sys_get_flash_latency                    0x080039d5   Thumb Code    26  sys.o(i.sys_get_flash_latency)
    i.sys_stm32_clock_init                   0x080039f8   Section        0  sys.o(i.sys_stm32_clock_init)
    i.task1                                  0x08003ac4   Section        0  freertos_demo.o(i.task1)
    i.usart_init                             0x08003ac8   Section        0  usart.o(i.usart_init)
    i.uxListRemove                           0x08003b00   Section        0  list.o(i.uxListRemove)
    i.uxTaskGetNumberOfTasks                 0x08003b28   Section        0  tasks.o(i.uxTaskGetNumberOfTasks)
    i.vListInitialise                        0x08003b34   Section        0  list.o(i.vListInitialise)
    i.vListInitialiseItem                    0x08003b4e   Section        0  list.o(i.vListInitialiseItem)
    i.vListInsert                            0x08003b54   Section        0  list.o(i.vListInsert)
    i.vListInsertEnd                         0x08003b88   Section        0  list.o(i.vListInsertEnd)
    i.vPortEnterCritical                     0x08003ba0   Section        0  port.o(i.vPortEnterCritical)
    i.vPortExitCritical                      0x08003c28   Section        0  port.o(i.vPortExitCritical)
    i.vPortFree                              0x08003c98   Section        0  heap_4.o(i.vPortFree)
    i.vPortSetupTimerInterrupt               0x08003d74   Section        0  port.o(i.vPortSetupTimerInterrupt)
    i.vPortSuppressTicksAndSleep             0x08003de4   Section        0  port.o(i.vPortSuppressTicksAndSleep)
    i.vQueueAddToRegistry                    0x08003f44   Section        0  queue.o(i.vQueueAddToRegistry)
    i.vQueueWaitForMessageRestricted         0x08003fc4   Section        0  queue.o(i.vQueueWaitForMessageRestricted)
    i.vTaskDelete                            0x08004010   Section        0  tasks.o(i.vTaskDelete)
    i.vTaskInternalSetTimeOutState           0x08004140   Section        0  tasks.o(i.vTaskInternalSetTimeOutState)
    i.vTaskMissedYield                       0x08004158   Section        0  tasks.o(i.vTaskMissedYield)
    i.vTaskPlaceOnEventList                  0x08004164   Section        0  tasks.o(i.vTaskPlaceOnEventList)
    i.vTaskPlaceOnEventListRestricted        0x080041bc   Section        0  tasks.o(i.vTaskPlaceOnEventListRestricted)
    i.vTaskStartScheduler                    0x08004240   Section        0  tasks.o(i.vTaskStartScheduler)
    i.vTaskStepTick                          0x080042d8   Section        0  tasks.o(i.vTaskStepTick)
    i.vTaskSuspendAll                        0x08004390   Section        0  tasks.o(i.vTaskSuspendAll)
    i.vTaskSwitchContext                     0x080043a0   Section        0  tasks.o(i.vTaskSwitchContext)
    i.w5500_cris_enter                       0x08004454   Section        0  w5500_port.o(i.w5500_cris_enter)
    w5500_cris_enter                         0x08004455   Thumb Code     8  w5500_port.o(i.w5500_cris_enter)
    i.w5500_cris_exit                        0x0800445c   Section        0  w5500_port.o(i.w5500_cris_exit)
    w5500_cris_exit                          0x0800445d   Thumb Code     8  w5500_port.o(i.w5500_cris_exit)
    i.w5500_cs_desel                         0x08004464   Section        0  w5500_port.o(i.w5500_cs_desel)
    w5500_cs_desel                           0x08004465   Thumb Code    14  w5500_port.o(i.w5500_cs_desel)
    i.w5500_cs_sel                           0x08004478   Section        0  w5500_port.o(i.w5500_cs_sel)
    w5500_cs_sel                             0x08004479   Thumb Code    16  w5500_port.o(i.w5500_cs_sel)
    i.w5500_get_link_status                  0x0800448c   Section        0  w5500_port.o(i.w5500_get_link_status)
    i.w5500_hardware_reset                   0x0800449c   Section        0  w5500_port.o(i.w5500_hardware_reset)
    i.w5500_init                             0x080044c8   Section        0  w5500_port.o(i.w5500_init)
    i.w5500_register_callbacks               0x080045cc   Section        0  w5500_port.o(i.w5500_register_callbacks)
    i.w5500_spi_rb                           0x08004610   Section        0  w5500_port.o(i.w5500_spi_rb)
    w5500_spi_rb                             0x08004611   Thumb Code    10  w5500_port.o(i.w5500_spi_rb)
    i.w5500_spi_read_burst                   0x0800461a   Section        0  w5500_port.o(i.w5500_spi_read_burst)
    w5500_spi_read_burst                     0x0800461b   Thumb Code    28  w5500_port.o(i.w5500_spi_read_burst)
    i.w5500_spi_wb                           0x08004636   Section        0  w5500_port.o(i.w5500_spi_wb)
    w5500_spi_wb                             0x08004637   Thumb Code    12  w5500_port.o(i.w5500_spi_wb)
    i.w5500_spi_write_burst                  0x08004642   Section        0  w5500_port.o(i.w5500_spi_write_burst)
    w5500_spi_write_burst                    0x08004643   Thumb Code    26  w5500_port.o(i.w5500_spi_write_burst)
    i.wizchip_bus_readdata                   0x0800465c   Section        0  wizchip_conf.o(i.wizchip_bus_readdata)
    i.wizchip_bus_writedata                  0x08004662   Section        0  wizchip_conf.o(i.wizchip_bus_writedata)
    i.wizchip_cris_enter                     0x08004666   Section        0  wizchip_conf.o(i.wizchip_cris_enter)
    i.wizchip_cris_exit                      0x08004668   Section        0  wizchip_conf.o(i.wizchip_cris_exit)
    i.wizchip_cs_deselect                    0x0800466a   Section        0  wizchip_conf.o(i.wizchip_cs_deselect)
    i.wizchip_cs_select                      0x0800466c   Section        0  wizchip_conf.o(i.wizchip_cs_select)
    i.wizchip_init                           0x0800466e   Section        0  wizchip_conf.o(i.wizchip_init)
    i.wizchip_setnetinfo                     0x08004700   Section        0  wizchip_conf.o(i.wizchip_setnetinfo)
    i.wizchip_spi_readburst                  0x08004758   Section        0  wizchip_conf.o(i.wizchip_spi_readburst)
    i.wizchip_spi_readbyte                   0x0800477c   Section        0  wizchip_conf.o(i.wizchip_spi_readbyte)
    i.wizchip_spi_writeburst                 0x08004780   Section        0  wizchip_conf.o(i.wizchip_spi_writeburst)
    i.wizchip_spi_writebyte                  0x080047a4   Section        0  wizchip_conf.o(i.wizchip_spi_writebyte)
    i.wizchip_sw_reset                       0x080047a6   Section        0  wizchip_conf.o(i.wizchip_sw_reset)
    i.wizphy_getphylink                      0x08004818   Section        0  wizchip_conf.o(i.wizphy_getphylink)
    i.wizphy_getphystat                      0x08004830   Section        0  wizchip_conf.o(i.wizphy_getphystat)
    i.wizphy_reset                           0x0800484c   Section        0  wizchip_conf.o(i.wizphy_reset)
    i.wizphy_setphyconf                      0x08004880   Section        0  wizchip_conf.o(i.wizphy_setphyconf)
    i.xPortStartScheduler                    0x080048d8   Section        0  port.o(i.xPortStartScheduler)
    i.xPortSysTickHandler                    0x080049f8   Section        0  port.o(i.xPortSysTickHandler)
    i.xQueueGenericCreate                    0x08004a2c   Section        0  queue.o(i.xQueueGenericCreate)
    i.xQueueGenericReset                     0x08004ab0   Section        0  queue.o(i.xQueueGenericReset)
    i.xQueueReceive                          0x08004ba0   Section        0  queue.o(i.xQueueReceive)
    i.xTaskCheckForTimeOut                   0x08004d14   Section        0  tasks.o(i.xTaskCheckForTimeOut)
    i.xTaskCreate                            0x08004dd4   Section        0  tasks.o(i.xTaskCreate)
    i.xTaskGetSchedulerState                 0x08004e0c   Section        0  tasks.o(i.xTaskGetSchedulerState)
    i.xTaskGetTickCount                      0x08004e2c   Section        0  tasks.o(i.xTaskGetTickCount)
    i.xTaskIncrementTick                     0x08004e38   Section        0  tasks.o(i.xTaskIncrementTick)
    i.xTaskPriorityDisinherit                0x08005020   Section        0  tasks.o(i.xTaskPriorityDisinherit)
    i.xTaskRemoveFromEventList               0x0800512c   Section        0  tasks.o(i.xTaskRemoveFromEventList)
    i.xTaskResumeAll                         0x08005280   Section        0  tasks.o(i.xTaskResumeAll)
    i.xTimerCreateTimerTask                  0x08005440   Section        0  timers.o(i.xTimerCreateTimerTask)
    .constdata                               0x080054b4   Section       24  system_stm32f1xx.o(.constdata)
    .conststring                             0x080054cc   Section      293  main.o(.conststring)
    .data                                    0x20000000   Section        4  system_stm32f1xx.o(.data)
    .data                                    0x20000004   Section        8  freertos_demo.o(.data)
    .data                                    0x2000000c   Section        2  delay.o(.data)
    g_fac_us                                 0x2000000c   Data           2  delay.o(.data)
    .data                                    0x20000010   Section        7  usart.o(.data)
    .data                                    0x20000018   Section        9  stm32f1xx_hal.o(.data)
    .data                                    0x20000024   Section       64  tasks.o(.data)
    pxDelayedTaskList                        0x20000028   Data           4  tasks.o(.data)
    pxOverflowDelayedTaskList                0x2000002c   Data           4  tasks.o(.data)
    uxDeletedTasksWaitingCleanUp             0x20000030   Data           4  tasks.o(.data)
    uxCurrentNumberOfTasks                   0x20000034   Data           4  tasks.o(.data)
    xTickCount                               0x20000038   Data           4  tasks.o(.data)
    uxTopReadyPriority                       0x2000003c   Data           4  tasks.o(.data)
    xSchedulerRunning                        0x20000040   Data           4  tasks.o(.data)
    xPendedTicks                             0x20000044   Data           4  tasks.o(.data)
    xYieldPendings                           0x20000048   Data           4  tasks.o(.data)
    xNumOfOverflows                          0x2000004c   Data           4  tasks.o(.data)
    uxTaskNumber                             0x20000050   Data           4  tasks.o(.data)
    xNextTaskUnblockTime                     0x20000054   Data           4  tasks.o(.data)
    xIdleTaskHandles                         0x20000058   Data           4  tasks.o(.data)
    uxTopUsedPriority                        0x2000005c   Data           4  tasks.o(.data)
    uxSchedulerSuspended                     0x20000060   Data           4  tasks.o(.data)
    .data                                    0x20000064   Section       20  timers.o(.data)
    pxCurrentTimerList                       0x20000064   Data           4  timers.o(.data)
    pxOverflowTimerList                      0x20000068   Data           4  timers.o(.data)
    xTimerQueue                              0x2000006c   Data           4  timers.o(.data)
    xTimerTaskHandle                         0x20000070   Data           4  timers.o(.data)
    xLastTime                                0x20000074   Data           4  timers.o(.data)
    .data                                    0x20000078   Section       28  heap_4.o(.data)
    xStart                                   0x20000078   Data           8  heap_4.o(.data)
    pxEnd                                    0x20000080   Data           4  heap_4.o(.data)
    xFreeBytesRemaining                      0x20000084   Data           4  heap_4.o(.data)
    xMinimumEverFreeBytesRemaining           0x20000088   Data           4  heap_4.o(.data)
    xNumberOfSuccessfulAllocations           0x2000008c   Data           4  heap_4.o(.data)
    xNumberOfSuccessfulFrees                 0x20000090   Data           4  heap_4.o(.data)
    .data                                    0x20000094   Section       24  port.o(.data)
    uxCriticalNesting                        0x20000094   Data           4  port.o(.data)
    ulTimerCountsForOneTick                  0x20000098   Data           4  port.o(.data)
    xMaximumPossibleSuppressedTicks          0x2000009c   Data           4  port.o(.data)
    ulStoppedTimerCompensation               0x200000a0   Data           4  port.o(.data)
    ucMaxSysCallPriority                     0x200000a4   Data           1  port.o(.data)
    ulMaxPRIGROUPValue                       0x200000a8   Data           4  port.o(.data)
    .data                                    0x200000ac   Section       49  wizchip_conf.o(.data)
    _DNS_                                    0x200000d8   Data           4  wizchip_conf.o(.data)
    _DHCP_                                   0x200000dc   Data           1  wizchip_conf.o(.data)
    .bss                                     0x200000e0   Section      264  usart.o(.bss)
    .bss                                     0x200001e8   Section      740  tasks.o(.bss)
    pxReadyTasksLists                        0x200001e8   Data         640  tasks.o(.bss)
    xDelayedTaskList1                        0x20000468   Data          20  tasks.o(.bss)
    xDelayedTaskList2                        0x2000047c   Data          20  tasks.o(.bss)
    xPendingReadyList                        0x20000490   Data          20  tasks.o(.bss)
    xTasksWaitingTermination                 0x200004a4   Data          20  tasks.o(.bss)
    xSuspendedTaskList                       0x200004b8   Data          20  tasks.o(.bss)
    .bss                                     0x200004cc   Section       64  queue.o(.bss)
    .bss                                     0x2000050c   Section       40  timers.o(.bss)
    xActiveTimerList1                        0x2000050c   Data          20  timers.o(.bss)
    xActiveTimerList2                        0x20000520   Data          20  timers.o(.bss)
    .bss                                     0x20000534   Section    10240  heap_4.o(.bss)
    ucHeap                                   0x20000534   Data       10240  heap_4.o(.bss)
    .bss                                     0x20002d34   Section       72  btim.o(.bss)
    .bss                                     0x20002d7c   Section       88  spi.o(.bss)
    .bss                                     0x20002dd4   Section       96  libspace.o(.bss)
    HEAP                                     0x20002e38   Section      512  startup_stm32f103xe.o(HEAP)
    Heap_Mem                                 0x20002e38   Data         512  startup_stm32f103xe.o(HEAP)
    STACK                                    0x20003038   Section     1024  startup_stm32f103xe.o(STACK)
    Stack_Mem                                0x20003038   Data        1024  startup_stm32f103xe.o(STACK)
    __initial_sp                             0x20003438   Data           0  startup_stm32f103xe.o(STACK)

    Global Symbols

    Symbol Name                              Value     Ov Type        Size  Object(Section)

    BuildAttributes$$THM_ISAv4$P$D$K$B$S$PE$A:L22UL41UL21$X:L11$S22US41US21$IEEE1$IW$USESV6$~STKCKD$USESV7$~SHL$OSPACE$ROPI$EBA8$UX$STANDARDLIB$REQ8$PRES8$EABIv2 0x00000000   Number         0  anon$$obj.o ABSOLUTE
    __ARM_use_no_argv                        0x00000000   Number         0  main.o ABSOLUTE
    _printf_flags                            0x00000000   Number         0  printf_stubs.o ABSOLUTE
    _printf_return_value                     0x00000000   Number         0  printf_stubs.o ABSOLUTE
    _printf_sizespec                         0x00000000   Number         0  printf_stubs.o ABSOLUTE
    _printf_widthprec                        0x00000000   Number         0  printf_stubs.o ABSOLUTE
    __ARM_exceptions_init                     - Undefined Weak Reference
    __alloca_initialize                       - Undefined Weak Reference
    __arm_preinit_                            - Undefined Weak Reference
    __cpp_initialize__aeabi_                  - Undefined Weak Reference
    __cxa_finalize                            - Undefined Weak Reference
    __rt_locale                               - Undefined Weak Reference
    __sigvec_lookup                           - Undefined Weak Reference
    _atexit_init                              - Undefined Weak Reference
    _call_atexit_fns                          - Undefined Weak Reference
    _clock_init                               - Undefined Weak Reference
    _fp_trap_init                             - Undefined Weak Reference
    _fp_trap_shutdown                         - Undefined Weak Reference
    _get_lc_collate                           - Undefined Weak Reference
    _get_lc_ctype                             - Undefined Weak Reference
    _get_lc_monetary                          - Undefined Weak Reference
    _get_lc_numeric                           - Undefined Weak Reference
    _get_lc_time                              - Undefined Weak Reference
    _getenv_init                              - Undefined Weak Reference
    _handle_redirection                       - Undefined Weak Reference
    _init_alloc                               - Undefined Weak Reference
    _init_user_alloc                          - Undefined Weak Reference
    _initio                                   - Undefined Weak Reference
    _mutex_acquire                            - Undefined Weak Reference
    _mutex_release                            - Undefined Weak Reference
    _printf_mbtowc                            - Undefined Weak Reference
    _printf_post_padding                      - Undefined Weak Reference
    _printf_pre_padding                       - Undefined Weak Reference
    _printf_truncate_signed                   - Undefined Weak Reference
    _printf_truncate_unsigned                 - Undefined Weak Reference
    _rand_init                                - Undefined Weak Reference
    _signal_finish                            - Undefined Weak Reference
    _signal_init                              - Undefined Weak Reference
    _terminate_alloc                          - Undefined Weak Reference
    _terminate_user_alloc                     - Undefined Weak Reference
    _terminateio                              - Undefined Weak Reference
    __Vectors_Size                           0x00000130   Number         0  startup_stm32f103xe.o ABSOLUTE
    __Vectors                                0x08000000   Data           4  startup_stm32f103xe.o(RESET)
    __Vectors_End                            0x08000130   Data           0  startup_stm32f103xe.o(RESET)
    __main                                   0x08000131   Thumb Code     8  __main.o(!!!main)
    __scatterload                            0x08000139   Thumb Code     0  __scatter.o(!!!scatter)
    __scatterload_rt2                        0x08000139   Thumb Code    44  __scatter.o(!!!scatter)
    __scatterload_rt2_thumb_only             0x08000139   Thumb Code     0  __scatter.o(!!!scatter)
    __scatterload_null                       0x08000147   Thumb Code     0  __scatter.o(!!!scatter)
    __scatterload_copy                       0x0800016d   Thumb Code    26  __scatter_copy.o(!!handler_copy)
    __scatterload_zeroinit                   0x08000189   Thumb Code    28  __scatter_zi.o(!!handler_zi)
    _printf_d                                0x080001a5   Thumb Code     0  _printf_d.o(.ARM.Collect$$_printf_percent$$00000009)
    _printf_percent                          0x080001a5   Thumb Code     0  _printf_percent.o(.ARM.Collect$$_printf_percent$$00000000)
    _printf_s                                0x080001ab   Thumb Code     0  _printf_s.o(.ARM.Collect$$_printf_percent$$00000014)
    _printf_percent_end                      0x080001b1   Thumb Code     0  _printf_percent_end.o(.ARM.Collect$$_printf_percent$$00000017)
    __rt_lib_init                            0x080001b5   Thumb Code     0  libinit.o(.ARM.Collect$$libinit$$00000000)
    __rt_lib_init_alloca_1                   0x080001b7   Thumb Code     0  libinit2.o(.ARM.Collect$$libinit$$0000002E)
    __rt_lib_init_argv_1                     0x080001b7   Thumb Code     0  libinit2.o(.ARM.Collect$$libinit$$0000002C)
    __rt_lib_init_atexit_1                   0x080001b7   Thumb Code     0  libinit2.o(.ARM.Collect$$libinit$$0000001B)
    __rt_lib_init_clock_1                    0x080001b7   Thumb Code     0  libinit2.o(.ARM.Collect$$libinit$$00000021)
    __rt_lib_init_cpp_1                      0x080001b7   Thumb Code     0  libinit2.o(.ARM.Collect$$libinit$$00000032)
    __rt_lib_init_exceptions_1               0x080001b7   Thumb Code     0  libinit2.o(.ARM.Collect$$libinit$$00000030)
    __rt_lib_init_fp_1                       0x080001b7   Thumb Code     0  libinit2.o(.ARM.Collect$$libinit$$00000002)
    __rt_lib_init_fp_trap_1                  0x080001b7   Thumb Code     0  libinit2.o(.ARM.Collect$$libinit$$0000001F)
    __rt_lib_init_getenv_1                   0x080001b7   Thumb Code     0  libinit2.o(.ARM.Collect$$libinit$$00000023)
    __rt_lib_init_heap_1                     0x080001b7   Thumb Code     0  libinit2.o(.ARM.Collect$$libinit$$0000000A)
    __rt_lib_init_lc_collate_1               0x080001b7   Thumb Code     0  libinit2.o(.ARM.Collect$$libinit$$00000011)
    __rt_lib_init_lc_ctype_1                 0x080001b7   Thumb Code     0  libinit2.o(.ARM.Collect$$libinit$$00000013)
    __rt_lib_init_lc_monetary_1              0x080001b7   Thumb Code     0  libinit2.o(.ARM.Collect$$libinit$$00000015)
    __rt_lib_init_lc_numeric_1               0x080001b7   Thumb Code     0  libinit2.o(.ARM.Collect$$libinit$$00000017)
    __rt_lib_init_lc_time_1                  0x080001b7   Thumb Code     0  libinit2.o(.ARM.Collect$$libinit$$00000019)
    __rt_lib_init_preinit_1                  0x080001b7   Thumb Code     0  libinit2.o(.ARM.Collect$$libinit$$00000004)
    __rt_lib_init_rand_1                     0x080001b7   Thumb Code     0  libinit2.o(.ARM.Collect$$libinit$$0000000E)
    __rt_lib_init_return                     0x080001b7   Thumb Code     0  libinit2.o(.ARM.Collect$$libinit$$00000033)
    __rt_lib_init_signal_1                   0x080001b7   Thumb Code     0  libinit2.o(.ARM.Collect$$libinit$$0000001D)
    __rt_lib_init_stdio_1                    0x080001b7   Thumb Code     0  libinit2.o(.ARM.Collect$$libinit$$00000025)
    __rt_lib_init_user_alloc_1               0x080001b7   Thumb Code     0  libinit2.o(.ARM.Collect$$libinit$$0000000C)
    __rt_lib_shutdown                        0x080001b9   Thumb Code     0  libshutdown.o(.ARM.Collect$$libshutdown$$00000000)
    __rt_lib_shutdown_cpp_1                  0x080001bb   Thumb Code     0  libshutdown2.o(.ARM.Collect$$libshutdown$$00000002)
    __rt_lib_shutdown_fp_trap_1              0x080001bb   Thumb Code     0  libshutdown2.o(.ARM.Collect$$libshutdown$$00000007)
    __rt_lib_shutdown_heap_1                 0x080001bb   Thumb Code     0  libshutdown2.o(.ARM.Collect$$libshutdown$$0000000F)
    __rt_lib_shutdown_return                 0x080001bb   Thumb Code     0  libshutdown2.o(.ARM.Collect$$libshutdown$$00000010)
    __rt_lib_shutdown_signal_1               0x080001bb   Thumb Code     0  libshutdown2.o(.ARM.Collect$$libshutdown$$0000000A)
    __rt_lib_shutdown_stdio_1                0x080001bb   Thumb Code     0  libshutdown2.o(.ARM.Collect$$libshutdown$$00000004)
    __rt_lib_shutdown_user_alloc_1           0x080001bb   Thumb Code     0  libshutdown2.o(.ARM.Collect$$libshutdown$$0000000C)
    __rt_entry                               0x080001bd   Thumb Code     0  __rtentry.o(.ARM.Collect$$rtentry$$00000000)
    __rt_entry_presh_1                       0x080001bd   Thumb Code     0  __rtentry2.o(.ARM.Collect$$rtentry$$00000002)
    __rt_entry_sh                            0x080001bd   Thumb Code     0  __rtentry4.o(.ARM.Collect$$rtentry$$00000004)
    __rt_entry_li                            0x080001c3   Thumb Code     0  __rtentry2.o(.ARM.Collect$$rtentry$$0000000A)
    __rt_entry_postsh_1                      0x080001c3   Thumb Code     0  __rtentry2.o(.ARM.Collect$$rtentry$$00000009)
    __rt_entry_main                          0x080001c7   Thumb Code     0  __rtentry2.o(.ARM.Collect$$rtentry$$0000000D)
    __rt_entry_postli_1                      0x080001c7   Thumb Code     0  __rtentry2.o(.ARM.Collect$$rtentry$$0000000C)
    __rt_exit                                0x080001cf   Thumb Code     0  rtexit.o(.ARM.Collect$$rtexit$$00000000)
    __rt_exit_ls                             0x080001d1   Thumb Code     0  rtexit2.o(.ARM.Collect$$rtexit$$00000003)
    __rt_exit_prels_1                        0x080001d1   Thumb Code     0  rtexit2.o(.ARM.Collect$$rtexit$$00000002)
    __rt_exit_exit                           0x080001d5   Thumb Code     0  rtexit2.o(.ARM.Collect$$rtexit$$00000004)
    SVC_Handler                              0x080001dd   Thumb Code    32  port.o(.emb_text)
    __asm___6_port_c_39a90d8d__prvStartFirstTask 0x08000201   Thumb Code    28  port.o(.emb_text)
    PendSV_Handler                           0x08000221   Thumb Code    72  port.o(.emb_text)
    vPortGetIPSR                             0x0800026d   Thumb Code     6  port.o(.emb_text)
    Reset_Handler                            0x08000275   Thumb Code     8  startup_stm32f103xe.o(.text)
    ADC1_2_IRQHandler                        0x0800028f   Thumb Code     0  startup_stm32f103xe.o(.text)
    ADC3_IRQHandler                          0x0800028f   Thumb Code     0  startup_stm32f103xe.o(.text)
    CAN1_RX1_IRQHandler                      0x0800028f   Thumb Code     0  startup_stm32f103xe.o(.text)
    CAN1_SCE_IRQHandler                      0x0800028f   Thumb Code     0  startup_stm32f103xe.o(.text)
    DMA1_Channel1_IRQHandler                 0x0800028f   Thumb Code     0  startup_stm32f103xe.o(.text)
    DMA1_Channel2_IRQHandler                 0x0800028f   Thumb Code     0  startup_stm32f103xe.o(.text)
    DMA1_Channel3_IRQHandler                 0x0800028f   Thumb Code     0  startup_stm32f103xe.o(.text)
    DMA1_Channel4_IRQHandler                 0x0800028f   Thumb Code     0  startup_stm32f103xe.o(.text)
    DMA1_Channel5_IRQHandler                 0x0800028f   Thumb Code     0  startup_stm32f103xe.o(.text)
    DMA1_Channel6_IRQHandler                 0x0800028f   Thumb Code     0  startup_stm32f103xe.o(.text)
    DMA1_Channel7_IRQHandler                 0x0800028f   Thumb Code     0  startup_stm32f103xe.o(.text)
    DMA2_Channel1_IRQHandler                 0x0800028f   Thumb Code     0  startup_stm32f103xe.o(.text)
    DMA2_Channel2_IRQHandler                 0x0800028f   Thumb Code     0  startup_stm32f103xe.o(.text)
    DMA2_Channel3_IRQHandler                 0x0800028f   Thumb Code     0  startup_stm32f103xe.o(.text)
    DMA2_Channel4_5_IRQHandler               0x0800028f   Thumb Code     0  startup_stm32f103xe.o(.text)
    EXTI0_IRQHandler                         0x0800028f   Thumb Code     0  startup_stm32f103xe.o(.text)
    EXTI15_10_IRQHandler                     0x0800028f   Thumb Code     0  startup_stm32f103xe.o(.text)
    EXTI1_IRQHandler                         0x0800028f   Thumb Code     0  startup_stm32f103xe.o(.text)
    EXTI2_IRQHandler                         0x0800028f   Thumb Code     0  startup_stm32f103xe.o(.text)
    EXTI3_IRQHandler                         0x0800028f   Thumb Code     0  startup_stm32f103xe.o(.text)
    EXTI4_IRQHandler                         0x0800028f   Thumb Code     0  startup_stm32f103xe.o(.text)
    EXTI9_5_IRQHandler                       0x0800028f   Thumb Code     0  startup_stm32f103xe.o(.text)
    FLASH_IRQHandler                         0x0800028f   Thumb Code     0  startup_stm32f103xe.o(.text)
    FSMC_IRQHandler                          0x0800028f   Thumb Code     0  startup_stm32f103xe.o(.text)
    I2C1_ER_IRQHandler                       0x0800028f   Thumb Code     0  startup_stm32f103xe.o(.text)
    I2C1_EV_IRQHandler                       0x0800028f   Thumb Code     0  startup_stm32f103xe.o(.text)
    I2C2_ER_IRQHandler                       0x0800028f   Thumb Code     0  startup_stm32f103xe.o(.text)
    I2C2_EV_IRQHandler                       0x0800028f   Thumb Code     0  startup_stm32f103xe.o(.text)
    PVD_IRQHandler                           0x0800028f   Thumb Code     0  startup_stm32f103xe.o(.text)
    RCC_IRQHandler                           0x0800028f   Thumb Code     0  startup_stm32f103xe.o(.text)
    RTC_Alarm_IRQHandler                     0x0800028f   Thumb Code     0  startup_stm32f103xe.o(.text)
    RTC_IRQHandler                           0x0800028f   Thumb Code     0  startup_stm32f103xe.o(.text)
    SDIO_IRQHandler                          0x0800028f   Thumb Code     0  startup_stm32f103xe.o(.text)
    SPI1_IRQHandler                          0x0800028f   Thumb Code     0  startup_stm32f103xe.o(.text)
    SPI2_IRQHandler                          0x0800028f   Thumb Code     0  startup_stm32f103xe.o(.text)
    SPI3_IRQHandler                          0x0800028f   Thumb Code     0  startup_stm32f103xe.o(.text)
    TAMPER_IRQHandler                        0x0800028f   Thumb Code     0  startup_stm32f103xe.o(.text)
    TIM1_BRK_IRQHandler                      0x0800028f   Thumb Code     0  startup_stm32f103xe.o(.text)
    TIM1_CC_IRQHandler                       0x0800028f   Thumb Code     0  startup_stm32f103xe.o(.text)
    TIM1_TRG_COM_IRQHandler                  0x0800028f   Thumb Code     0  startup_stm32f103xe.o(.text)
    TIM1_UP_IRQHandler                       0x0800028f   Thumb Code     0  startup_stm32f103xe.o(.text)
    TIM2_IRQHandler                          0x0800028f   Thumb Code     0  startup_stm32f103xe.o(.text)
    TIM3_IRQHandler                          0x0800028f   Thumb Code     0  startup_stm32f103xe.o(.text)
    TIM4_IRQHandler                          0x0800028f   Thumb Code     0  startup_stm32f103xe.o(.text)
    TIM5_IRQHandler                          0x0800028f   Thumb Code     0  startup_stm32f103xe.o(.text)
    TIM7_IRQHandler                          0x0800028f   Thumb Code     0  startup_stm32f103xe.o(.text)
    TIM8_BRK_IRQHandler                      0x0800028f   Thumb Code     0  startup_stm32f103xe.o(.text)
    TIM8_CC_IRQHandler                       0x0800028f   Thumb Code     0  startup_stm32f103xe.o(.text)
    TIM8_TRG_COM_IRQHandler                  0x0800028f   Thumb Code     0  startup_stm32f103xe.o(.text)
    TIM8_UP_IRQHandler                       0x0800028f   Thumb Code     0  startup_stm32f103xe.o(.text)
    UART4_IRQHandler                         0x0800028f   Thumb Code     0  startup_stm32f103xe.o(.text)
    UART5_IRQHandler                         0x0800028f   Thumb Code     0  startup_stm32f103xe.o(.text)
    USART2_IRQHandler                        0x0800028f   Thumb Code     0  startup_stm32f103xe.o(.text)
    USART3_IRQHandler                        0x0800028f   Thumb Code     0  startup_stm32f103xe.o(.text)
    USBWakeUp_IRQHandler                     0x0800028f   Thumb Code     0  startup_stm32f103xe.o(.text)
    USB_HP_CAN1_TX_IRQHandler                0x0800028f   Thumb Code     0  startup_stm32f103xe.o(.text)
    USB_LP_CAN1_RX0_IRQHandler               0x0800028f   Thumb Code     0  startup_stm32f103xe.o(.text)
    WWDG_IRQHandler                          0x0800028f   Thumb Code     0  startup_stm32f103xe.o(.text)
    __user_initial_stackheap                 0x08000291   Thumb Code     0  startup_stm32f103xe.o(.text)
    __use_no_semihosting                     0x080002b5   Thumb Code     2  use_no_semi_2.o(.text)
    __2printf                                0x080002b9   Thumb Code    20  __2printf.o(.text)
    __printf                                 0x080002d1   Thumb Code   104  __printf.o(.text)
    _printf_str                              0x08000339   Thumb Code    82  _printf_str.o(.text)
    _printf_int_dec                          0x0800038d   Thumb Code   104  _printf_dec.o(.text)
    __aeabi_memcpy                           0x08000405   Thumb Code     0  rt_memcpy_v6.o(.text)
    __rt_memcpy                              0x08000405   Thumb Code   138  rt_memcpy_v6.o(.text)
    _memcpy_lastbytes                        0x0800046b   Thumb Code     0  rt_memcpy_v6.o(.text)
    __aeabi_memset                           0x0800048f   Thumb Code    16  aeabi_memset.o(.text)
    __aeabi_memclr                           0x0800049f   Thumb Code     0  rt_memclr.o(.text)
    __rt_memclr                              0x0800049f   Thumb Code    68  rt_memclr.o(.text)
    _memset                                  0x080004a3   Thumb Code     0  rt_memclr.o(.text)
    __aeabi_memclr4                          0x080004e3   Thumb Code     0  rt_memclr_w.o(.text)
    __aeabi_memclr8                          0x080004e3   Thumb Code     0  rt_memclr_w.o(.text)
    __rt_memclr_w                            0x080004e3   Thumb Code    78  rt_memclr_w.o(.text)
    _memset_w                                0x080004e7   Thumb Code     0  rt_memclr_w.o(.text)
    __use_two_region_memory                  0x08000531   Thumb Code     2  heapauxi.o(.text)
    __rt_heap_escrow$2region                 0x08000533   Thumb Code     2  heapauxi.o(.text)
    __rt_heap_expand$2region                 0x08000535   Thumb Code     2  heapauxi.o(.text)
    __semihosting$guard                      0x08000537   Thumb Code     0  use_no_semi.o(.text)
    __use_no_semihosting_swi                 0x08000537   Thumb Code     2  use_no_semi.o(.text)
    _printf_int_common                       0x08000539   Thumb Code   178  _printf_intcommon.o(.text)
    _printf_char_common                      0x080005f7   Thumb Code    32  _printf_char_common.o(.text)
    _printf_cs_common                        0x0800061d   Thumb Code    20  _printf_char.o(.text)
    _printf_char                             0x08000631   Thumb Code    16  _printf_char.o(.text)
    _printf_string                           0x08000641   Thumb Code     8  _printf_char.o(.text)
    _printf_char_file                        0x08000649   Thumb Code    32  _printf_char_file.o(.text)
    __aeabi_memcpy4                          0x0800066d   Thumb Code     0  rt_memcpy_w.o(.text)
    __aeabi_memcpy8                          0x0800066d   Thumb Code     0  rt_memcpy_w.o(.text)
    __rt_memcpy_w                            0x0800066d   Thumb Code   100  rt_memcpy_w.o(.text)
    _memcpy_lastbytes_aligned                0x080006b5   Thumb Code     0  rt_memcpy_w.o(.text)
    ferror                                   0x080006d1   Thumb Code     8  ferror.o(.text)
    __user_setup_stackheap                   0x080006d9   Thumb Code    74  sys_stackheap_outer.o(.text)
    exit                                     0x08000723   Thumb Code    18  exit.o(.text)
    __user_libspace                          0x08000735   Thumb Code     8  libspace.o(.text)
    __user_perproc_libspace                  0x08000735   Thumb Code     0  libspace.o(.text)
    __user_perthread_libspace                0x08000735   Thumb Code     0  libspace.o(.text)
    BusFault_Handler                         0x0800073d   Thumb Code     4  stm32f1xx_it.o(i.BusFault_Handler)
    DebugMon_Handler                         0x08000741   Thumb Code     2  stm32f1xx_it.o(i.DebugMon_Handler)
    HAL_DMA_Abort_IT                         0x08000745   Thumb Code   414  stm32f1xx_hal_dma.o(i.HAL_DMA_Abort_IT)
    HAL_GPIO_Init                            0x080008ed   Thumb Code   792  stm32f1xx_hal_gpio.o(i.HAL_GPIO_Init)
    HAL_GPIO_TogglePin                       0x08000c2d   Thumb Code    20  stm32f1xx_hal_gpio.o(i.HAL_GPIO_TogglePin)
    HAL_GPIO_WritePin                        0x08000c41   Thumb Code    12  stm32f1xx_hal_gpio.o(i.HAL_GPIO_WritePin)
    HAL_GetTick                              0x08000c4d   Thumb Code     6  stm32f1xx_hal.o(i.HAL_GetTick)
    HAL_IncTick                              0x08000c59   Thumb Code    16  stm32f1xx_hal.o(i.HAL_IncTick)
    HAL_Init                                 0x08000c71   Thumb Code    34  stm32f1xx_hal.o(i.HAL_Init)
    HAL_InitTick                             0x08000c99   Thumb Code    64  stm32f1xx_hal.o(i.HAL_InitTick)
    HAL_MspInit                              0x08000ce5   Thumb Code     2  stm32f1xx_hal.o(i.HAL_MspInit)
    HAL_NVIC_EnableIRQ                       0x08000ce7   Thumb Code    32  stm32f1xx_hal_cortex.o(i.HAL_NVIC_EnableIRQ)
    HAL_NVIC_SetPriority                     0x08000d07   Thumb Code   124  stm32f1xx_hal_cortex.o(i.HAL_NVIC_SetPriority)
    HAL_NVIC_SetPriorityGrouping             0x08000d85   Thumb Code    32  stm32f1xx_hal_cortex.o(i.HAL_NVIC_SetPriorityGrouping)
    HAL_RCC_ClockConfig                      0x08000dad   Thumb Code   376  stm32f1xx_hal_rcc.o(i.HAL_RCC_ClockConfig)
    HAL_RCC_GetHCLKFreq                      0x08000f39   Thumb Code     6  stm32f1xx_hal_rcc.o(i.HAL_RCC_GetHCLKFreq)
    HAL_RCC_GetPCLK1Freq                     0x08000f45   Thumb Code    22  stm32f1xx_hal_rcc.o(i.HAL_RCC_GetPCLK1Freq)
    HAL_RCC_GetPCLK2Freq                     0x08000f65   Thumb Code    22  stm32f1xx_hal_rcc.o(i.HAL_RCC_GetPCLK2Freq)
    HAL_RCC_GetSysClockFreq                  0x08000f85   Thumb Code   116  stm32f1xx_hal_rcc.o(i.HAL_RCC_GetSysClockFreq)
    HAL_RCC_OscConfig                        0x08001019   Thumb Code  1114  stm32f1xx_hal_rcc.o(i.HAL_RCC_OscConfig)
    HAL_SPI_Init                             0x0800147d   Thumb Code   212  stm32f1xx_hal_spi.o(i.HAL_SPI_Init)
    HAL_SPI_MspInit                          0x08001551   Thumb Code   270  spi.o(i.HAL_SPI_MspInit)
    HAL_SPI_TransmitReceive                  0x08001675   Thumb Code   750  stm32f1xx_hal_spi.o(i.HAL_SPI_TransmitReceive)
    HAL_SYSTICK_CLKSourceConfig              0x08001963   Thumb Code    40  stm32f1xx_hal_cortex.o(i.HAL_SYSTICK_CLKSourceConfig)
    HAL_SYSTICK_Config                       0x0800198b   Thumb Code    52  stm32f1xx_hal_cortex.o(i.HAL_SYSTICK_Config)
    HAL_TIMEx_BreakCallback                  0x080019bf   Thumb Code     2  stm32f1xx_hal_tim_ex.o(i.HAL_TIMEx_BreakCallback)
    HAL_TIMEx_CommutCallback                 0x080019c1   Thumb Code     2  stm32f1xx_hal_tim_ex.o(i.HAL_TIMEx_CommutCallback)
    HAL_TIM_IC_CaptureCallback               0x080019c3   Thumb Code     2  stm32f1xx_hal_tim.o(i.HAL_TIM_IC_CaptureCallback)
    HAL_TIM_IRQHandler                       0x080019c5   Thumb Code   406  stm32f1xx_hal_tim.o(i.HAL_TIM_IRQHandler)
    HAL_TIM_OC_DelayElapsedCallback          0x08001b5b   Thumb Code     2  stm32f1xx_hal_tim.o(i.HAL_TIM_OC_DelayElapsedCallback)
    HAL_TIM_PWM_PulseFinishedCallback        0x08001b5d   Thumb Code     2  stm32f1xx_hal_tim.o(i.HAL_TIM_PWM_PulseFinishedCallback)
    HAL_TIM_PeriodElapsedCallback            0x08001b61   Thumb Code    22  btim.o(i.HAL_TIM_PeriodElapsedCallback)
    HAL_TIM_TriggerCallback                  0x08001b81   Thumb Code     2  stm32f1xx_hal_tim.o(i.HAL_TIM_TriggerCallback)
    HAL_UART_ErrorCallback                   0x08001b83   Thumb Code     2  stm32f1xx_hal_uart.o(i.HAL_UART_ErrorCallback)
    HAL_UART_IRQHandler                      0x08001b85   Thumb Code   334  stm32f1xx_hal_uart.o(i.HAL_UART_IRQHandler)
    HAL_UART_Init                            0x08001cd9   Thumb Code   114  stm32f1xx_hal_uart.o(i.HAL_UART_Init)
    HAL_UART_MspInit                         0x08001d4d   Thumb Code   168  usart.o(i.HAL_UART_MspInit)
    HAL_UART_Receive_IT                      0x08001e01   Thumb Code   112  stm32f1xx_hal_uart.o(i.HAL_UART_Receive_IT)
    HAL_UART_RxCpltCallback                  0x08001e71   Thumb Code   120  usart.o(i.HAL_UART_RxCpltCallback)
    HAL_UART_TxCpltCallback                  0x08001ef9   Thumb Code     2  stm32f1xx_hal_uart.o(i.HAL_UART_TxCpltCallback)
    HardFault_Handler                        0x08001efb   Thumb Code     4  stm32f1xx_it.o(i.HardFault_Handler)
    MemManage_Handler                        0x08001eff   Thumb Code     4  stm32f1xx_it.o(i.MemManage_Handler)
    NMI_Handler                              0x08001f03   Thumb Code     2  stm32f1xx_it.o(i.NMI_Handler)
    SPI_ISCRCErrorValid                      0x08001f55   Thumb Code     6  stm32f1xx_hal_spi.o(i.SPI_ISCRCErrorValid)
    SysTick_Handler                          0x08002035   Thumb Code    20  delay.o(i.SysTick_Handler)
    SystemCoreClockUpdate                    0x08002049   Thumb Code   142  system_stm32f1xx.o(i.SystemCoreClockUpdate)
    SystemInit                               0x080020ed   Thumb Code     2  system_stm32f1xx.o(i.SystemInit)
    TIM6_IRQHandler                          0x080020f1   Thumb Code    10  btim.o(i.TIM6_IRQHandler)
    USART1_IRQHandler                        0x08002351   Thumb Code    26  usart.o(i.USART1_IRQHandler)
    UsageFault_Handler                       0x08002375   Thumb Code     4  stm32f1xx_it.o(i.UsageFault_Handler)
    WIZCHIP_READ                             0x08002379   Thumb Code   112  w5500.o(i.WIZCHIP_READ)
    WIZCHIP_READ_BUF                         0x080023ed   Thumb Code   136  w5500.o(i.WIZCHIP_READ_BUF)
    WIZCHIP_WRITE                            0x08002479   Thumb Code   112  w5500.o(i.WIZCHIP_WRITE)
    WIZCHIP_WRITE_BUF                        0x080024ed   Thumb Code   132  w5500.o(i.WIZCHIP_WRITE_BUF)
    _sys_exit                                0x080025ad   Thumb Code     4  usart.o(i._sys_exit)
    delay_init                               0x080025b1   Thumb Code    74  delay.o(i.delay_init)
    delay_ms                                 0x08002601   Thumb Code    24  delay.o(i.delay_ms)
    delay_us                                 0x08002619   Thumb Code    68  delay.o(i.delay_us)
    eTaskConfirmSleepModeStatus              0x08002661   Thumb Code    52  tasks.o(i.eTaskConfirmSleepModeStatus)
    fputc                                    0x080026a9   Thumb Code    24  usart.o(i.fputc)
    freertos_demo                            0x080026c5   Thumb Code    28  freertos_demo.o(i.freertos_demo)
    key_init                                 0x080026f5   Thumb Code   172  key.o(i.key_init)
    led_init                                 0x080027ad   Thumb Code   132  led.o(i.led_init)
    main                                     0x0800283d   Thumb Code   100  main.o(i.main)
    pvPortMalloc                             0x08003611   Thumb Code   412  heap_4.o(i.pvPortMalloc)
    pxPortInitialiseStack                    0x08003805   Thumb Code    30  port.o(i.pxPortInitialiseStack)
    reg_wizchip_cris_cbfunc                  0x08003829   Thumb Code    26  wizchip_conf.o(i.reg_wizchip_cris_cbfunc)
    reg_wizchip_cs_cbfunc                    0x08003851   Thumb Code    26  wizchip_conf.o(i.reg_wizchip_cs_cbfunc)
    reg_wizchip_spi_cbfunc                   0x08003879   Thumb Code    40  wizchip_conf.o(i.reg_wizchip_spi_cbfunc)
    reg_wizchip_spiburst_cbfunc              0x080038ad   Thumb Code    38  wizchip_conf.o(i.reg_wizchip_spiburst_cbfunc)
    spi2_init                                0x080038e1   Thumb Code    76  spi.o(i.spi2_init)
    spi2_set_speed                           0x08003935   Thumb Code    68  spi.o(i.spi2_set_speed)
    spi2_write_read_byte                     0x0800397d   Thumb Code    28  spi.o(i.spi2_write_read_byte)
    start_task                               0x0800399d   Thumb Code    40  freertos_demo.o(i.start_task)
    sys_stm32_clock_init                     0x080039f9   Thumb Code   196  sys.o(i.sys_stm32_clock_init)
    task1                                    0x08003ac5   Thumb Code     2  freertos_demo.o(i.task1)
    usart_init                               0x08003ac9   Thumb Code    44  usart.o(i.usart_init)
    uxListRemove                             0x08003b01   Thumb Code    40  list.o(i.uxListRemove)
    uxTaskGetNumberOfTasks                   0x08003b29   Thumb Code     6  tasks.o(i.uxTaskGetNumberOfTasks)
    vListInitialise                          0x08003b35   Thumb Code    26  list.o(i.vListInitialise)
    vListInitialiseItem                      0x08003b4f   Thumb Code     6  list.o(i.vListInitialiseItem)
    vListInsert                              0x08003b55   Thumb Code    52  list.o(i.vListInsert)
    vListInsertEnd                           0x08003b89   Thumb Code    24  list.o(i.vListInsertEnd)
    vPortEnterCritical                       0x08003ba1   Thumb Code    68  port.o(i.vPortEnterCritical)
    vPortExitCritical                        0x08003c29   Thumb Code    48  port.o(i.vPortExitCritical)
    vPortFree                                0x08003c99   Thumb Code   144  heap_4.o(i.vPortFree)
    vPortSetupTimerInterrupt                 0x08003d75   Thumb Code    96  port.o(i.vPortSetupTimerInterrupt)
    vPortSuppressTicksAndSleep               0x08003de5   Thumb Code   336  port.o(i.vPortSuppressTicksAndSleep)
    vQueueAddToRegistry                      0x08003f45   Thumb Code    84  queue.o(i.vQueueAddToRegistry)
    vQueueWaitForMessageRestricted           0x08003fc5   Thumb Code    74  queue.o(i.vQueueWaitForMessageRestricted)
    vTaskDelete                              0x08004011   Thumb Code   224  tasks.o(i.vTaskDelete)
    vTaskInternalSetTimeOutState             0x08004141   Thumb Code    14  tasks.o(i.vTaskInternalSetTimeOutState)
    vTaskMissedYield                         0x08004159   Thumb Code     8  tasks.o(i.vTaskMissedYield)
    vTaskPlaceOnEventList                    0x08004165   Thumb Code    42  tasks.o(i.vTaskPlaceOnEventList)
    vTaskPlaceOnEventListRestricted          0x080041bd   Thumb Code    88  tasks.o(i.vTaskPlaceOnEventListRestricted)
    vTaskStartScheduler                      0x08004241   Thumb Code    96  tasks.o(i.vTaskStartScheduler)
    vTaskStepTick                            0x080042d9   Thumb Code   126  tasks.o(i.vTaskStepTick)
    vTaskSuspendAll                          0x08004391   Thumb Code    12  tasks.o(i.vTaskSuspendAll)
    vTaskSwitchContext                       0x080043a1   Thumb Code   118  tasks.o(i.vTaskSwitchContext)
    w5500_get_link_status                    0x0800448d   Thumb Code    16  w5500_port.o(i.w5500_get_link_status)
    w5500_hardware_reset                     0x0800449d   Thumb Code    38  w5500_port.o(i.w5500_hardware_reset)
    w5500_init                               0x080044c9   Thumb Code   258  w5500_port.o(i.w5500_init)
    w5500_register_callbacks                 0x080045cd   Thumb Code    36  w5500_port.o(i.w5500_register_callbacks)
    wizchip_bus_readdata                     0x0800465d   Thumb Code     6  wizchip_conf.o(i.wizchip_bus_readdata)
    wizchip_bus_writedata                    0x08004663   Thumb Code     4  wizchip_conf.o(i.wizchip_bus_writedata)
    wizchip_cris_enter                       0x08004667   Thumb Code     2  wizchip_conf.o(i.wizchip_cris_enter)
    wizchip_cris_exit                        0x08004669   Thumb Code     2  wizchip_conf.o(i.wizchip_cris_exit)
    wizchip_cs_deselect                      0x0800466b   Thumb Code     2  wizchip_conf.o(i.wizchip_cs_deselect)
    wizchip_cs_select                        0x0800466d   Thumb Code     2  wizchip_conf.o(i.wizchip_cs_select)
    wizchip_init                             0x0800466f   Thumb Code   144  wizchip_conf.o(i.wizchip_init)
    wizchip_setnetinfo                       0x08004701   Thumb Code    80  wizchip_conf.o(i.wizchip_setnetinfo)
    wizchip_spi_readburst                    0x08004759   Thumb Code    30  wizchip_conf.o(i.wizchip_spi_readburst)
    wizchip_spi_readbyte                     0x0800477d   Thumb Code     4  wizchip_conf.o(i.wizchip_spi_readbyte)
    wizchip_spi_writeburst                   0x08004781   Thumb Code    30  wizchip_conf.o(i.wizchip_spi_writeburst)
    wizchip_spi_writebyte                    0x080047a5   Thumb Code     2  wizchip_conf.o(i.wizchip_spi_writebyte)
    wizchip_sw_reset                         0x080047a7   Thumb Code   114  wizchip_conf.o(i.wizchip_sw_reset)
    wizphy_getphylink                        0x08004819   Thumb Code    24  wizchip_conf.o(i.wizphy_getphylink)
    wizphy_getphystat                        0x08004831   Thumb Code    28  wizchip_conf.o(i.wizphy_getphystat)
    wizphy_reset                             0x0800484d   Thumb Code    52  wizchip_conf.o(i.wizphy_reset)
    wizphy_setphyconf                        0x08004881   Thumb Code    88  wizchip_conf.o(i.wizphy_setphyconf)
    xPortStartScheduler                      0x080048d9   Thumb Code   208  port.o(i.xPortStartScheduler)
    xPortSysTickHandler                      0x080049f9   Thumb Code    46  port.o(i.xPortSysTickHandler)
    xQueueGenericCreate                      0x08004a2d   Thumb Code    92  queue.o(i.xQueueGenericCreate)
    xQueueGenericReset                       0x08004ab1   Thumb Code   194  queue.o(i.xQueueGenericReset)
    xQueueReceive                            0x08004ba1   Thumb Code   326  queue.o(i.xQueueReceive)
    xTaskCheckForTimeOut                     0x08004d15   Thumb Code   140  tasks.o(i.xTaskCheckForTimeOut)
    xTaskCreate                              0x08004dd5   Thumb Code    56  tasks.o(i.xTaskCreate)
    xTaskGetSchedulerState                   0x08004e0d   Thumb Code    24  tasks.o(i.xTaskGetSchedulerState)
    xTaskGetTickCount                        0x08004e2d   Thumb Code     6  tasks.o(i.xTaskGetTickCount)
    xTaskIncrementTick                       0x08004e39   Thumb Code   404  tasks.o(i.xTaskIncrementTick)
    xTaskPriorityDisinherit                  0x08005021   Thumb Code   214  tasks.o(i.xTaskPriorityDisinherit)
    xTaskRemoveFromEventList                 0x0800512d   Thumb Code   276  tasks.o(i.xTaskRemoveFromEventList)
    xTaskResumeAll                           0x08005281   Thumb Code   372  tasks.o(i.xTaskResumeAll)
    xTimerCreateTimerTask                    0x08005441   Thumb Code    56  timers.o(i.xTimerCreateTimerTask)
    AHBPrescTable                            0x080054b4   Data          16  system_stm32f1xx.o(.constdata)
    APBPrescTable                            0x080054c4   Data           8  system_stm32f1xx.o(.constdata)
    Region$$Table$$Base                      0x080055f4   Number         0  anon$$obj.o(Region$$Table)
    Region$$Table$$Limit                     0x08005614   Number         0  anon$$obj.o(Region$$Table)
    SystemCoreClock                          0x20000000   Data           4  system_stm32f1xx.o(.data)
    start_task_handler                       0x20000004   Data           4  freertos_demo.o(.data)
    task1_handler                            0x20000008   Data           4  freertos_demo.o(.data)
    __stdout                                 0x20000010   Data           4  usart.o(.data)
    g_usart_rx_sta                           0x20000014   Data           2  usart.o(.data)
    g_rx_buffer                              0x20000016   Data           1  usart.o(.data)
    uwTick                                   0x20000018   Data           4  stm32f1xx_hal.o(.data)
    uwTickPrio                               0x2000001c   Data           4  stm32f1xx_hal.o(.data)
    uwTickFreq                               0x20000020   Data           1  stm32f1xx_hal.o(.data)
    pxCurrentTCB                             0x20000024   Data           4  tasks.o(.data)
    WIZCHIP                                  0x200000ac   Data          44  wizchip_conf.o(.data)
    g_usart_rx_buf                           0x200000e0   Data         200  usart.o(.bss)
    g_uart1_handle                           0x200001a8   Data          64  usart.o(.bss)
    xQueueRegistry                           0x200004cc   Data          64  queue.o(.bss)
    g_btim_handle                            0x20002d34   Data          72  btim.o(.bss)
    g_spi_handle                             0x20002d7c   Data          88  spi.o(.bss)
    __libspace_start                         0x20002dd4   Data          96  libspace.o(.bss)
    __temporary_stack_top$libspace           0x20002e34   Data           0  libspace.o(.bss)



==============================================================================

Memory Map of the image

  Image Entry point : 0x08000131

  Load Region LR_IROM1 (Base: 0x08000000, Size: 0x000056f4, Max: 0x00080000, ABSOLUTE)

    Execution Region ER_IROM1 (Exec base: 0x08000000, Load base: 0x08000000, Size: 0x00005614, Max: 0x00080000, ABSOLUTE)

    Exec Addr    Load Addr    Size         Type   Attr      Idx    E Section Name        Object

    0x08000000   0x08000000   0x00000130   Data   RO            3    RESET               startup_stm32f103xe.o
    0x08000130   0x08000130   0x00000008   Code   RO         6415  * !!!main             c_w.l(__main.o)
    0x08000138   0x08000138   0x00000034   Code   RO         6586    !!!scatter          c_w.l(__scatter.o)
    0x0800016c   0x0800016c   0x0000001a   Code   RO         6588    !!handler_copy      c_w.l(__scatter_copy.o)
    0x08000186   0x08000186   0x00000002   PAD
    0x08000188   0x08000188   0x0000001c   Code   RO         6590    !!handler_zi        c_w.l(__scatter_zi.o)
    0x080001a4   0x080001a4   0x00000000   Code   RO         6398    .ARM.Collect$$_printf_percent$$00000000  c_w.l(_printf_percent.o)
    0x080001a4   0x080001a4   0x00000006   Code   RO         6396    .ARM.Collect$$_printf_percent$$00000009  c_w.l(_printf_d.o)
    0x080001aa   0x080001aa   0x00000006   Code   RO         6395    .ARM.Collect$$_printf_percent$$00000014  c_w.l(_printf_s.o)
    0x080001b0   0x080001b0   0x00000004   Code   RO         6432    .ARM.Collect$$_printf_percent$$00000017  c_w.l(_printf_percent_end.o)
    0x080001b4   0x080001b4   0x00000002   Code   RO         6465    .ARM.Collect$$libinit$$00000000  c_w.l(libinit.o)
    0x080001b6   0x080001b6   0x00000000   Code   RO         6472    .ARM.Collect$$libinit$$00000002  c_w.l(libinit2.o)
    0x080001b6   0x080001b6   0x00000000   Code   RO         6474    .ARM.Collect$$libinit$$00000004  c_w.l(libinit2.o)
    0x080001b6   0x080001b6   0x00000000   Code   RO         6477    .ARM.Collect$$libinit$$0000000A  c_w.l(libinit2.o)
    0x080001b6   0x080001b6   0x00000000   Code   RO         6479    .ARM.Collect$$libinit$$0000000C  c_w.l(libinit2.o)
    0x080001b6   0x080001b6   0x00000000   Code   RO         6481    .ARM.Collect$$libinit$$0000000E  c_w.l(libinit2.o)
    0x080001b6   0x080001b6   0x00000000   Code   RO         6484    .ARM.Collect$$libinit$$00000011  c_w.l(libinit2.o)
    0x080001b6   0x080001b6   0x00000000   Code   RO         6486    .ARM.Collect$$libinit$$00000013  c_w.l(libinit2.o)
    0x080001b6   0x080001b6   0x00000000   Code   RO         6488    .ARM.Collect$$libinit$$00000015  c_w.l(libinit2.o)
    0x080001b6   0x080001b6   0x00000000   Code   RO         6490    .ARM.Collect$$libinit$$00000017  c_w.l(libinit2.o)
    0x080001b6   0x080001b6   0x00000000   Code   RO         6492    .ARM.Collect$$libinit$$00000019  c_w.l(libinit2.o)
    0x080001b6   0x080001b6   0x00000000   Code   RO         6494    .ARM.Collect$$libinit$$0000001B  c_w.l(libinit2.o)
    0x080001b6   0x080001b6   0x00000000   Code   RO         6496    .ARM.Collect$$libinit$$0000001D  c_w.l(libinit2.o)
    0x080001b6   0x080001b6   0x00000000   Code   RO         6498    .ARM.Collect$$libinit$$0000001F  c_w.l(libinit2.o)
    0x080001b6   0x080001b6   0x00000000   Code   RO         6500    .ARM.Collect$$libinit$$00000021  c_w.l(libinit2.o)
    0x080001b6   0x080001b6   0x00000000   Code   RO         6502    .ARM.Collect$$libinit$$00000023  c_w.l(libinit2.o)
    0x080001b6   0x080001b6   0x00000000   Code   RO         6504    .ARM.Collect$$libinit$$00000025  c_w.l(libinit2.o)
    0x080001b6   0x080001b6   0x00000000   Code   RO         6508    .ARM.Collect$$libinit$$0000002C  c_w.l(libinit2.o)
    0x080001b6   0x080001b6   0x00000000   Code   RO         6510    .ARM.Collect$$libinit$$0000002E  c_w.l(libinit2.o)
    0x080001b6   0x080001b6   0x00000000   Code   RO         6512    .ARM.Collect$$libinit$$00000030  c_w.l(libinit2.o)
    0x080001b6   0x080001b6   0x00000000   Code   RO         6514    .ARM.Collect$$libinit$$00000032  c_w.l(libinit2.o)
    0x080001b6   0x080001b6   0x00000002   Code   RO         6515    .ARM.Collect$$libinit$$00000033  c_w.l(libinit2.o)
    0x080001b8   0x080001b8   0x00000002   Code   RO         6533    .ARM.Collect$$libshutdown$$00000000  c_w.l(libshutdown.o)
    0x080001ba   0x080001ba   0x00000000   Code   RO         6541    .ARM.Collect$$libshutdown$$00000002  c_w.l(libshutdown2.o)
    0x080001ba   0x080001ba   0x00000000   Code   RO         6543    .ARM.Collect$$libshutdown$$00000004  c_w.l(libshutdown2.o)
    0x080001ba   0x080001ba   0x00000000   Code   RO         6546    .ARM.Collect$$libshutdown$$00000007  c_w.l(libshutdown2.o)
    0x080001ba   0x080001ba   0x00000000   Code   RO         6549    .ARM.Collect$$libshutdown$$0000000A  c_w.l(libshutdown2.o)
    0x080001ba   0x080001ba   0x00000000   Code   RO         6551    .ARM.Collect$$libshutdown$$0000000C  c_w.l(libshutdown2.o)
    0x080001ba   0x080001ba   0x00000000   Code   RO         6554    .ARM.Collect$$libshutdown$$0000000F  c_w.l(libshutdown2.o)
    0x080001ba   0x080001ba   0x00000002   Code   RO         6555    .ARM.Collect$$libshutdown$$00000010  c_w.l(libshutdown2.o)
    0x080001bc   0x080001bc   0x00000000   Code   RO         6419    .ARM.Collect$$rtentry$$00000000  c_w.l(__rtentry.o)
    0x080001bc   0x080001bc   0x00000000   Code   RO         6436    .ARM.Collect$$rtentry$$00000002  c_w.l(__rtentry2.o)
    0x080001bc   0x080001bc   0x00000006   Code   RO         6448    .ARM.Collect$$rtentry$$00000004  c_w.l(__rtentry4.o)
    0x080001c2   0x080001c2   0x00000000   Code   RO         6438    .ARM.Collect$$rtentry$$00000009  c_w.l(__rtentry2.o)
    0x080001c2   0x080001c2   0x00000004   Code   RO         6439    .ARM.Collect$$rtentry$$0000000A  c_w.l(__rtentry2.o)
    0x080001c6   0x080001c6   0x00000000   Code   RO         6441    .ARM.Collect$$rtentry$$0000000C  c_w.l(__rtentry2.o)
    0x080001c6   0x080001c6   0x00000008   Code   RO         6442    .ARM.Collect$$rtentry$$0000000D  c_w.l(__rtentry2.o)
    0x080001ce   0x080001ce   0x00000002   Code   RO         6469    .ARM.Collect$$rtexit$$00000000  c_w.l(rtexit.o)
    0x080001d0   0x080001d0   0x00000000   Code   RO         6517    .ARM.Collect$$rtexit$$00000002  c_w.l(rtexit2.o)
    0x080001d0   0x080001d0   0x00000004   Code   RO         6518    .ARM.Collect$$rtexit$$00000003  c_w.l(rtexit2.o)
    0x080001d4   0x080001d4   0x00000006   Code   RO         6519    .ARM.Collect$$rtexit$$00000004  c_w.l(rtexit2.o)
    0x080001da   0x080001da   0x00000002   PAD
    0x080001dc   0x080001dc   0x00000096   Code   RO         5671    .emb_text           port.o
    0x08000272   0x08000272   0x00000002   PAD
    0x08000274   0x08000274   0x00000040   Code   RO            4    .text               startup_stm32f103xe.o
    0x080002b4   0x080002b4   0x00000002   Code   RO         6358    .text               c_w.l(use_no_semi_2.o)
    0x080002b6   0x080002b6   0x00000002   PAD
    0x080002b8   0x080002b8   0x00000018   Code   RO         6360    .text               c_w.l(__2printf.o)
    0x080002d0   0x080002d0   0x00000068   Code   RO         6368    .text               c_w.l(__printf.o)
    0x08000338   0x08000338   0x00000052   Code   RO         6370    .text               c_w.l(_printf_str.o)
    0x0800038a   0x0800038a   0x00000002   PAD
    0x0800038c   0x0800038c   0x00000078   Code   RO         6372    .text               c_w.l(_printf_dec.o)
    0x08000404   0x08000404   0x0000008a   Code   RO         6403    .text               c_w.l(rt_memcpy_v6.o)
    0x0800048e   0x0800048e   0x00000010   Code   RO         6407    .text               c_w.l(aeabi_memset.o)
    0x0800049e   0x0800049e   0x00000044   Code   RO         6409    .text               c_w.l(rt_memclr.o)
    0x080004e2   0x080004e2   0x0000004e   Code   RO         6411    .text               c_w.l(rt_memclr_w.o)
    0x08000530   0x08000530   0x00000006   Code   RO         6413    .text               c_w.l(heapauxi.o)
    0x08000536   0x08000536   0x00000002   Code   RO         6417    .text               c_w.l(use_no_semi.o)
    0x08000538   0x08000538   0x000000b2   Code   RO         6420    .text               c_w.l(_printf_intcommon.o)
    0x080005ea   0x080005ea   0x00000002   PAD
    0x080005ec   0x080005ec   0x00000030   Code   RO         6422    .text               c_w.l(_printf_char_common.o)
    0x0800061c   0x0800061c   0x0000002c   Code   RO         6428    .text               c_w.l(_printf_char.o)
    0x08000648   0x08000648   0x00000024   Code   RO         6430    .text               c_w.l(_printf_char_file.o)
    0x0800066c   0x0800066c   0x00000064   Code   RO         6433    .text               c_w.l(rt_memcpy_w.o)
    0x080006d0   0x080006d0   0x00000008   Code   RO         6452    .text               c_w.l(ferror.o)
    0x080006d8   0x080006d8   0x0000004a   Code   RO         6456    .text               c_w.l(sys_stackheap_outer.o)
    0x08000722   0x08000722   0x00000012   Code   RO         6458    .text               c_w.l(exit.o)
    0x08000734   0x08000734   0x00000008   Code   RO         6466    .text               c_w.l(libspace.o)
    0x0800073c   0x0800073c   0x00000004   Code   RO           13    i.BusFault_Handler  stm32f1xx_it.o
    0x08000740   0x08000740   0x00000002   Code   RO           14    i.DebugMon_Handler  stm32f1xx_it.o
    0x08000742   0x08000742   0x00000002   PAD
    0x08000744   0x08000744   0x000001a8   Code   RO         1716    i.HAL_DMA_Abort_IT  stm32f1xx_hal_dma.o
    0x080008ec   0x080008ec   0x00000340   Code   RO         1884    i.HAL_GPIO_Init     stm32f1xx_hal_gpio.o
    0x08000c2c   0x08000c2c   0x00000014   Code   RO         1887    i.HAL_GPIO_TogglePin  stm32f1xx_hal_gpio.o
    0x08000c40   0x08000c40   0x0000000c   Code   RO         1888    i.HAL_GPIO_WritePin  stm32f1xx_hal_gpio.o
    0x08000c4c   0x08000c4c   0x0000000c   Code   RO          865    i.HAL_GetTick       stm32f1xx_hal.o
    0x08000c58   0x08000c58   0x00000018   Code   RO          871    i.HAL_IncTick       stm32f1xx_hal.o
    0x08000c70   0x08000c70   0x00000028   Code   RO          872    i.HAL_Init          stm32f1xx_hal.o
    0x08000c98   0x08000c98   0x0000004c   Code   RO          873    i.HAL_InitTick      stm32f1xx_hal.o
    0x08000ce4   0x08000ce4   0x00000002   Code   RO          875    i.HAL_MspInit       stm32f1xx_hal.o
    0x08000ce6   0x08000ce6   0x00000020   Code   RO         1306    i.HAL_NVIC_EnableIRQ  stm32f1xx_hal_cortex.o
    0x08000d06   0x08000d06   0x0000007c   Code   RO         1312    i.HAL_NVIC_SetPriority  stm32f1xx_hal_cortex.o
    0x08000d82   0x08000d82   0x00000002   PAD
    0x08000d84   0x08000d84   0x00000028   Code   RO         1313    i.HAL_NVIC_SetPriorityGrouping  stm32f1xx_hal_cortex.o
    0x08000dac   0x08000dac   0x0000018c   Code   RO         2014    i.HAL_RCC_ClockConfig  stm32f1xx_hal_rcc.o
    0x08000f38   0x08000f38   0x0000000c   Code   RO         2019    i.HAL_RCC_GetHCLKFreq  stm32f1xx_hal_rcc.o
    0x08000f44   0x08000f44   0x00000020   Code   RO         2021    i.HAL_RCC_GetPCLK1Freq  stm32f1xx_hal_rcc.o
    0x08000f64   0x08000f64   0x00000020   Code   RO         2022    i.HAL_RCC_GetPCLK2Freq  stm32f1xx_hal_rcc.o
    0x08000f84   0x08000f84   0x00000094   Code   RO         2023    i.HAL_RCC_GetSysClockFreq  stm32f1xx_hal_rcc.o
    0x08001018   0x08001018   0x00000464   Code   RO         2026    i.HAL_RCC_OscConfig  stm32f1xx_hal_rcc.o
    0x0800147c   0x0800147c   0x000000d4   Code   RO         2167    i.HAL_SPI_Init      stm32f1xx_hal_spi.o
    0x08001550   0x08001550   0x00000124   Code   RO         6047    i.HAL_SPI_MspInit   spi.o
    0x08001674   0x08001674   0x000002ee   Code   RO         2176    i.HAL_SPI_TransmitReceive  stm32f1xx_hal_spi.o
    0x08001962   0x08001962   0x00000028   Code   RO         1315    i.HAL_SYSTICK_CLKSourceConfig  stm32f1xx_hal_cortex.o
    0x0800198a   0x0800198a   0x00000034   Code   RO         1317    i.HAL_SYSTICK_Config  stm32f1xx_hal_cortex.o
    0x080019be   0x080019be   0x00000002   Code   RO         3221    i.HAL_TIMEx_BreakCallback  stm32f1xx_hal_tim_ex.o
    0x080019c0   0x080019c0   0x00000002   Code   RO         3222    i.HAL_TIMEx_CommutCallback  stm32f1xx_hal_tim_ex.o
    0x080019c2   0x080019c2   0x00000002   Code   RO         2540    i.HAL_TIM_IC_CaptureCallback  stm32f1xx_hal_tim.o
    0x080019c4   0x080019c4   0x00000196   Code   RO         2554    i.HAL_TIM_IRQHandler  stm32f1xx_hal_tim.o
    0x08001b5a   0x08001b5a   0x00000002   Code   RO         2557    i.HAL_TIM_OC_DelayElapsedCallback  stm32f1xx_hal_tim.o
    0x08001b5c   0x08001b5c   0x00000002   Code   RO         2584    i.HAL_TIM_PWM_PulseFinishedCallback  stm32f1xx_hal_tim.o
    0x08001b5e   0x08001b5e   0x00000002   PAD
    0x08001b60   0x08001b60   0x00000020   Code   RO         5767    i.HAL_TIM_PeriodElapsedCallback  btim.o
    0x08001b80   0x08001b80   0x00000002   Code   RO         2597    i.HAL_TIM_TriggerCallback  stm32f1xx_hal_tim.o
    0x08001b82   0x08001b82   0x00000002   Code   RO         3509    i.HAL_UART_ErrorCallback  stm32f1xx_hal_uart.o
    0x08001b84   0x08001b84   0x00000154   Code   RO         3512    i.HAL_UART_IRQHandler  stm32f1xx_hal_uart.o
    0x08001cd8   0x08001cd8   0x00000072   Code   RO         3513    i.HAL_UART_Init     stm32f1xx_hal_uart.o
    0x08001d4a   0x08001d4a   0x00000002   PAD
    0x08001d4c   0x08001d4c   0x000000b4   Code   RO          777    i.HAL_UART_MspInit  usart.o
    0x08001e00   0x08001e00   0x00000070   Code   RO         3518    i.HAL_UART_Receive_IT  stm32f1xx_hal_uart.o
    0x08001e70   0x08001e70   0x00000088   Code   RO          778    i.HAL_UART_RxCpltCallback  usart.o
    0x08001ef8   0x08001ef8   0x00000002   Code   RO         3524    i.HAL_UART_TxCpltCallback  stm32f1xx_hal_uart.o
    0x08001efa   0x08001efa   0x00000004   Code   RO           15    i.HardFault_Handler  stm32f1xx_it.o
    0x08001efe   0x08001efe   0x00000004   Code   RO           16    i.MemManage_Handler  stm32f1xx_it.o
    0x08001f02   0x08001f02   0x00000002   Code   RO           17    i.NMI_Handler       stm32f1xx_it.o
    0x08001f04   0x08001f04   0x00000028   Code   RO         2027    i.RCC_Delay         stm32f1xx_hal_rcc.o
    0x08001f2c   0x08001f2c   0x00000028   Code   RO         2207    i.SPI_EndRxTxTransaction  stm32f1xx_hal_spi.o
    0x08001f54   0x08001f54   0x00000006   Code   RO         2208    i.SPI_ISCRCErrorValid  stm32f1xx_hal_spi.o
    0x08001f5a   0x08001f5a   0x00000002   PAD
    0x08001f5c   0x08001f5c   0x000000d8   Code   RO         2215    i.SPI_WaitFlagStateUntilTimeout  stm32f1xx_hal_spi.o
    0x08002034   0x08002034   0x00000014   Code   RO          649    i.SysTick_Handler   delay.o
    0x08002048   0x08002048   0x000000a4   Code   RO          248    i.SystemCoreClockUpdate  system_stm32f1xx.o
    0x080020ec   0x080020ec   0x00000002   Code   RO          249    i.SystemInit        system_stm32f1xx.o
    0x080020ee   0x080020ee   0x00000002   PAD
    0x080020f0   0x080020f0   0x00000010   Code   RO         5768    i.TIM6_IRQHandler   btim.o
    0x08002100   0x08002100   0x00000014   Code   RO         3526    i.UART_DMAAbortOnError  stm32f1xx_hal_uart.o
    0x08002114   0x08002114   0x00000020   Code   RO         3536    i.UART_EndRxTransfer  stm32f1xx_hal_uart.o
    0x08002134   0x08002134   0x00000020   Code   RO         3537    i.UART_EndTransmit_IT  stm32f1xx_hal_uart.o
    0x08002154   0x08002154   0x000000a0   Code   RO         3539    i.UART_Receive_IT   stm32f1xx_hal_uart.o
    0x080021f4   0x080021f4   0x000000fc   Code   RO         3540    i.UART_SetConfig    stm32f1xx_hal_uart.o
    0x080022f0   0x080022f0   0x00000060   Code   RO         3541    i.UART_Transmit_IT  stm32f1xx_hal_uart.o
    0x08002350   0x08002350   0x00000024   Code   RO          779    i.USART1_IRQHandler  usart.o
    0x08002374   0x08002374   0x00000004   Code   RO           18    i.UsageFault_Handler  stm32f1xx_it.o
    0x08002378   0x08002378   0x00000074   Code   RO         5984    i.WIZCHIP_READ      w5500.o
    0x080023ec   0x080023ec   0x0000008c   Code   RO         5985    i.WIZCHIP_READ_BUF  w5500.o
    0x08002478   0x08002478   0x00000074   Code   RO         5986    i.WIZCHIP_WRITE     w5500.o
    0x080024ec   0x080024ec   0x00000088   Code   RO         5987    i.WIZCHIP_WRITE_BUF  w5500.o
    0x08002574   0x08002574   0x00000010   Code   RO         1319    i.__NVIC_GetPriorityGrouping  stm32f1xx_hal_cortex.o
    0x08002584   0x08002584   0x00000028   Code   RO         1320    i.__NVIC_SetPriority  stm32f1xx_hal_cortex.o
    0x080025ac   0x080025ac   0x00000004   Code   RO          781    i._sys_exit         usart.o
    0x080025b0   0x080025b0   0x00000050   Code   RO          650    i.delay_init        delay.o
    0x08002600   0x08002600   0x00000018   Code   RO          651    i.delay_ms          delay.o
    0x08002618   0x08002618   0x00000048   Code   RO          652    i.delay_us          delay.o
    0x08002660   0x08002660   0x00000048   Code   RO         4238    i.eTaskConfirmSleepModeStatus  tasks.o
    0x080026a8   0x080026a8   0x0000001c   Code   RO          783    i.fputc             usart.o
    0x080026c4   0x080026c4   0x00000030   Code   RO          472    i.freertos_demo     freertos_demo.o
    0x080026f4   0x080026f4   0x000000b8   Code   RO         5814    i.key_init          key.o
    0x080027ac   0x080027ac   0x00000090   Code   RO         5845    i.led_init          led.o
    0x0800283c   0x0800283c   0x000000dc   Code   RO          413    i.main              main.o
    0x08002918   0x08002918   0x000000d4   Code   RO         4241    i.prvAddCurrentTaskToDelayedList  tasks.o
    0x080029ec   0x080029ec   0x000000f8   Code   RO         4242    i.prvAddNewTaskToReadyList  tasks.o
    0x08002ae4   0x08002ae4   0x00000064   Code   RO         5031    i.prvCheckForValidListAndQueue  timers.o
    0x08002b48   0x08002b48   0x00000048   Code   RO         4243    i.prvCheckTasksWaitingTermination  tasks.o
    0x08002b90   0x08002b90   0x0000002a   Code   RO         4746    i.prvCopyDataFromQueue  queue.o
    0x08002bba   0x08002bba   0x0000007e   Code   RO         4747    i.prvCopyDataToQueue  queue.o
    0x08002c38   0x08002c38   0x00000068   Code   RO         4244    i.prvCreateIdleTasks  tasks.o
    0x08002ca0   0x08002ca0   0x0000005a   Code   RO         4245    i.prvCreateTask     tasks.o
    0x08002cfa   0x08002cfa   0x00000012   Code   RO         4246    i.prvDeleteTCB      tasks.o
    0x08002d0c   0x08002d0c   0x0000004c   Code   RO         4247    i.prvGetExpectedIdleTime  tasks.o
    0x08002d58   0x08002d58   0x00000028   Code   RO         5032    i.prvGetNextExpireTime  timers.o
    0x08002d80   0x08002d80   0x0000006c   Code   RO         5592    i.prvHeapInit       heap_4.o
    0x08002dec   0x08002dec   0x0000009c   Code   RO         4248    i.prvIdleTask       tasks.o
    0x08002e88   0x08002e88   0x0000002e   Code   RO         4750    i.prvInitialiseNewQueue  queue.o
    0x08002eb6   0x08002eb6   0x00000002   PAD
    0x08002eb8   0x08002eb8   0x000000e0   Code   RO         4249    i.prvInitialiseNewTask  tasks.o
    0x08002f98   0x08002f98   0x00000068   Code   RO         4250    i.prvInitialiseTaskLists  tasks.o
    0x08003000   0x08003000   0x000000d4   Code   RO         5593    i.prvInsertBlockIntoFreeList  heap_4.o
    0x080030d4   0x080030d4   0x00000058   Code   RO         5034    i.prvInsertTimerInActiveList  timers.o
    0x0800312c   0x0800312c   0x0000001a   Code   RO         4751    i.prvIsQueueEmpty   queue.o
    0x08003146   0x08003146   0x00000002   PAD
    0x08003148   0x08003148   0x000000c4   Code   RO         4753    i.prvNotifyQueueSetContainer  queue.o
    0x0800320c   0x0800320c   0x00000044   Code   RO         5035    i.prvProcessExpiredTimer  timers.o
    0x08003250   0x08003250   0x00000168   Code   RO         5036    i.prvProcessReceivedCommands  timers.o
    0x080033b8   0x080033b8   0x00000074   Code   RO         5037    i.prvProcessTimerOrBlockTask  timers.o
    0x0800342c   0x0800342c   0x00000028   Code   RO         5038    i.prvReloadTimer    timers.o
    0x08003454   0x08003454   0x00000030   Code   RO         4252    i.prvResetNextTaskUnblockTime  tasks.o
    0x08003484   0x08003484   0x0000002c   Code   RO         5039    i.prvSampleTimeNow  timers.o
    0x080034b0   0x080034b0   0x00000044   Code   RO         5040    i.prvSwitchTimerLists  timers.o
    0x080034f4   0x080034f4   0x00000070   Code   RO         5672    i.prvTaskExitError  port.o
    0x08003564   0x08003564   0x0000001a   Code   RO         5041    i.prvTimerTask      timers.o
    0x0800357e   0x0800357e   0x00000090   Code   RO         4754    i.prvUnlockQueue    queue.o
    0x0800360e   0x0800360e   0x00000002   PAD
    0x08003610   0x08003610   0x000001f4   Code   RO         5595    i.pvPortMalloc      heap_4.o
    0x08003804   0x08003804   0x00000024   Code   RO         5673    i.pxPortInitialiseStack  port.o
    0x08003828   0x08003828   0x00000028   Code   RO         6096    i.reg_wizchip_cris_cbfunc  wizchip_conf.o
    0x08003850   0x08003850   0x00000028   Code   RO         6097    i.reg_wizchip_cs_cbfunc  wizchip_conf.o
    0x08003878   0x08003878   0x00000034   Code   RO         6099    i.reg_wizchip_spi_cbfunc  wizchip_conf.o
    0x080038ac   0x080038ac   0x00000034   Code   RO         6100    i.reg_wizchip_spiburst_cbfunc  wizchip_conf.o
    0x080038e0   0x080038e0   0x00000054   Code   RO         6048    i.spi2_init         spi.o
    0x08003934   0x08003934   0x00000048   Code   RO         6049    i.spi2_set_speed    spi.o
    0x0800397c   0x0800397c   0x00000020   Code   RO         6050    i.spi2_write_read_byte  spi.o
    0x0800399c   0x0800399c   0x00000038   Code   RO          473    i.start_task        freertos_demo.o
    0x080039d4   0x080039d4   0x00000024   Code   RO          694    i.sys_get_flash_latency  sys.o
    0x080039f8   0x080039f8   0x000000cc   Code   RO          701    i.sys_stm32_clock_init  sys.o
    0x08003ac4   0x08003ac4   0x00000002   Code   RO          474    i.task1             freertos_demo.o
    0x08003ac6   0x08003ac6   0x00000002   PAD
    0x08003ac8   0x08003ac8   0x00000038   Code   RO          784    i.usart_init        usart.o
    0x08003b00   0x08003b00   0x00000028   Code   RO         5351    i.uxListRemove      list.o
    0x08003b28   0x08003b28   0x0000000c   Code   RO         4263    i.uxTaskGetNumberOfTasks  tasks.o
    0x08003b34   0x08003b34   0x0000001a   Code   RO         5352    i.vListInitialise   list.o
    0x08003b4e   0x08003b4e   0x00000006   Code   RO         5353    i.vListInitialiseItem  list.o
    0x08003b54   0x08003b54   0x00000034   Code   RO         5354    i.vListInsert       list.o
    0x08003b88   0x08003b88   0x00000018   Code   RO         5355    i.vListInsertEnd    list.o
    0x08003ba0   0x08003ba0   0x00000088   Code   RO         5675    i.vPortEnterCritical  port.o
    0x08003c28   0x08003c28   0x00000070   Code   RO         5676    i.vPortExitCritical  port.o
    0x08003c98   0x08003c98   0x000000dc   Code   RO         5596    i.vPortFree         heap_4.o
    0x08003d74   0x08003d74   0x00000070   Code   RO         5677    i.vPortSetupTimerInterrupt  port.o
    0x08003de4   0x08003de4   0x00000160   Code   RO         5678    i.vPortSuppressTicksAndSleep  port.o
    0x08003f44   0x08003f44   0x00000080   Code   RO         4762    i.vQueueAddToRegistry  queue.o
    0x08003fc4   0x08003fc4   0x0000004a   Code   RO         4766    i.vQueueWaitForMessageRestricted  queue.o
    0x0800400e   0x0800400e   0x00000002   PAD
    0x08004010   0x08004010   0x00000130   Code   RO         4271    i.vTaskDelete       tasks.o
    0x08004140   0x08004140   0x00000018   Code   RO         4275    i.vTaskInternalSetTimeOutState  tasks.o
    0x08004158   0x08004158   0x0000000c   Code   RO         4277    i.vTaskMissedYield  tasks.o
    0x08004164   0x08004164   0x00000058   Code   RO         4278    i.vTaskPlaceOnEventList  tasks.o
    0x080041bc   0x080041bc   0x00000084   Code   RO         4279    i.vTaskPlaceOnEventListRestricted  tasks.o
    0x08004240   0x08004240   0x00000098   Code   RO         4288    i.vTaskStartScheduler  tasks.o
    0x080042d8   0x080042d8   0x000000b8   Code   RO         4289    i.vTaskStepTick     tasks.o
    0x08004390   0x08004390   0x00000010   Code   RO         4291    i.vTaskSuspendAll   tasks.o
    0x080043a0   0x080043a0   0x000000b4   Code   RO         4292    i.vTaskSwitchContext  tasks.o
    0x08004454   0x08004454   0x00000008   Code   RO          551    i.w5500_cris_enter  w5500_port.o
    0x0800445c   0x0800445c   0x00000008   Code   RO          552    i.w5500_cris_exit   w5500_port.o
    0x08004464   0x08004464   0x00000014   Code   RO          553    i.w5500_cs_desel    w5500_port.o
    0x08004478   0x08004478   0x00000014   Code   RO          554    i.w5500_cs_sel      w5500_port.o
    0x0800448c   0x0800448c   0x00000010   Code   RO          555    i.w5500_get_link_status  w5500_port.o
    0x0800449c   0x0800449c   0x0000002c   Code   RO          556    i.w5500_hardware_reset  w5500_port.o
    0x080044c8   0x080044c8   0x00000102   Code   RO          557    i.w5500_init        w5500_port.o
    0x080045ca   0x080045ca   0x00000002   PAD
    0x080045cc   0x080045cc   0x00000044   Code   RO          558    i.w5500_register_callbacks  w5500_port.o
    0x08004610   0x08004610   0x0000000a   Code   RO          560    i.w5500_spi_rb      w5500_port.o
    0x0800461a   0x0800461a   0x0000001c   Code   RO          561    i.w5500_spi_read_burst  w5500_port.o
    0x08004636   0x08004636   0x0000000c   Code   RO          562    i.w5500_spi_wb      w5500_port.o
    0x08004642   0x08004642   0x0000001a   Code   RO          563    i.w5500_spi_write_burst  w5500_port.o
    0x0800465c   0x0800465c   0x00000006   Code   RO         6102    i.wizchip_bus_readdata  wizchip_conf.o
    0x08004662   0x08004662   0x00000004   Code   RO         6104    i.wizchip_bus_writedata  wizchip_conf.o
    0x08004666   0x08004666   0x00000002   Code   RO         6106    i.wizchip_cris_enter  wizchip_conf.o
    0x08004668   0x08004668   0x00000002   Code   RO         6107    i.wizchip_cris_exit  wizchip_conf.o
    0x0800466a   0x0800466a   0x00000002   Code   RO         6108    i.wizchip_cs_deselect  wizchip_conf.o
    0x0800466c   0x0800466c   0x00000002   Code   RO         6109    i.wizchip_cs_select  wizchip_conf.o
    0x0800466e   0x0800466e   0x00000090   Code   RO         6115    i.wizchip_init      wizchip_conf.o
    0x080046fe   0x080046fe   0x00000002   PAD
    0x08004700   0x08004700   0x00000058   Code   RO         6119    i.wizchip_setnetinfo  wizchip_conf.o
    0x08004758   0x08004758   0x00000024   Code   RO         6122    i.wizchip_spi_readburst  wizchip_conf.o
    0x0800477c   0x0800477c   0x00000004   Code   RO         6123    i.wizchip_spi_readbyte  wizchip_conf.o
    0x08004780   0x08004780   0x00000024   Code   RO         6124    i.wizchip_spi_writeburst  wizchip_conf.o
    0x080047a4   0x080047a4   0x00000002   Code   RO         6125    i.wizchip_spi_writebyte  wizchip_conf.o
    0x080047a6   0x080047a6   0x00000072   Code   RO         6126    i.wizchip_sw_reset  wizchip_conf.o
    0x08004818   0x08004818   0x00000018   Code   RO         6128    i.wizphy_getphylink  wizchip_conf.o
    0x08004830   0x08004830   0x0000001c   Code   RO         6130    i.wizphy_getphystat  wizchip_conf.o
    0x0800484c   0x0800484c   0x00000034   Code   RO         6131    i.wizphy_reset      wizchip_conf.o
    0x08004880   0x08004880   0x00000058   Code   RO         6132    i.wizphy_setphyconf  wizchip_conf.o
    0x080048d8   0x080048d8   0x00000120   Code   RO         5680    i.xPortStartScheduler  port.o
    0x080049f8   0x080049f8   0x00000034   Code   RO         5681    i.xPortSysTickHandler  port.o
    0x08004a2c   0x08004a2c   0x00000084   Code   RO         4771    i.xQueueGenericCreate  queue.o
    0x08004ab0   0x08004ab0   0x000000f0   Code   RO         4772    i.xQueueGenericReset  queue.o
    0x08004ba0   0x08004ba0   0x00000174   Code   RO         4781    i.xQueueReceive     queue.o
    0x08004d14   0x08004d14   0x000000c0   Code   RO         4295    i.xTaskCheckForTimeOut  tasks.o
    0x08004dd4   0x08004dd4   0x00000038   Code   RO         4296    i.xTaskCreate       tasks.o
    0x08004e0c   0x08004e0c   0x00000020   Code   RO         4307    i.xTaskGetSchedulerState  tasks.o
    0x08004e2c   0x08004e2c   0x0000000c   Code   RO         4308    i.xTaskGetTickCount  tasks.o
    0x08004e38   0x08004e38   0x000001e8   Code   RO         4310    i.xTaskIncrementTick  tasks.o
    0x08005020   0x08005020   0x0000010c   Code   RO         4311    i.xTaskPriorityDisinherit  tasks.o
    0x0800512c   0x0800512c   0x00000154   Code   RO         4313    i.xTaskRemoveFromEventList  tasks.o
    0x08005280   0x08005280   0x000001c0   Code   RO         4314    i.xTaskResumeAll    tasks.o
    0x08005440   0x08005440   0x00000074   Code   RO         5050    i.xTimerCreateTimerTask  timers.o
    0x080054b4   0x080054b4   0x00000018   Data   RO          250    .constdata          system_stm32f1xx.o
    0x080054cc   0x080054cc   0x00000125   Data   RO          414    .conststring        main.o
    0x080055f1   0x080055f1   0x00000003   PAD
    0x080055f4   0x080055f4   0x00000020   Data   RO         6584    Region$$Table       anon$$obj.o


    Execution Region RW_IRAM1 (Exec base: 0x20000000, Load base: 0x08005614, Size: 0x00003438, Max: 0x00010000, ABSOLUTE)

    Exec Addr    Load Addr    Size         Type   Attr      Idx    E Section Name        Object

    0x20000000   0x08005614   0x00000004   Data   RW          251    .data               system_stm32f1xx.o
    0x20000004   0x08005618   0x00000008   Data   RW          475    .data               freertos_demo.o
    0x2000000c   0x08005620   0x00000002   Data   RW          653    .data               delay.o
    0x2000000e   0x08005622   0x00000002   PAD
    0x20000010   0x08005624   0x00000007   Data   RW          786    .data               usart.o
    0x20000017   0x0800562b   0x00000001   PAD
    0x20000018   0x0800562c   0x00000009   Data   RW          879    .data               stm32f1xx_hal.o
    0x20000021   0x08005635   0x00000003   PAD
    0x20000024   0x08005638   0x00000040   Data   RW         4317    .data               tasks.o
    0x20000064   0x08005678   0x00000014   Data   RW         5061    .data               timers.o
    0x20000078   0x0800568c   0x0000001c   Data   RW         5603    .data               heap_4.o
    0x20000094   0x080056a8   0x00000018   Data   RW         5682    .data               port.o
    0x200000ac   0x080056c0   0x00000031   Data   RW         6134    .data               wizchip_conf.o
    0x200000dd   0x080056f1   0x00000003   PAD
    0x200000e0        -       0x00000108   Zero   RW          785    .bss                usart.o
    0x200001e8        -       0x000002e4   Zero   RW         4316    .bss                tasks.o
    0x200004cc        -       0x00000040   Zero   RW         4788    .bss                queue.o
    0x2000050c        -       0x00000028   Zero   RW         5060    .bss                timers.o
    0x20000534        -       0x00002800   Zero   RW         5602    .bss                heap_4.o
    0x20002d34        -       0x00000048   Zero   RW         5770    .bss                btim.o
    0x20002d7c        -       0x00000058   Zero   RW         6051    .bss                spi.o
    0x20002dd4        -       0x00000060   Zero   RW         6467    .bss                c_w.l(libspace.o)
    0x20002e34   0x080056f1   0x00000004   PAD
    0x20002e38        -       0x00000200   Zero   RW            2    HEAP                startup_stm32f103xe.o
    0x20003038        -       0x00000400   Zero   RW            1    STACK               startup_stm32f103xe.o


==============================================================================

Image component sizes


      Code (inc. data)   RO Data    RW Data    ZI Data      Debug   Object Name

        48         16          0          0         72       1502   btim.o
       196         10          0          2          0       2449   delay.o
       106         36          0          8          0      19436   freertos_demo.o
      1040        262          0         28      10240       5067   heap_4.o
       184         12          0          0          0        975   key.o
       144         12          0          0          0        867   led.o
       148          0          0          0          0       3138   list.o
       220        120        293          0          0       3933   main.o
      1350        332          0         24          0      11089   port.o
      1526        216          0          0         64      25875   queue.o
       480         38          0          0         88       2805   spi.o
        64         26        304          0       1536        936   startup_stm32f103xe.o
       154         32          0          9          0       6423   stm32f1xx_hal.o
       344         22          0          0          0      30061   stm32f1xx_hal_cortex.o
       424         10          0          0          0       1247   stm32f1xx_hal_dma.o
       864         40          0          0          0       3341   stm32f1xx_hal_gpio.o
      1784        110          0          0          0       6080   stm32f1xx_hal_rcc.o
      1224          6          0          0          0       5243   stm32f1xx_hal_spi.o
       414          0          0          0          0       3538   stm32f1xx_hal_tim.o
         4          0          0          0          0       1541   stm32f1xx_hal_tim_ex.o
      1162         10          0          0          0       7799   stm32f1xx_hal_uart.o
        20          0          0          0          0       7153   stm32f1xx_it.o
       240         18          0          0          0       1495   sys.o
       166         22         24          4          0     488263   system_stm32f1xx.o
      4364        982          0         64        740      40206   tasks.o
      1066        188          0         20         40      11100   timers.o
       440         54          0          7        264       5405   usart.o
       508         16          0          0          0       3130   w5500.o
       518         48          0          0          0       6683   w5500_port.o
       818         74          0         49          0      15531   wizchip_conf.o

    ----------------------------------------------------------------------
     20048       2712        656        224      13044     722311   Object Totals
         0          0         32          0          0          0   (incl. Generated)
        28          0          3          9          0          0   (incl. Padding)

    ----------------------------------------------------------------------

      Code (inc. data)   RO Data    RW Data    ZI Data      Debug   Library Member Name

        24          4          0          0          0         84   __2printf.o
         8          0          0          0          0         68   __main.o
       104          0          0          0          0         84   __printf.o
         0          0          0          0          0          0   __rtentry.o
        12          0          0          0          0          0   __rtentry2.o
         6          0          0          0          0          0   __rtentry4.o
        52          8          0          0          0          0   __scatter.o
        26          0          0          0          0          0   __scatter_copy.o
        28          0          0          0          0          0   __scatter_zi.o
        44          0          0          0          0        108   _printf_char.o
        48          6          0          0          0         96   _printf_char_common.o
        36          4          0          0          0         80   _printf_char_file.o
         6          0          0          0          0          0   _printf_d.o
       120         16          0          0          0         92   _printf_dec.o
       178          0          0          0          0         88   _printf_intcommon.o
         0          0          0          0          0          0   _printf_percent.o
         4          0          0          0          0          0   _printf_percent_end.o
         6          0          0          0          0          0   _printf_s.o
        82          0          0          0          0         80   _printf_str.o
        16          0          0          0          0         68   aeabi_memset.o
        18          0          0          0          0         80   exit.o
         8          0          0          0          0         68   ferror.o
         6          0          0          0          0        152   heapauxi.o
         2          0          0          0          0          0   libinit.o
         2          0          0          0          0          0   libinit2.o
         2          0          0          0          0          0   libshutdown.o
         2          0          0          0          0          0   libshutdown2.o
         8          4          0          0         96         68   libspace.o
        68          0          0          0          0         68   rt_memclr.o
        78          0          0          0          0         80   rt_memclr_w.o
       138          0          0          0          0         68   rt_memcpy_v6.o
       100          0          0          0          0         80   rt_memcpy_w.o
         2          0          0          0          0          0   rtexit.o
        10          0          0          0          0          0   rtexit2.o
        74          0          0          0          0         80   sys_stackheap_outer.o
         2          0          0          0          0         68   use_no_semi.o
         2          0          0          0          0         68   use_no_semi_2.o

    ----------------------------------------------------------------------
      1332         42          0          0        100       1728   Library Totals
        10          0          0          0          4          0   (incl. Padding)

    ----------------------------------------------------------------------

      Code (inc. data)   RO Data    RW Data    ZI Data      Debug   Library Name

      1322         42          0          0         96       1728   c_w.l

    ----------------------------------------------------------------------
      1332         42          0          0        100       1728   Library Totals

    ----------------------------------------------------------------------

==============================================================================


      Code (inc. data)   RO Data    RW Data    ZI Data      Debug   

     21380       2754        656        224      13144     713791   Grand Totals
     21380       2754        656        224      13144     713791   ELF Image Totals
     21380       2754        656        224          0          0   ROM Totals

==============================================================================

    Total RO  Size (Code + RO Data)                22036 (  21.52kB)
    Total RW  Size (RW Data + ZI Data)             13368 (  13.05kB)
    Total ROM Size (Code + RO Data + RW Data)      22260 (  21.74kB)

==============================================================================

