<html>
<body>
<pre>
<h1>µVision Build Log</h1>
<h2>Tool Versions:</h2>
IDE-Version: ¦ÌVision V5.39.0.0
Copyright (C) 2023 ARM Ltd and ARM Germany GmbH. All rights reserved.
License Information: 11 ZJ, 11, LIC=21E4T-RP6BC-CXWU6-DTSLT-W1ZVT-PSP3L
 
Tool Versions:
Toolchain:       MDK-ARM Plus  Version: 5.39.0.0
Toolchain Path:  E:\Keil_v5\ARM\ARMCC\Bin
C Compiler:      Armcc.exe V5.06 update 6 (build 750)
Assembler:       Armasm.exe V5.06 update 6 (build 750)
Linker/Locator:  ArmLink.exe V5.06 update 6 (build 750)
Library Manager: ArmAr.exe V5.06 update 6 (build 750)
Hex Converter:   FromElf.exe V5.06 update 6 (build 750)
CPU DLL:         SARMCM3.DLL V5.39.0.0
Dialog DLL:      DCM.DLL V1.17.5.0
Target DLL:      STLink\ST-LINKIII-KEIL_SWO.dll V3.2.0.0
Dialog DLL:      TCM.DLL V1.56.4.0
 
<h2>Project:</h2>
C:\Users\Z1415\Desktop\Interview Project\IoT\Projects\MDK-ARM\f103_zj.uvprojx
Project File Date:  06/14/2026

<h2>Output:</h2>
*** Using Compiler 'V5.06 update 6 (build 750)', folder: 'E:\Keil_v5\ARM\ARMCC\Bin'
Rebuild target 'Iot'
assembling startup_stm32f103xe.s...
compiling stm32f1xx_hal_dac.c...
compiling stm32f1xx_hal_cortex.c...
compiling sys.c...
compiling main.c...
compiling system_stm32f1xx.c...
compiling delay.c...
compiling stm32f1xx_hal_adc.c...
compiling usart.c...
compiling stm32f1xx_hal_dac_ex.c...
compiling stm32f1xx_hal_crc.c...
compiling stm32f1xx_it.c...
compiling freertos_task.c...
compiling stm32f1xx_ll_adc.c...
compiling stm32f1xx_ll_dac.c...
compiling stm32f1xx_hal.c...
compiling stm32f1xx_hal_adc_ex.c...
compiling stm32f1xx_ll_dma.c...
compiling w5500_port.c...
compiling stm32f1xx_ll_exti.c...
compiling stm32f1xx_ll_gpio.c...
compiling stm32f1xx_ll_pwr.c...
compiling stm32f1xx_ll_spi.c...
compiling stm32f1xx_ll_tim.c...
compiling stm32f1xx_ll_usart.c...
compiling stm32f1xx_hal_dma.c...
compiling stm32f1xx_hal_exti.c...
compiling stm32f1xx_hal_gpio.c...
compiling stm32f1xx_hal_gpio_ex.c...
compiling stm32f1xx_hal_iwdg.c...
compiling stm32f1xx_hal_usart.c...
compiling stm32f1xx_hal_spi.c...
compiling stm32f1xx_hal_tim_ex.c...
compiling stm32f1xx_hal_rcc_ex.c...
compiling stm32f1xx_hal_sram.c...
compiling stm32f1xx_hal_uart.c...
compiling socket.c...
compiling w5500.c...
compiling stm32f1xx_hal_tim.c...
compiling stm32f1xx_hal_rcc.c...
compiling wizchip_conf.c...
compiling tasks.c...
compiling stm32f1xx_ll_fsmc.c...
compiling queue.c...
compiling timers.c...
compiling led.c...
compiling key.c...
compiling stream_buffer.c...
compiling event_groups.c...
compiling btim.c...
compiling croutine.c...
compiling spi.c...
compiling list.c...
compiling port.c...
compiling heap_4.c...
compiling tcp_client.c...
compiling dht11.c...
compiling lcd.c...
linking...
Program Size: Code=32188 RO-data=12580 RW-data=184 ZI-data=13144  
"..\..\Output\f103_zj.axf" - 0 Error(s), 0 Warning(s).

<h2>Software Packages used:</h2>

Package Vendor: Keil
                https://www.keil.com/pack/Keil.STM32F1xx_DFP.2.4.1.pack
                Keil::STM32F1xx_DFP@2.4.1
                STMicroelectronics STM32F1 Series Device Support, Drivers and Examples

<h2>Collection of Component include folders:</h2>
  E:/Keil_v5/Packs/Keil/STM32F1xx_DFP/2.4.1/Device/Include

<h2>Collection of Component Files used:</h2>
Build Time Elapsed:  00:00:16
</pre>
</body>
</html>
