Component: ARM Compiler 5.06 update 6 (build 750) Tool: armlink [4d35ed]

==============================================================================

Section Cross References

    startup_stm32f103xe.o(STACK) refers (Special) to heapauxi.o(.text) for __use_two_region_memory
    startup_stm32f103xe.o(HEAP) refers (Special) to heapauxi.o(.text) for __use_two_region_memory
    startup_stm32f103xe.o(RESET) refers (Special) to heapauxi.o(.text) for __use_two_region_memory
    startup_stm32f103xe.o(RESET) refers to startup_stm32f103xe.o(STACK) for __initial_sp
    startup_stm32f103xe.o(RESET) refers to startup_stm32f103xe.o(.text) for Reset_Handler
    startup_stm32f103xe.o(RESET) refers to stm32f1xx_it.o(i.NMI_Handler) for NMI_Handler
    startup_stm32f103xe.o(RESET) refers to stm32f1xx_it.o(i.HardFault_Handler) for HardFault_Handler
    startup_stm32f103xe.o(RESET) refers to stm32f1xx_it.o(i.MemManage_Handler) for MemManage_Handler
    startup_stm32f103xe.o(RESET) refers to stm32f1xx_it.o(i.BusFault_Handler) for BusFault_Handler
    startup_stm32f103xe.o(RESET) refers to stm32f1xx_it.o(i.UsageFault_Handler) for UsageFault_Handler
    startup_stm32f103xe.o(RESET) refers to port.o(.emb_text) for SVC_Handler
    startup_stm32f103xe.o(RESET) refers to stm32f1xx_it.o(i.DebugMon_Handler) for DebugMon_Handler
    startup_stm32f103xe.o(RESET) refers to delay.o(i.SysTick_Handler) for SysTick_Handler
    startup_stm32f103xe.o(RESET) refers to usart.o(i.USART1_IRQHandler) for USART1_IRQHandler
    startup_stm32f103xe.o(.text) refers (Special) to heapauxi.o(.text) for __use_two_region_memory
    startup_stm32f103xe.o(.text) refers to system_stm32f1xx.o(i.SystemInit) for SystemInit
    startup_stm32f103xe.o(.text) refers to __main.o(!!!main) for __main
    startup_stm32f103xe.o(.text) refers to startup_stm32f103xe.o(HEAP) for Heap_Mem
    startup_stm32f103xe.o(.text) refers to startup_stm32f103xe.o(STACK) for Stack_Mem
    system_stm32f1xx.o(i.SystemCoreClockUpdate) refers to system_stm32f1xx.o(.data) for SystemCoreClock
    system_stm32f1xx.o(i.SystemCoreClockUpdate) refers to system_stm32f1xx.o(.constdata) for AHBPrescTable
    main.o(i.main) refers to _printf_pad.o(.text) for _printf_pre_padding
    main.o(i.main) refers to _printf_percent.o(.ARM.Collect$$_printf_percent$$00000000) for _printf_percent
    main.o(i.main) refers to _printf_x.o(.ARM.Collect$$_printf_percent$$0000000C) for _printf_x
    main.o(i.main) refers to _printf_hex_int.o(.text) for _printf_longlong_hex
    main.o(i.main) refers to _printf_d.o(.ARM.Collect$$_printf_percent$$00000009) for _printf_d
    main.o(i.main) refers to _printf_dec.o(.text) for _printf_int_dec
    main.o(i.main) refers to stm32f1xx_hal.o(i.HAL_Init) for HAL_Init
    main.o(i.main) refers to sys.o(i.sys_stm32_clock_init) for sys_stm32_clock_init
    main.o(i.main) refers to delay.o(i.delay_init) for delay_init
    main.o(i.main) refers to usart.o(i.usart_init) for usart_init
    main.o(i.main) refers to led.o(i.led_init) for led_init
    main.o(i.main) refers to key.o(i.key_init) for key_init
    main.o(i.main) refers to w5500_port.o(i.w5500_init) for w5500_init
    main.o(i.main) refers to __2printf.o(.text) for __2printf
    main.o(i.main) refers to wizchip_conf.o(i.wizchip_getnetinfo) for wizchip_getnetinfo
    main.o(i.main) refers to freertos_task.o(i.freertos_demo) for freertos_demo
    w5500_port.o(i.w5500_cris_enter) refers to port.o(i.vPortEnterCritical) for vPortEnterCritical
    w5500_port.o(i.w5500_cris_exit) refers to port.o(i.vPortExitCritical) for vPortExitCritical
    w5500_port.o(i.w5500_cs_desel) refers to stm32f1xx_hal_gpio.o(i.HAL_GPIO_WritePin) for HAL_GPIO_WritePin
    w5500_port.o(i.w5500_cs_sel) refers to stm32f1xx_hal_gpio.o(i.HAL_GPIO_WritePin) for HAL_GPIO_WritePin
    w5500_port.o(i.w5500_get_link_status) refers to wizchip_conf.o(i.wizphy_getphystat) for wizphy_getphystat
    w5500_port.o(i.w5500_get_link_status) refers to wizchip_conf.o(i.wizphy_getphylink) for wizphy_getphylink
    w5500_port.o(i.w5500_hardware_reset) refers to stm32f1xx_hal_gpio.o(i.HAL_GPIO_WritePin) for HAL_GPIO_WritePin
    w5500_port.o(i.w5500_hardware_reset) refers to delay.o(i.delay_us) for delay_us
    w5500_port.o(i.w5500_hardware_reset) refers to delay.o(i.delay_ms) for delay_ms
    w5500_port.o(i.w5500_init) refers to spi.o(i.spi2_init) for spi2_init
    w5500_port.o(i.w5500_init) refers to w5500_port.o(i.w5500_register_callbacks) for w5500_register_callbacks
    w5500_port.o(i.w5500_init) refers to w5500_port.o(i.w5500_hardware_reset) for w5500_hardware_reset
    w5500_port.o(i.w5500_init) refers to wizchip_conf.o(i.wizchip_init) for wizchip_init
    w5500_port.o(i.w5500_init) refers to w5500_port.o(i.w5500_get_mac_from_uid) for w5500_get_mac_from_uid
    w5500_port.o(i.w5500_init) refers to wizchip_conf.o(i.wizchip_setnetinfo) for wizchip_setnetinfo
    w5500_port.o(i.w5500_init) refers to wizchip_conf.o(i.wizphy_setphyconf) for wizphy_setphyconf
[...]
    _mutex_release                            - Undefined Weak Reference
    _printf_mbtowc                            - Undefined Weak Reference
    _printf_truncate_signed                   - Undefined Weak Reference
    _printf_truncate_unsigned                 - Undefined Weak Reference
    _rand_init                                - Undefined Weak Reference
    _signal_finish                            - Undefined Weak Reference
    _signal_init                              - Undefined Weak Reference
    _terminate_alloc                          - Undefined Weak Reference
    _terminate_user_alloc                     - Undefined Weak Reference
    _terminateio                              - Undefined Weak Reference
    __Vectors_Size                           0x00000130   Number         0  startup_stm32f103xe.o ABSOLUTE
    __Vectors                                0x08000000   Data           4  startup_stm32f103xe.o(RESET)
    __Vectors_End                            0x08000130   Data           0  startup_stm32f103xe.o(RESET)
    __main                                   0x08000131   Thumb Code     8  __main.o(!!!main)
    __scatterload                            0x08000139   Thumb Code     0  __scatter.o(!!!scatter)
    __scatterload_rt2                        0x08000139   Thumb Code    44  __scatter.o(!!!scatter)
    __scatterload_rt2_thumb_only             0x08000139   Thumb Code     0  __scatter.o(!!!scatter)
    __scatterload_null                       0x08000147   Thumb Code     0  __scatter.o(!!!scatter)
    __decompress                             0x0800016d   Thumb Code    90  __dczerorl2.o(!!dczerorl2)
    __decompress1                            0x0800016d   Thumb Code     0  __dczerorl2.o(!!dczerorl2)
    __scatterload_zeroinit                   0x080001c9   Thumb Code    28  __scatter_zi.o(!!handler_zi)
    _printf_d                                0x080001e5   Thumb Code     0  _printf_d.o(.ARM.Collect$$_printf_percent$$00000009)
    _printf_percent                          0x080001e5   Thumb Code     0  _printf_percent.o(.ARM.Collect$$_printf_percent$$00000000)
    _printf_u                                0x080001eb   Thumb Code     0  _printf_u.o(.ARM.Collect$$_printf_percent$$0000000A)
    _printf_x                                0x080001f1   Thumb Code     0  _printf_x.o(.ARM.Collect$$_printf_percent$$0000000C)
    _printf_s                                0x080001f7   Thumb Code     0  _printf_s.o(.ARM.Collect$$_printf_percent$$00000014)
    _printf_percent_end                      0x080001fd   Thumb Code     0  _printf_percent_end.o(.ARM.Collect$$_printf_percent$$00000017)
    __rt_lib_init                            0x08000201   Thumb Code     0  libinit.o(.ARM.Collect$$libinit$$00000000)
    __rt_lib_init_alloca_1                   0x08000203   Thumb Code     0  libinit2.o(.ARM.Collect$$libinit$$0000002E)
    __rt_lib_init_argv_1                     0x08000203   Thumb Code     0  libinit2.o(.ARM.Collect$$libinit$$0000002C)
    __rt_lib_init_atexit_1                   0x08000203   Thumb Code     0  libinit2.o(.ARM.Collect$$libinit$$0000001B)
    __rt_lib_init_clock_1                    0x08000203   Thumb Code     0  libinit2.o(.ARM.Collect$$libinit$$00000021)
    __rt_lib_init_cpp_1                      0x08000203   Thumb Code     0  libinit2.o(.ARM.Collect$$libinit$$00000032)
    __rt_lib_init_exceptions_1               0x08000203   Thumb Code     0  libinit2.o(.ARM.Collect$$libinit$$00000030)
    __rt_lib_init_fp_1                       0x08000203   Thumb Code     0  libinit2.o(.ARM.Collect$$libinit$$00000002)
    __rt_lib_init_fp_trap_1                  0x08000203   Thumb Code     0  libinit2.o(.ARM.Collect$$libinit$$0000001F)
    __rt_lib_init_getenv_1                   0x08000203   Thumb Code     0  libinit2.o(.ARM.Collect$$libinit$$00000023)
    __rt_lib_init_heap_1                     0x08000203   Thumb Code     0  libinit2.o(.ARM.Collect$$libinit$$0000000A)
    __rt_lib_init_lc_collate_1               0x08000203   Thumb Code     0  libinit2.o(.ARM.Collect$$libinit$$00000011)
    __rt_lib_init_lc_ctype_1                 0x08000203   Thumb Code     0  libinit2.o(.ARM.Collect$$libinit$$00000013)
    __rt_lib_init_lc_monetary_1              0x08000203   Thumb Code     0  libinit2.o(.ARM.Collect$$libinit$$00000015)
    __rt_lib_init_lc_numeric_1               0x08000203   Thumb Code     0  libinit2.o(.ARM.Collect$$libinit$$00000017)
    __rt_lib_init_lc_time_1                  0x08000203   Thumb Code     0  libinit2.o(.ARM.Collect$$libinit$$00000019)
    __rt_lib_init_preinit_1                  0x08000203   Thumb Code     0  libinit2.o(.ARM.Collect$$libinit$$00000004)
    __rt_lib_init_rand_1                     0x08000203   Thumb Code     0  libinit2.o(.ARM.Collect$$libinit$$0000000E)
    __rt_lib_init_return                     0x08000203   Thumb Code     0  libinit2.o(.ARM.Collect$$libinit$$00000033)
    __rt_lib_init_signal_1                   0x08000203   Thumb Code     0  libinit2.o(.ARM.Collect$$libinit$$0000001D)
    __rt_lib_init_stdio_1                    0x08000203   Thumb Code     0  libinit2.o(.ARM.Collect$$libinit$$00000025)
    __rt_lib_init_user_alloc_1               0x08000203   Thumb Code     0  libinit2.o(.ARM.Collect$$libinit$$0000000C)
    __rt_lib_shutdown                        0x08000205   Thumb Code     0  libshutdown.o(.ARM.Collect$$libshutdown$$00000000)
    __rt_lib_shutdown_cpp_1                  0x08000207   Thumb Code     0  libshutdown2.o(.ARM.Collect$$libshutdown$$00000002)
    __rt_lib_shutdown_fp_trap_1              0x08000207   Thumb Code     0  libshutdown2.o(.ARM.Collect$$libshutdown$$00000007)
    __rt_lib_shutdown_heap_1                 0x08000207   Thumb Code     0  libshutdown2.o(.ARM.Collect$$libshutdown$$0000000F)
    __rt_lib_shutdown_return                 0x08000207   Thumb Code     0  libshutdown2.o(.ARM.Collect$$libshutdown$$00000010)
    __rt_lib_shutdown_signal_1               0x08000207   Thumb Code     0  libshutdown2.o(.ARM.Collect$$libshutdown$$0000000A)
    __rt_lib_shutdown_stdio_1                0x08000207   Thumb Code     0  libshutdown2.o(.ARM.Collect$$libshutdown$$00000004)
    __rt_lib_shutdown_user_alloc_1           0x08000207   Thumb Code     0  libshutdown2.o(.ARM.Collect$$libshutdown$$0000000C)
    __rt_entry                               0x08000209   Thumb Code     0  __rtentry.o(.ARM.Collect$$rtentry$$00000000)
    __rt_entry_presh_1                       0x08000209   Thumb Code     0  __rtentry2.o(.ARM.Collect$$rtentry$$00000002)
    __rt_entry_sh                            0x08000209   Thumb Code     0  __rtentry4.o(.ARM.Collect$$rtentry$$00000004)
    __rt_entry_li                            0x0800020f   Thumb Code     0  __rtentry2.o(.ARM.Collect$$rtentry$$0000000A)
    __rt_entry_postsh_1                      0x0800020f   Thumb Code     0  __rtentry2.o(.ARM.Collect$$rtentry$$00000009)
    __rt_entry_main                          0x08000213   Thumb Code     0  __rtentry2.o(.ARM.Collect$$rtentry$$0000000D)
    __rt_entry_postli_1                      0x08000213   Thumb Code     0  __rtentry2.o(.ARM.Collect$$rtentry$$0000000C)
    __rt_exit                                0x0800021b   Thumb Code     0  rtexit.o(.ARM.Collect$$rtexit$$00000000)
    __rt_exit_ls                             0x0800021d   Thumb Code     0  rtexit2.o(.ARM.Collect$$rtexit$$00000003)
    __rt_exit_prels_1                        0x0800021d   Thumb Code     0  rtexit2.o(.ARM.Collect$$rtexit$$00000002)
    __rt_exit_exit                           0x08000221   Thumb Code     0  rtexit2.o(.ARM.Collect$$rtexit$$00000004)
    SVC_Handler                              0x08000229   Thumb Code    32  port.o(.emb_text)
    __asm___6_port_c_39a90d8d__prvStartFirstTask 0x0800024d   Thumb Code    28  port.o(.emb_text)
    PendSV_Handler                           0x0800026d   Thumb Code    72  port.o(.emb_text)
    vPortGetIPSR                             0x080002b9   Thumb Code     6  port.o(.emb_text)
    Reset_Handler                            0x080002c1   Thumb Code     8  startup_stm32f103xe.o(.text)
    ADC1_2_IRQHandler                        0x080002db   Thumb Code     0  startup_stm32f103xe.o(.text)
    ADC3_IRQHandler                          0x080002db   Thumb Code     0  startup_stm32f103xe.o(.text)
    CAN1_RX1_IRQHandler                      0x080002db   Thumb Code     0  startup_stm32f103xe.o(.text)
    CAN1_SCE_IRQHandler                      0x080002db   Thumb Code     0  startup_stm32f103xe.o(.text)
    DMA1_Channel1_IRQHandler                 0x080002db   Thumb Code     0  startup_stm32f103xe.o(.text)
    DMA1_Channel2_IRQHandler                 0x080002db   Thumb Code     0  startup_stm32f103xe.o(.text)
    DMA1_Channel3_IRQHandler                 0x080002db   Thumb Code     0  startup_stm32f103xe.o(.text)
    DMA1_Channel4_IRQHandler                 0x080002db   Thumb Code     0  startup_stm32f103xe.o(.text)
    DMA1_Channel5_IRQHandler                 0x080002db   Thumb Code     0  startup_stm32f103xe.o(.text)
    DMA1_Channel6_IRQHandler                 0x080002db   Thumb Code     0  startup_stm32f103xe.o(.text)
    DMA1_Channel7_IRQHandler                 0x080002db   Thumb Code     0  startup_stm32f103xe.o(.text)
    DMA2_Channel1_IRQHandler                 0x080002db   Thumb Code     0  startup_stm32f103xe.o(.text)
    DMA2_Channel2_IRQHandler                 0x080002db   Thumb Code     0  startup_stm32f103xe.o(.text)
    DMA2_Channel3_IRQHandler                 0x080002db   Thumb Code     0  startup_stm32f103xe.o(.text)
    DMA2_Channel4_5_IRQHandler               0x080002db   Thumb Code     0  startup_stm32f103xe.o(.text)
    EXTI0_IRQHandler                         0x080002db   Thumb Code     0  startup_stm32f103xe.o(.text)
    EXTI15_10_IRQHandler                     0x080002db   Thumb Code     0  startup_stm32f103xe.o(.text)
    EXTI1_IRQHandler                         0x080002db   Thumb Code     0  startup_stm32f103xe.o(.text)
    EXTI2_IRQHandler                         0x080002db   Thumb Code     0  startup_stm32f103xe.o(.text)
    EXTI3_IRQHandler                         0x080002db   Thumb Code     0  startup_stm32f103xe.o(.text)
    EXTI4_IRQHandler                         0x080002db   Thumb Code     0  startup_stm32f103xe.o(.text)
    EXTI9_5_IRQHandler                       0x080002db   Thumb Code     0  startup_stm32f103xe.o(.text)
    FLASH_IRQHandler                         0x080002db   Thumb Code     0  startup_stm32f103xe.o(.text)
    FSMC_IRQHandler                          0x080002db   Thumb Code     0  startup_stm32f103xe.o(.text)
    I2C1_ER_IRQHandler                       0x080002db   Thumb Code     0  startup_stm32f103xe.o(.text)
    I2C1_EV_IRQHandler                       0x080002db   Thumb Code     0  startup_stm32f103xe.o(.text)
    I2C2_ER_IRQHandler                       0x080002db   Thumb Code     0  startup_stm32f103xe.o(.text)
    I2C2_EV_IRQHandler                       0x080002db   Thumb Code     0  startup_stm32f103xe.o(.text)
    PVD_IRQHandler                           0x080002db   Thumb Code     0  startup_stm32f103xe.o(.text)
    RCC_IRQHandler                           0x080002db   Thumb Code     0  startup_stm32f103xe.o(.text)
    RTC_Alarm_IRQHandler                     0x080002db   Thumb Code     0  startup_stm32f103xe.o(.text)
    RTC_IRQHandler                           0x080002db   Thumb Code     0  startup_stm32f103xe.o(.text)
    SDIO_IRQHandler                          0x080002db   Thumb Code     0  startup_stm32f103xe.o(.text)
    SPI1_IRQHandler                          0x080002db   Thumb Code     0  startup_stm32f103xe.o(.text)
    SPI2_IRQHandler                          0x080002db   Thumb Code     0  startup_stm32f103xe.o(.text)
    SPI3_IRQHandler                          0x080002db   Thumb Code     0  startup_stm32f103xe.o(.text)
    TAMPER_IRQHandler                        0x080002db   Thumb Code     0  startup_stm32f103xe.o(.text)
    TIM1_BRK_IRQHandler                      0x080002db   Thumb Code     0  startup_stm32f103xe.o(.text)
    TIM1_CC_IRQHandler                       0x080002db   Thumb Code     0  startup_stm32f103xe.o(.text)
    TIM1_TRG_COM_IRQHandler                  0x080002db   Thumb Code     0  startup_stm32f103xe.o(.text)
    TIM1_UP_IRQHandler                       0x080002db   Thumb Code     0  startup_stm32f103xe.o(.text)
    TIM2_IRQHandler                          0x080002db   Thumb Code     0  startup_stm32f103xe.o(.text)
    TIM3_IRQHandler                          0x080002db   Thumb Code     0  startup_stm32f103xe.o(.text)
    TIM4_IRQHandler                          0x080002db   Thumb Code     0  startup_stm32f103xe.o(.text)
    TIM5_IRQHandler                          0x080002db   Thumb Code     0  startup_stm32f103xe.o(.text)
    TIM6_IRQHandler                          0x080002db   Thumb Code     0  startup_stm32f103xe.o(.text)
    TIM7_IRQHandler                          0x080002db   Thumb Code     0  startup_stm32f103xe.o(.text)
    TIM8_BRK_IRQHandler                      0x080002db   Thumb Code     0  startup_stm32f103xe.o(.text)
    TIM8_CC_IRQHandler                       0x080002db   Thumb Code     0  startup_stm32f103xe.o(.text)
    TIM8_TRG_COM_IRQHandler                  0x080002db   Thumb Code     0  startup_stm32f103xe.o(.text)
    TIM8_UP_IRQHandler                       0x080002db   Thumb Code     0  startup_stm32f103xe.o(.text)
    UART4_IRQHandler                         0x080002db   Thumb Code     0  startup_stm32f103xe.o(.text)
    UART5_IRQHandler                         0x080002db   Thumb Code     0  startup_stm32f103xe.o(.text)
    USART2_IRQHandler                        0x080002db   Thumb Code     0  startup_stm32f103xe.o(.text)
    USART3_IRQHandler                        0x080002db   Thumb Code     0  startup_stm32f103xe.o(.text)
    USBWakeUp_IRQHandler                     0x080002db   Thumb Code     0  startup_stm32f103xe.o(.text)
    USB_HP_CAN1_TX_IRQHandler                0x080002db   Thumb Code     0  startup_stm32f103xe.o(.text)
    USB_LP_CAN1_RX0_IRQHandler               0x080002db   Thumb Code     0  startup_stm32f103xe.o(.text)
    WWDG_IRQHandler                          0x080002db   Thumb Code     0  startup_stm32f103xe.o(.text)
    __user_initial_stackheap                 0x080002dd   Thumb Code     0  startup_stm32f103xe.o(.text)
    __use_no_semihosting                     0x08000301   Thumb Code     2  use_no_semi_2.o(.text)
    __2printf                                0x08000305   Thumb Code    20  __2printf.o(.text)
    __2snprintf                              0x0800031d   Thumb Code    50  __2snprintf.o(.text)
    _printf_pre_padding                      0x08000355   Thumb Code    44  _printf_pad.o(.text)
    _printf_post_padding                     0x08000381   Thumb Code    34  _printf_pad.o(.text)
    _printf_str                              0x080003a3   Thumb Code    82  _printf_str.o(.text)
    _printf_int_dec                          0x080003f5   Thumb Code   104  _printf_dec.o(.text)
    _printf_int_hex                          0x0800046d   Thumb Code    84  _printf_hex_int.o(.text)
    _printf_longlong_hex                     0x0800046d   Thumb Code     0  _printf_hex_int.o(.text)
    __printf                                 0x080004c5   Thumb Code   388  __printf_flags_ss_wp.o(.text)
    strlen                                   0x0800064d   Thumb Code    62  strlen.o(.text)
    __aeabi_memcpy                           0x0800068b   Thumb Code     0  rt_memcpy_v6.o(.text)
    __rt_memcpy                              0x0800068b   Thumb Code   138  rt_memcpy_v6.o(.text)
    _memcpy_lastbytes                        0x080006f1   Thumb Code     0  rt_memcpy_v6.o(.text)
    __aeabi_memset                           0x08000715   Thumb Code    16  aeabi_memset.o(.text)
    __aeabi_memclr                           0x08000725   Thumb Code     0  rt_memclr.o(.text)
    __rt_memclr                              0x08000725   Thumb Code    68  rt_memclr.o(.text)
    _memset                                  0x08000729   Thumb Code     0  rt_memclr.o(.text)
    __aeabi_memclr4                          0x08000769   Thumb Code     0  rt_memclr_w.o(.text)
    __aeabi_memclr8                          0x08000769   Thumb Code     0  rt_memclr_w.o(.text)
    __rt_memclr_w                            0x08000769   Thumb Code    78  rt_memclr_w.o(.text)
    _memset_w                                0x0800076d   Thumb Code     0  rt_memclr_w.o(.text)
    __use_two_region_memory                  0x080007b7   Thumb Code     2  heapauxi.o(.text)
    __rt_heap_escrow$2region                 0x080007b9   Thumb Code     2  heapauxi.o(.text)
    __rt_heap_expand$2region                 0x080007bb   Thumb Code     2  heapauxi.o(.text)
    __semihosting$guard                      0x080007bd   Thumb Code     0  use_no_semi.o(.text)
    __use_no_semihosting_swi                 0x080007bd   Thumb Code     2  use_no_semi.o(.text)
    _printf_int_common                       0x080007bf   Thumb Code   178  _printf_intcommon.o(.text)
    _printf_char_common                      0x0800087b   Thumb Code    32  _printf_char_common.o(.text)
    _sputc                                   0x080008a1   Thumb Code    10  _sputc.o(.text)
    _snputc                                  0x080008ab   Thumb Code    16  _snputc.o(.text)
    _printf_cs_common                        0x080008bb   Thumb Code    20  _printf_char.o(.text)
    _printf_char                             0x080008cf   Thumb Code    16  _printf_char.o(.text)
    _printf_string                           0x080008df   Thumb Code     8  _printf_char.o(.text)
    _printf_char_file                        0x080008e9   Thumb Code    32  _printf_char_file.o(.text)
    __aeabi_memcpy4                          0x0800090d   Thumb Code     0  rt_memcpy_w.o(.text)
    __aeabi_memcpy8                          0x0800090d   Thumb Code     0  rt_memcpy_w.o(.text)
    __rt_memcpy_w                            0x0800090d   Thumb Code   100  rt_memcpy_w.o(.text)
    _memcpy_lastbytes_aligned                0x08000955   Thumb Code     0  rt_memcpy_w.o(.text)
    ferror                                   0x08000971   Thumb Code     8  ferror.o(.text)
    __user_setup_stackheap                   0x08000979   Thumb Code    74  sys_stackheap_outer.o(.text)
    exit                                     0x080009c3   Thumb Code    18  exit.o(.text)
    __user_libspace                          0x080009d5   Thumb Code     8  libspace.o(.text)
    __user_perproc_libspace                  0x080009d5   Thumb Code     0  libspace.o(.text)
    __user_perthread_libspace                0x080009d5   Thumb Code     0  libspace.o(.text)
    BusFault_Handler                         0x080009dd   Thumb Code     4  stm32f1xx_it.o(i.BusFault_Handler)
    DebugMon_Handler                         0x080009e1   Thumb Code     2  stm32f1xx_it.o(i.DebugMon_Handler)
    FSMC_NORSRAM_Extended_Timing_Init        0x080009e5   Thumb Code    62  stm32f1xx_ll_fsmc.o(i.FSMC_NORSRAM_Extended_Timing_Init)
    FSMC_NORSRAM_Init                        0x08000a29   Thumb Code   116  stm32f1xx_ll_fsmc.o(i.FSMC_NORSRAM_Init)
    FSMC_NORSRAM_Timing_Init                 0x08000aa1   Thumb Code    66  stm32f1xx_ll_fsmc.o(i.FSMC_NORSRAM_Timing_Init)
    HAL_DMA_Abort_IT                         0x08000ae5   Thumb Code   414  stm32f1xx_hal_dma.o(i.HAL_DMA_Abort_IT)
    HAL_GPIO_Init                            0x08000c8d   Thumb Code   792  stm32f1xx_hal_gpio.o(i.HAL_GPIO_Init)
    HAL_GPIO_ReadPin                         0x08000fcd   Thumb Code    16  stm32f1xx_hal_gpio.o(i.HAL_GPIO_ReadPin)
    HAL_GPIO_WritePin                        0x08000fdd   Thumb Code    12  stm32f1xx_hal_gpio.o(i.HAL_GPIO_WritePin)
    HAL_GetTick                              0x08000fe9   Thumb Code     6  stm32f1xx_hal.o(i.HAL_GetTick)
    HAL_IncTick                              0x08000ff5   Thumb Code    16  stm32f1xx_hal.o(i.HAL_IncTick)
    HAL_Init                                 0x0800100d   Thumb Code    34  stm32f1xx_hal.o(i.HAL_Init)
    HAL_InitTick                             0x08001035   Thumb Code    64  stm32f1xx_hal.o(i.HAL_InitTick)
    HAL_MspInit                              0x08001081   Thumb Code     2  stm32f1xx_hal.o(i.HAL_MspInit)
    HAL_NVIC_EnableIRQ                       0x08001083   Thumb Code    32  stm32f1xx_hal_cortex.o(i.HAL_NVIC_EnableIRQ)
    HAL_NVIC_SetPriority                     0x080010a3   Thumb Code   124  stm32f1xx_hal_cortex.o(i.HAL_NVIC_SetPriority)
    HAL_NVIC_SetPriorityGrouping             0x08001121   Thumb Code    32  stm32f1xx_hal_cortex.o(i.HAL_NVIC_SetPriorityGrouping)
    HAL_RCC_ClockConfig                      0x08001149   Thumb Code   376  stm32f1xx_hal_rcc.o(i.HAL_RCC_ClockConfig)
    HAL_RCC_GetHCLKFreq                      0x080012d5   Thumb Code     6  stm32f1xx_hal_rcc.o(i.HAL_RCC_GetHCLKFreq)
    HAL_RCC_GetPCLK1Freq                     0x080012e1   Thumb Code    22  stm32f1xx_hal_rcc.o(i.HAL_RCC_GetPCLK1Freq)
    HAL_RCC_GetPCLK2Freq                     0x08001301   Thumb Code    22  stm32f1xx_hal_rcc.o(i.HAL_RCC_GetPCLK2Freq)
    HAL_RCC_GetSysClockFreq                  0x08001321   Thumb Code   116  stm32f1xx_hal_rcc.o(i.HAL_RCC_GetSysClockFreq)
    HAL_RCC_OscConfig                        0x080013b5   Thumb Code  1114  stm32f1xx_hal_rcc.o(i.HAL_RCC_OscConfig)
    HAL_SPI_Init                             0x08001819   Thumb Code   212  stm32f1xx_hal_spi.o(i.HAL_SPI_Init)
    HAL_SPI_MspInit                          0x080018ed   Thumb Code   270  spi.o(i.HAL_SPI_MspInit)
    HAL_SPI_TransmitReceive                  0x08001a11   Thumb Code   750  stm32f1xx_hal_spi.o(i.HAL_SPI_TransmitReceive)
    HAL_SRAM_Init                            0x08001cff   Thumb Code   102  stm32f1xx_hal_sram.o(i.HAL_SRAM_Init)
    HAL_SRAM_MspInit                         0x08001d65   Thumb Code   130  lcd.o(i.HAL_SRAM_MspInit)
    HAL_SYSTICK_CLKSourceConfig              0x08001df5   Thumb Code    40  stm32f1xx_hal_cortex.o(i.HAL_SYSTICK_CLKSourceConfig)
    HAL_SYSTICK_Config                       0x08001e1d   Thumb Code    52  stm32f1xx_hal_cortex.o(i.HAL_SYSTICK_Config)
    HAL_UART_ErrorCallback                   0x08001e51   Thumb Code     2  stm32f1xx_hal_uart.o(i.HAL_UART_ErrorCallback)
    HAL_UART_IRQHandler                      0x08001e55   Thumb Code   334  stm32f1xx_hal_uart.o(i.HAL_UART_IRQHandler)
    HAL_UART_Init                            0x08001fa9   Thumb Code   114  stm32f1xx_hal_uart.o(i.HAL_UART_Init)
    HAL_UART_MspInit                         0x0800201d   Thumb Code   168  usart.o(i.HAL_UART_MspInit)
    HAL_UART_Receive_IT                      0x080020d1   Thumb Code   112  stm32f1xx_hal_uart.o(i.HAL_UART_Receive_IT)
    HAL_UART_RxCpltCallback                  0x08002141   Thumb Code   120  usart.o(i.HAL_UART_RxCpltCallback)
    HAL_UART_TxCpltCallback                  0x080021c9   Thumb Code     2  stm32f1xx_hal_uart.o(i.HAL_UART_TxCpltCallback)
    HardFault_Handler                        0x080021cb   Thumb Code     4  stm32f1xx_it.o(i.HardFault_Handler)
    MemManage_Handler                        0x080021cf   Thumb Code     4  stm32f1xx_it.o(i.MemManage_Handler)
    NMI_Handler                              0x080021d3   Thumb Code     2  stm32f1xx_it.o(i.NMI_Handler)
    SPI_ISCRCErrorValid                      0x08002225   Thumb Code     6  stm32f1xx_hal_spi.o(i.SPI_ISCRCErrorValid)
    SysTick_Handler                          0x08002305   Thumb Code    20  delay.o(i.SysTick_Handler)
    SystemCoreClockUpdate                    0x08002319   Thumb Code   142  system_stm32f1xx.o(i.SystemCoreClockUpdate)
    SystemInit                               0x080023bd   Thumb Code     2  system_stm32f1xx.o(i.SystemInit)
    USART1_IRQHandler                        0x08002611   Thumb Code    26  usart.o(i.USART1_IRQHandler)
    UsageFault_Handler                       0x08002635   Thumb Code     4  stm32f1xx_it.o(i.UsageFault_Handler)
    WIZCHIP_READ                             0x08002639   Thumb Code   112  w5500.o(i.WIZCHIP_READ)
    WIZCHIP_READ_BUF                         0x080026ad   Thumb Code   136  w5500.o(i.WIZCHIP_READ_BUF)
    WIZCHIP_WRITE                            0x08002739   Thumb Code   112  w5500.o(i.WIZCHIP_WRITE)
    WIZCHIP_WRITE_BUF                        0x080027ad   Thumb Code   132  w5500.o(i.WIZCHIP_WRITE_BUF)
    _is_digit                                0x080028a5   Thumb Code    14  __printf_wp.o(i._is_digit)
    _sys_exit                                0x080028b3   Thumb Code     4  usart.o(i._sys_exit)
    close                                    0x080028b9   Thumb Code   142  socket.o(i.close)
    connect_W5x00                            0x08002add   Thumb Code    22  socket.o(i.connect_W5x00)
    delay_init                               0x08002af5   Thumb Code    74  delay.o(i.delay_init)
    delay_ms                                 0x08002b45   Thumb Code    74  delay.o(i.delay_ms)
    delay_us                                 0x08002b95   Thumb Code    68  delay.o(i.delay_us)
    dht11_check                              0x08002bdd   Thumb Code    24  dht11.o(i.dht11_check)
    dht11_init                               0x08002bf5   Thumb Code    78  dht11.o(i.dht11_init)
    dht11_read_data                          0x08002c9f   Thumb Code   120  dht11.o(i.dht11_read_data)
    disconnect                               0x08002da1   Thumb Code   200  socket.o(i.disconnect)
    eTaskConfirmSleepModeStatus              0x08002e71   Thumb Code    52  tasks.o(i.eTaskConfirmSleepModeStatus)
    fputc                                    0x08002eb9   Thumb Code    24  usart.o(i.fputc)
    freertos_demo                            0x08002ed5   Thumb Code   104  freertos_task.o(i.freertos_demo)
    getSn_RX_RSR                             0x08002f89   Thumb Code   108  w5500.o(i.getSn_RX_RSR)
    getSn_TX_FSR                             0x08002ff5   Thumb Code   108  w5500.o(i.getSn_TX_FSR)
    getsockopt                               0x08003061   Thumb Code   402  socket.o(i.getsockopt)
    key_init                                 0x080031fd   Thumb Code   172  key.o(i.key_init)
    lcd_clear                                0x080032b5   Thumb Code    42  lcd.o(i.lcd_clear)
    lcd_display_dir                          0x080032e9   Thumb Code   298  lcd.o(i.lcd_display_dir)
    lcd_draw_point                           0x08003419   Thumb Code    26  lcd.o(i.lcd_draw_point)
    lcd_ex_ili9341_reginit                   0x08003439   Thumb Code   556  lcd.o(i.lcd_ex_ili9341_reginit)
    lcd_ex_nt35310_reginit                   0x08003665   Thumb Code  3826  lcd.o(i.lcd_ex_nt35310_reginit)
    lcd_ex_nt35510_reginit                   0x08004557   Thumb Code  3836  lcd.o(i.lcd_ex_nt35510_reginit)
    lcd_ex_ssd1963_reginit                   0x08005453   Thumb Code   366  lcd.o(i.lcd_ex_ssd1963_reginit)
    lcd_ex_st7789_reginit                    0x080055c1   Thumb Code   424  lcd.o(i.lcd_ex_st7789_reginit)
    lcd_init                                 0x08005769   Thumb Code   898  lcd.o(i.lcd_init)
    lcd_scan_dir                             0x08005b39   Thumb Code   556  lcd.o(i.lcd_scan_dir)
    lcd_set_cursor                           0x08005d69   Thumb Code   282  lcd.o(i.lcd_set_cursor)
    lcd_show_char                            0x08005e89   Thumb Code   294  lcd.o(i.lcd_show_char)
    lcd_show_string                          0x08005fc9   Thumb Code   106  lcd.o(i.lcd_show_string)
    lcd_ssd_backlight_set                    0x08006035   Thumb Code    80  lcd.o(i.lcd_ssd_backlight_set)
    lcd_wr_data                              0x08006089   Thumb Code    18  lcd.o(i.lcd_wr_data)
    lcd_wr_regno                             0x080060a1   Thumb Code    18  lcd.o(i.lcd_wr_regno)
    lcd_write_ram_prepare                    0x080060b9   Thumb Code    10  lcd.o(i.lcd_write_ram_prepare)
    lcd_write_reg                            0x080060cd   Thumb Code    10  lcd.o(i.lcd_write_reg)
    led_init                                 0x080060dd   Thumb Code   132  led.o(i.led_init)
    led_task                                 0x0800616d   Thumb Code   214  freertos_task.o(i.led_task)
    main                                     0x08006251   Thumb Code   190  main.o(i.main)
    mqtt_build_connect                       0x08006459   Thumb Code   190  mqtt_client.o(i.mqtt_build_connect)
    mqtt_build_pingreq                       0x08006521   Thumb Code    14  mqtt_client.o(i.mqtt_build_pingreq)
    mqtt_build_publish                       0x0800652f   Thumb Code   104  mqtt_client.o(i.mqtt_build_publish)
    mqtt_build_subscribe                     0x08006597   Thumb Code    96  mqtt_client.o(i.mqtt_build_subscribe)
    mqtt_decode_length                       0x080065f7   Thumb Code    54  mqtt_client.o(i.mqtt_decode_length)
    mqtt_encode_length                       0x0800662d   Thumb Code    36  mqtt_client.o(i.mqtt_encode_length)
    mqtt_parse                               0x08006939   Thumb Code   292  mqtt_client.o(i.mqtt_parse)
    mqtt_task                                0x08006aa1   Thumb Code    58  freertos_task.o(i.mqtt_task)
    mqtt_task_run                            0x08006b2d   Thumb Code   350  mqtt_wrapper.o(i.mqtt_task_run)
    onenet_build_payload                     0x08006d15   Thumb Code    54  onenet.o(i.onenet_build_payload)
    onenet_fill_cfg                          0x08006d89   Thumb Code   116  onenet.o(i.onenet_fill_cfg)
    onenet_set_auth                          0x08006e39   Thumb Code    14  onenet.o(i.onenet_set_auth)
    pvPortMalloc                             0x08007b7d   Thumb Code   412  heap_4.o(i.pvPortMalloc)
    pvTaskIncrementMutexHeldCount            0x08007d71   Thumb Code    14  tasks.o(i.pvTaskIncrementMutexHeldCount)
    pxPortInitialiseStack                    0x08007d85   Thumb Code    30  port.o(i.pxPortInitialiseStack)
    recv                                     0x08007da9   Thumb Code   280  socket.o(i.recv)
    reg_wizchip_cris_cbfunc                  0x08007ec5   Thumb Code    26  wizchip_conf.o(i.reg_wizchip_cris_cbfunc)
    reg_wizchip_cs_cbfunc                    0x08007eed   Thumb Code    26  wizchip_conf.o(i.reg_wizchip_cs_cbfunc)
    reg_wizchip_spi_cbfunc                   0x08007f15   Thumb Code    40  wizchip_conf.o(i.reg_wizchip_spi_cbfunc)
    reg_wizchip_spiburst_cbfunc              0x08007f49   Thumb Code    38  wizchip_conf.o(i.reg_wizchip_spiburst_cbfunc)
    send                                     0x08007f7d   Thumb Code   510  socket.o(i.send)
    sensor_task                              0x08008185   Thumb Code   278  freertos_task.o(i.sensor_task)
    socket                                   0x08008371   Thumb Code   418  socket.o(i.socket)
    spi2_init                                0x08008529   Thumb Code    76  spi.o(i.spi2_init)
    spi2_set_speed                           0x0800857d   Thumb Code    68  spi.o(i.spi2_set_speed)
    spi2_write_read_byte                     0x080085c5   Thumb Code    28  spi.o(i.spi2_write_read_byte)
    start_task                               0x080085e5   Thumb Code   102  freertos_task.o(i.start_task)
    sys_stm32_clock_init                     0x080086b1   Thumb Code   196  sys.o(i.sys_stm32_clock_init)
    transport_connect                        0x0800877d   Thumb Code   180  transport.o(i.transport_connect)
    transport_disconnect                     0x0800885d   Thumb Code    44  transport.o(i.transport_disconnect)
    transport_recv                           0x08008889   Thumb Code   126  transport.o(i.transport_recv)
    transport_send                           0x08008907   Thumb Code    44  transport.o(i.transport_send)
    usart_init                               0x08008935   Thumb Code    44  usart.o(i.usart_init)
    uxListRemove                             0x0800896d   Thumb Code    40  list.o(i.uxListRemove)
    uxTaskGetNumberOfTasks                   0x08008995   Thumb Code     6  tasks.o(i.uxTaskGetNumberOfTasks)
    vListInitialise                          0x080089a1   Thumb Code    26  list.o(i.vListInitialise)
    vListInitialiseItem                      0x080089bb   Thumb Code     6  list.o(i.vListInitialiseItem)
    vListInsert                              0x080089c1   Thumb Code    52  list.o(i.vListInsert)
    vListInsertEnd                           0x080089f5   Thumb Code    24  list.o(i.vListInsertEnd)
    vPortEnterCritical                       0x08008a0d   Thumb Code    68  port.o(i.vPortEnterCritical)
    vPortExitCritical                        0x08008a95   Thumb Code    48  port.o(i.vPortExitCritical)
    vPortFree                                0x08008b05   Thumb Code   144  heap_4.o(i.vPortFree)
    vPortSetupTimerInterrupt                 0x08008be1   Thumb Code    96  port.o(i.vPortSetupTimerInterrupt)
    vPortSuppressTicksAndSleep               0x08008c51   Thumb Code   336  port.o(i.vPortSuppressTicksAndSleep)
    vQueueAddToRegistry                      0x08008db1   Thumb Code    84  queue.o(i.vQueueAddToRegistry)
    vQueueWaitForMessageRestricted           0x08008e31   Thumb Code    74  queue.o(i.vQueueWaitForMessageRestricted)
    vTaskDelay                               0x08008e7d   Thumb Code    72  tasks.o(i.vTaskDelay)
    vTaskDelete                              0x08008ef5   Thumb Code   224  tasks.o(i.vTaskDelete)
    vTaskInternalSetTimeOutState             0x08009025   Thumb Code    14  tasks.o(i.vTaskInternalSetTimeOutState)
    vTaskMissedYield                         0x0800903d   Thumb Code     8  tasks.o(i.vTaskMissedYield)
    vTaskPlaceOnEventList                    0x08009049   Thumb Code    42  tasks.o(i.vTaskPlaceOnEventList)
    vTaskPlaceOnEventListRestricted          0x080090a1   Thumb Code    88  tasks.o(i.vTaskPlaceOnEventListRestricted)
    vTaskPriorityDisinheritAfterTimeout      0x08009125   Thumb Code   254  tasks.o(i.vTaskPriorityDisinheritAfterTimeout)
    vTaskStartScheduler                      0x08009259   Thumb Code    96  tasks.o(i.vTaskStartScheduler)
    vTaskStepTick                            0x080092f1   Thumb Code   126  tasks.o(i.vTaskStepTick)
    vTaskSuspendAll                          0x080093a9   Thumb Code    12  tasks.o(i.vTaskSuspendAll)
    vTaskSwitchContext                       0x080093b9   Thumb Code   118  tasks.o(i.vTaskSwitchContext)
    w5500_get_link_status                    0x080094a5   Thumb Code    16  w5500_port.o(i.w5500_get_link_status)
    w5500_hardware_reset                     0x080094f5   Thumb Code    38  w5500_port.o(i.w5500_hardware_reset)
    w5500_init                               0x08009521   Thumb Code   228  w5500_port.o(i.w5500_init)
    w5500_monitor_task                       0x08009605   Thumb Code    72  freertos_task.o(i.w5500_monitor_task)
    w5500_register_callbacks                 0x08009679   Thumb Code    36  w5500_port.o(i.w5500_register_callbacks)
    wiz_recv_data                            0x08009709   Thumb Code   132  w5500.o(i.wiz_recv_data)
    wiz_send_data                            0x0800978d   Thumb Code   132  w5500.o(i.wiz_send_data)
    wizchip_bus_readdata                     0x08009811   Thumb Code     6  wizchip_conf.o(i.wizchip_bus_readdata)
    wizchip_bus_writedata                    0x08009817   Thumb Code     4  wizchip_conf.o(i.wizchip_bus_writedata)
    wizchip_cris_enter                       0x0800981b   Thumb Code     2  wizchip_conf.o(i.wizchip_cris_enter)
    wizchip_cris_exit                        0x0800981d   Thumb Code     2  wizchip_conf.o(i.wizchip_cris_exit)
    wizchip_cs_deselect                      0x0800981f   Thumb Code     2  wizchip_conf.o(i.wizchip_cs_deselect)
    wizchip_cs_select                        0x08009821   Thumb Code     2  wizchip_conf.o(i.wizchip_cs_select)
    wizchip_getnetinfo                       0x08009825   Thumb Code    82  wizchip_conf.o(i.wizchip_getnetinfo)
    wizchip_init                             0x08009881   Thumb Code   144  wizchip_conf.o(i.wizchip_init)
    wizchip_setnetinfo                       0x08009911   Thumb Code    80  wizchip_conf.o(i.wizchip_setnetinfo)
    wizchip_spi_readburst                    0x08009969   Thumb Code    30  wizchip_conf.o(i.wizchip_spi_readburst)
    wizchip_spi_readbyte                     0x0800998d   Thumb Code     4  wizchip_conf.o(i.wizchip_spi_readbyte)
    wizchip_spi_writeburst                   0x08009991   Thumb Code    30  wizchip_conf.o(i.wizchip_spi_writeburst)
    wizchip_spi_writebyte                    0x080099b5   Thumb Code     2  wizchip_conf.o(i.wizchip_spi_writebyte)
    wizchip_sw_reset                         0x080099b7   Thumb Code   114  wizchip_conf.o(i.wizchip_sw_reset)
    wizphy_getphylink                        0x08009a29   Thumb Code    24  wizchip_conf.o(i.wizphy_getphylink)
    wizphy_getphystat                        0x08009a41   Thumb Code    28  wizchip_conf.o(i.wizphy_getphystat)
    wizphy_reset                             0x08009a5d   Thumb Code    52  wizchip_conf.o(i.wizphy_reset)
    wizphy_setphyconf                        0x08009a91   Thumb Code    88  wizchip_conf.o(i.wizphy_setphyconf)
    xPortStartScheduler                      0x08009ae9   Thumb Code   208  port.o(i.xPortStartScheduler)
    xPortSysTickHandler                      0x08009c09   Thumb Code    46  port.o(i.xPortSysTickHandler)
    xQueueGenericCreate                      0x08009c3d   Thumb Code    92  queue.o(i.xQueueGenericCreate)
    xQueueGenericReset                       0x08009cc1   Thumb Code   194  queue.o(i.xQueueGenericReset)
    xQueueGenericSend                        0x08009db1   Thumb Code   426  queue.o(i.xQueueGenericSend)
    xQueueReceive                            0x08009f89   Thumb Code   326  queue.o(i.xQueueReceive)
    xQueueSemaphoreTake                      0x0800a0fd   Thumb Code   368  queue.o(i.xQueueSemaphoreTake)
    xTaskCheckForTimeOut                     0x0800a299   Thumb Code   140  tasks.o(i.xTaskCheckForTimeOut)
    xTaskCreate                              0x0800a359   Thumb Code    56  tasks.o(i.xTaskCreate)
    xTaskGetSchedulerState                   0x0800a391   Thumb Code    24  tasks.o(i.xTaskGetSchedulerState)
    xTaskGetTickCount                        0x0800a3b1   Thumb Code     6  tasks.o(i.xTaskGetTickCount)
    xTaskIncrementTick                       0x0800a3bd   Thumb Code   404  tasks.o(i.xTaskIncrementTick)
    xTaskPriorityDisinherit                  0x0800a5a5   Thumb Code   214  tasks.o(i.xTaskPriorityDisinherit)
    xTaskPriorityInherit                     0x0800a6b1   Thumb Code   230  tasks.o(i.xTaskPriorityInherit)
    xTaskRemoveFromEventList                 0x0800a7a5   Thumb Code   276  tasks.o(i.xTaskRemoveFromEventList)
    xTaskResumeAll                           0x0800a8f9   Thumb Code   372  tasks.o(i.xTaskResumeAll)
    xTimerCreateTimerTask                    0x0800aab9   Thumb Code    56  timers.o(i.xTimerCreateTimerTask)
    __aeabi_d2uiz                            0x0800ab2d   Thumb Code     0  dfixu.o(x$fpl$dfixu)
    _dfixu                                   0x0800ab2d   Thumb Code    90  dfixu.o(x$fpl$dfixu)
    __aeabi_ui2d                             0x0800ab87   Thumb Code     0  dflt_clz.o(x$fpl$dfltu)
    _dfltu                                   0x0800ab87   Thumb Code    38  dflt_clz.o(x$fpl$dfltu)
    __aeabi_dmul                             0x0800abad   Thumb Code     0  dmul.o(x$fpl$dmul)
    _dmul                                    0x0800abad   Thumb Code   332  dmul.o(x$fpl$dmul)
    __fpl_dnaninf                            0x0800ad01   Thumb Code   156  dnaninf.o(x$fpl$dnaninf)
    __fpl_dretinf                            0x0800ad9d   Thumb Code    12  dretinf.o(x$fpl$dretinf)
    AHBPrescTable                            0x0800ada8   Data          16  system_stm32f1xx.o(.constdata)
    __I$use$fp                               0x0800ada8   Number         0  usenofp.o(x$fpl$usenofp)
    APBPrescTable                            0x0800adb8   Data           8  system_stm32f1xx.o(.constdata)
    asc2_1206                                0x0800adc0   Data        1140  lcd.o(.constdata)
    asc2_1608                                0x0800b234   Data        1520  lcd.o(.constdata)
    asc2_2412                                0x0800b824   Data        3420  lcd.o(.constdata)
    asc2_3216                                0x0800c580   Data        6080  lcd.o(.constdata)
    Region$$Table$$Base                      0x0800ddf8   Number         0  anon$$obj.o(Region$$Table)
    Region$$Table$$Limit                     0x0800de18   Number         0  anon$$obj.o(Region$$Table)
    SystemCoreClock                          0x20000000   Data           4  system_stm32f1xx.o(.data)
    g_net_ready_sem                          0x20000004   Data           4  freertos_task.o(.data)
    g_net_state                              0x20000008   Data           1  freertos_task.o(.data)
    g_sensor_queue                           0x2000000c   Data           4  freertos_task.o(.data)
    start_task_handler                       0x20000010   Data           4  freertos_task.o(.data)
    sensor_task_handler                      0x20000014   Data           4  freertos_task.o(.data)
    mqtt_task_handler                        0x20000018   Data           4  freertos_task.o(.data)
    led_task_handler                         0x2000001c   Data           4  freertos_task.o(.data)
    w5500_monitor_task_handler               0x20000020   Data           4  freertos_task.o(.data)
    __stdout                                 0x20000028   Data           4  usart.o(.data)
    g_usart_rx_sta                           0x2000002c   Data           2  usart.o(.data)
    g_rx_buffer                              0x2000002e   Data           1  usart.o(.data)
    uwTick                                   0x20000030   Data           4  stm32f1xx_hal.o(.data)
    uwTickPrio                               0x20000034   Data           4  stm32f1xx_hal.o(.data)
    uwTickFreq                               0x20000038   Data           1  stm32f1xx_hal.o(.data)
    pxCurrentTCB                             0x2000003c   Data           4  tasks.o(.data)
    sock_pack_info                           0x200000ca   Data           8  socket.o(.data)
    WIZCHIP                                  0x200000d4   Data          44  wizchip_conf.o(.data)
    g_point_color                            0x20000108   Data           4  lcd.o(.data)
    g_back_color                             0x2000010c   Data           4  lcd.o(.data)
    g_usart_rx_buf                           0x20000158   Data         200  usart.o(.bss)
    g_uart1_handle                           0x20000220   Data          64  usart.o(.bss)
    xQueueRegistry                           0x20000544   Data          64  queue.o(.bss)
    g_spi_handle                             0x200055bc   Data          88  spi.o(.bss)
    g_sram_handle                            0x20005614   Data          72  lcd.o(.bss)
    lcddev                                   0x2000565c   Data          14  lcd.o(.bss)
    __libspace_start                         0x20005aec   Data          96  libspace.o(.bss)
    __temporary_stack_top$libspace           0x20005b4c   Data           0  libspace.o(.bss)



==============================================================================

Memory Map of the image

  Image Entry point : 0x08000131

  Load Region LR_IROM1 (Base: 0x08000000, Size: 0x0000df4c, Max: 0x00080000, ABSOLUTE, COMPRESSED[0x0000de50])

    Execution Region ER_IROM1 (Exec base: 0x08000000, Load base: 0x08000000, Size: 0x0000de18, Max: 0x00080000, ABSOLUTE)

    Exec Addr    Load Addr    Size         Type   Attr      Idx    E Section Name        Object

    0x08000000   0x08000000   0x00000130   Data   RO            3    RESET               startup_stm32f103xe.o
    0x08000130   0x08000130   0x00000008   Code   RO         7131  * !!!main             c_w.l(__main.o)
    0x08000138   0x08000138   0x00000034   Code   RO         7321    !!!scatter          c_w.l(__scatter.o)
    0x0800016c   0x0800016c   0x0000005a   Code   RO         7319    !!dczerorl2         c_w.l(__dczerorl2.o)
    0x080001c6   0x080001c6   0x00000002   PAD
    0x080001c8   0x080001c8   0x0000001c   Code   RO         7323    !!handler_zi        c_w.l(__scatter_zi.o)
    0x080001e4   0x080001e4   0x00000000   Code   RO         7114    .ARM.Collect$$_printf_percent$$00000000  c_w.l(_printf_percent.o)
    0x080001e4   0x080001e4   0x00000006   Code   RO         7112    .ARM.Collect$$_printf_percent$$00000009  c_w.l(_printf_d.o)
    0x080001ea   0x080001ea   0x00000006   Code   RO         7113    .ARM.Collect$$_printf_percent$$0000000A  c_w.l(_printf_u.o)
    0x080001f0   0x080001f0   0x00000006   Code   RO         7111    .ARM.Collect$$_printf_percent$$0000000C  c_w.l(_printf_x.o)
    0x080001f6   0x080001f6   0x00000006   Code   RO         7110    .ARM.Collect$$_printf_percent$$00000014  c_w.l(_printf_s.o)
    0x080001fc   0x080001fc   0x00000004   Code   RO         7160    .ARM.Collect$$_printf_percent$$00000017  c_w.l(_printf_percent_end.o)
    0x08000200   0x08000200   0x00000002   Code   RO         7198    .ARM.Collect$$libinit$$00000000  c_w.l(libinit.o)
    0x08000202   0x08000202   0x00000000   Code   RO         7205    .ARM.Collect$$libinit$$00000002  c_w.l(libinit2.o)
    0x08000202   0x08000202   0x00000000   Code   RO         7207    .ARM.Collect$$libinit$$00000004  c_w.l(libinit2.o)
    0x08000202   0x08000202   0x00000000   Code   RO         7210    .ARM.Collect$$libinit$$0000000A  c_w.l(libinit2.o)
    0x08000202   0x08000202   0x00000000   Code   RO         7212    .ARM.Collect$$libinit$$0000000C  c_w.l(libinit2.o)
    0x08000202   0x08000202   0x00000000   Code   RO         7214    .ARM.Collect$$libinit$$0000000E  c_w.l(libinit2.o)
    0x08000202   0x08000202   0x00000000   Code   RO         7217    .ARM.Collect$$libinit$$00000011  c_w.l(libinit2.o)
    0x08000202   0x08000202   0x00000000   Code   RO         7219    .ARM.Collect$$libinit$$00000013  c_w.l(libinit2.o)
    0x08000202   0x08000202   0x00000000   Code   RO         7221    .ARM.Collect$$libinit$$00000015  c_w.l(libinit2.o)
    0x08000202   0x08000202   0x00000000   Code   RO         7223    .ARM.Collect$$libinit$$00000017  c_w.l(libinit2.o)
    0x08000202   0x08000202   0x00000000   Code   RO         7225    .ARM.Collect$$libinit$$00000019  c_w.l(libinit2.o)
    0x08000202   0x08000202   0x00000000   Code   RO         7227    .ARM.Collect$$libinit$$0000001B  c_w.l(libinit2.o)
    0x08000202   0x08000202   0x00000000   Code   RO         7229    .ARM.Collect$$libinit$$0000001D  c_w.l(libinit2.o)
    0x08000202   0x08000202   0x00000000   Code   RO         7231    .ARM.Collect$$libinit$$0000001F  c_w.l(libinit2.o)
    0x08000202   0x08000202   0x00000000   Code   RO         7233    .ARM.Collect$$libinit$$00000021  c_w.l(libinit2.o)
    0x08000202   0x08000202   0x00000000   Code   RO         7235    .ARM.Collect$$libinit$$00000023  c_w.l(libinit2.o)
    0x08000202   0x08000202   0x00000000   Code   RO         7237    .ARM.Collect$$libinit$$00000025  c_w.l(libinit2.o)
    0x08000202   0x08000202   0x00000000   Code   RO         7241    .ARM.Collect$$libinit$$0000002C  c_w.l(libinit2.o)
    0x08000202   0x08000202   0x00000000   Code   RO         7243    .ARM.Collect$$libinit$$0000002E  c_w.l(libinit2.o)
    0x08000202   0x08000202   0x00000000   Code   RO         7245    .ARM.Collect$$libinit$$00000030  c_w.l(libinit2.o)
    0x08000202   0x08000202   0x00000000   Code   RO         7247    .ARM.Collect$$libinit$$00000032  c_w.l(libinit2.o)
    0x08000202   0x08000202   0x00000002   Code   RO         7248    .ARM.Collect$$libinit$$00000033  c_w.l(libinit2.o)
    0x08000204   0x08000204   0x00000002   Code   RO         7266    .ARM.Collect$$libshutdown$$00000000  c_w.l(libshutdown.o)
    0x08000206   0x08000206   0x00000000   Code   RO         7274    .ARM.Collect$$libshutdown$$00000002  c_w.l(libshutdown2.o)
    0x08000206   0x08000206   0x00000000   Code   RO         7276    .ARM.Collect$$libshutdown$$00000004  c_w.l(libshutdown2.o)
    0x08000206   0x08000206   0x00000000   Code   RO         7279    .ARM.Collect$$libshutdown$$00000007  c_w.l(libshutdown2.o)
    0x08000206   0x08000206   0x00000000   Code   RO         7282    .ARM.Collect$$libshutdown$$0000000A  c_w.l(libshutdown2.o)
    0x08000206   0x08000206   0x00000000   Code   RO         7284    .ARM.Collect$$libshutdown$$0000000C  c_w.l(libshutdown2.o)
    0x08000206   0x08000206   0x00000000   Code   RO         7287    .ARM.Collect$$libshutdown$$0000000F  c_w.l(libshutdown2.o)
    0x08000206   0x08000206   0x00000002   Code   RO         7288    .ARM.Collect$$libshutdown$$00000010  c_w.l(libshutdown2.o)
    0x08000208   0x08000208   0x00000000   Code   RO         7147    .ARM.Collect$$rtentry$$00000000  c_w.l(__rtentry.o)
    0x08000208   0x08000208   0x00000000   Code   RO         7169    .ARM.Collect$$rtentry$$00000002  c_w.l(__rtentry2.o)
    0x08000208   0x08000208   0x00000006   Code   RO         7181    .ARM.Collect$$rtentry$$00000004  c_w.l(__rtentry4.o)
    0x0800020e   0x0800020e   0x00000000   Code   RO         7171    .ARM.Collect$$rtentry$$00000009  c_w.l(__rtentry2.o)
    0x0800020e   0x0800020e   0x00000004   Code   RO         7172    .ARM.Collect$$rtentry$$0000000A  c_w.l(__rtentry2.o)
    0x08000212   0x08000212   0x00000000   Code   RO         7174    .ARM.Collect$$rtentry$$0000000C  c_w.l(__rtentry2.o)
    0x08000212   0x08000212   0x00000008   Code   RO         7175    .ARM.Collect$$rtentry$$0000000D  c_w.l(__rtentry2.o)
    0x0800021a   0x0800021a   0x00000002   Code   RO         7202    .ARM.Collect$$rtexit$$00000000  c_w.l(rtexit.o)
    0x0800021c   0x0800021c   0x00000000   Code   RO         7250    .ARM.Collect$$rtexit$$00000002  c_w.l(rtexit2.o)
    0x0800021c   0x0800021c   0x00000004   Code   RO         7251    .ARM.Collect$$rtexit$$00000003  c_w.l(rtexit2.o)
    0x08000220   0x08000220   0x00000006   Code   RO         7252    .ARM.Collect$$rtexit$$00000004  c_w.l(rtexit2.o)
    0x08000226   0x08000226   0x00000002   PAD
    0x08000228   0x08000228   0x00000096   Code   RO         5842    .emb_text           port.o
    0x080002be   0x080002be   0x00000002   PAD
    0x080002c0   0x080002c0   0x00000040   Code   RO            4    .text               startup_stm32f103xe.o
    0x08000300   0x08000300   0x00000002   Code   RO         7050    .text               c_w.l(use_no_semi_2.o)
    0x08000302   0x08000302   0x00000002   PAD
    0x08000304   0x08000304   0x00000018   Code   RO         7052    .text               c_w.l(__2printf.o)
    0x0800031c   0x0800031c   0x00000038   Code   RO         7054    .text               c_w.l(__2snprintf.o)
    0x08000354   0x08000354   0x0000004e   Code   RO         7062    .text               c_w.l(_printf_pad.o)
    0x080003a2   0x080003a2   0x00000052   Code   RO         7064    .text               c_w.l(_printf_str.o)
    0x080003f4   0x080003f4   0x00000078   Code   RO         7066    .text               c_w.l(_printf_dec.o)
    0x0800046c   0x0800046c   0x00000058   Code   RO         7071    .text               c_w.l(_printf_hex_int.o)
    0x080004c4   0x080004c4   0x00000188   Code   RO         7106    .text               c_w.l(__printf_flags_ss_wp.o)
    0x0800064c   0x0800064c   0x0000003e   Code   RO         7117    .text               c_w.l(strlen.o)
    0x0800068a   0x0800068a   0x0000008a   Code   RO         7119    .text               c_w.l(rt_memcpy_v6.o)
    0x08000714   0x08000714   0x00000010   Code   RO         7123    .text               c_w.l(aeabi_memset.o)
    0x08000724   0x08000724   0x00000044   Code   RO         7125    .text               c_w.l(rt_memclr.o)
    0x08000768   0x08000768   0x0000004e   Code   RO         7127    .text               c_w.l(rt_memclr_w.o)
    0x080007b6   0x080007b6   0x00000006   Code   RO         7129    .text               c_w.l(heapauxi.o)
    0x080007bc   0x080007bc   0x00000002   Code   RO         7145    .text               c_w.l(use_no_semi.o)
    0x080007be   0x080007be   0x000000b2   Code   RO         7148    .text               c_w.l(_printf_intcommon.o)
    0x08000870   0x08000870   0x00000030   Code   RO         7150    .text               c_w.l(_printf_char_common.o)
    0x080008a0   0x080008a0   0x0000000a   Code   RO         7152    .text               c_w.l(_sputc.o)
    0x080008aa   0x080008aa   0x00000010   Code   RO         7154    .text               c_w.l(_snputc.o)
    0x080008ba   0x080008ba   0x0000002c   Code   RO         7156    .text               c_w.l(_printf_char.o)
    0x080008e6   0x080008e6   0x00000002   PAD
    0x080008e8   0x080008e8   0x00000024   Code   RO         7158    .text               c_w.l(_printf_char_file.o)
    0x0800090c   0x0800090c   0x00000064   Code   RO         7161    .text               c_w.l(rt_memcpy_w.o)
    0x08000970   0x08000970   0x00000008   Code   RO         7185    .text               c_w.l(ferror.o)
    0x08000978   0x08000978   0x0000004a   Code   RO         7189    .text               c_w.l(sys_stackheap_outer.o)
    0x080009c2   0x080009c2   0x00000012   Code   RO         7191    .text               c_w.l(exit.o)
    0x080009d4   0x080009d4   0x00000008   Code   RO         7199    .text               c_w.l(libspace.o)
    0x080009dc   0x080009dc   0x00000004   Code   RO           13    i.BusFault_Handler  stm32f1xx_it.o
    0x080009e0   0x080009e0   0x00000002   Code   RO           14    i.DebugMon_Handler  stm32f1xx_it.o
    0x080009e2   0x080009e2   0x00000002   PAD
    0x080009e4   0x080009e4   0x00000044   Code   RO         4156    i.FSMC_NORSRAM_Extended_Timing_Init  stm32f1xx_ll_fsmc.o
    0x08000a28   0x08000a28   0x00000078   Code   RO         4157    i.FSMC_NORSRAM_Init  stm32f1xx_ll_fsmc.o
    0x08000aa0   0x08000aa0   0x00000042   Code   RO         4158    i.FSMC_NORSRAM_Timing_Init  stm32f1xx_ll_fsmc.o
    0x08000ae2   0x08000ae2   0x00000002   PAD
    0x08000ae4   0x08000ae4   0x000001a8   Code   RO         1752    i.HAL_DMA_Abort_IT  stm32f1xx_hal_dma.o
    0x08000c8c   0x08000c8c   0x00000340   Code   RO         1920    i.HAL_GPIO_Init     stm32f1xx_hal_gpio.o
    0x08000fcc   0x08000fcc   0x00000010   Code   RO         1922    i.HAL_GPIO_ReadPin  stm32f1xx_hal_gpio.o
    0x08000fdc   0x08000fdc   0x0000000c   Code   RO         1924    i.HAL_GPIO_WritePin  stm32f1xx_hal_gpio.o
    0x08000fe8   0x08000fe8   0x0000000c   Code   RO          901    i.HAL_GetTick       stm32f1xx_hal.o
    0x08000ff4   0x08000ff4   0x00000018   Code   RO          907    i.HAL_IncTick       stm32f1xx_hal.o
    0x0800100c   0x0800100c   0x00000028   Code   RO          908    i.HAL_Init          stm32f1xx_hal.o
    0x08001034   0x08001034   0x0000004c   Code   RO          909    i.HAL_InitTick      stm32f1xx_hal.o
    0x08001080   0x08001080   0x00000002   Code   RO          911    i.HAL_MspInit       stm32f1xx_hal.o
    0x08001082   0x08001082   0x00000020   Code   RO         1342    i.HAL_NVIC_EnableIRQ  stm32f1xx_hal_cortex.o
    0x080010a2   0x080010a2   0x0000007c   Code   RO         1348    i.HAL_NVIC_SetPriority  stm32f1xx_hal_cortex.o
    0x0800111e   0x0800111e   0x00000002   PAD
    0x08001120   0x08001120   0x00000028   Code   RO         1349    i.HAL_NVIC_SetPriorityGrouping  stm32f1xx_hal_cortex.o
    0x08001148   0x08001148   0x0000018c   Code   RO         2050    i.HAL_RCC_ClockConfig  stm32f1xx_hal_rcc.o
    0x080012d4   0x080012d4   0x0000000c   Code   RO         2055    i.HAL_RCC_GetHCLKFreq  stm32f1xx_hal_rcc.o
    0x080012e0   0x080012e0   0x00000020   Code   RO         2057    i.HAL_RCC_GetPCLK1Freq  stm32f1xx_hal_rcc.o
    0x08001300   0x08001300   0x00000020   Code   RO         2058    i.HAL_RCC_GetPCLK2Freq  stm32f1xx_hal_rcc.o
    0x08001320   0x08001320   0x00000094   Code   RO         2059    i.HAL_RCC_GetSysClockFreq  stm32f1xx_hal_rcc.o
    0x080013b4   0x080013b4   0x00000464   Code   RO         2062    i.HAL_RCC_OscConfig  stm32f1xx_hal_rcc.o
    0x08001818   0x08001818   0x000000d4   Code   RO         2203    i.HAL_SPI_Init      stm32f1xx_hal_spi.o
    0x080018ec   0x080018ec   0x00000124   Code   RO         6170    i.HAL_SPI_MspInit   spi.o
    0x08001a10   0x08001a10   0x000002ee   Code   RO         2212    i.HAL_SPI_TransmitReceive  stm32f1xx_hal_spi.o
    0x08001cfe   0x08001cfe   0x00000066   Code   RO         4278    i.HAL_SRAM_Init     stm32f1xx_hal_sram.o
    0x08001d64   0x08001d64   0x00000090   Code   RO         6544    i.HAL_SRAM_MspInit  lcd.o
    0x08001df4   0x08001df4   0x00000028   Code   RO         1351    i.HAL_SYSTICK_CLKSourceConfig  stm32f1xx_hal_cortex.o
    0x08001e1c   0x08001e1c   0x00000034   Code   RO         1353    i.HAL_SYSTICK_Config  stm32f1xx_hal_cortex.o
    0x08001e50   0x08001e50   0x00000002   Code   RO         3545    i.HAL_UART_ErrorCallback  stm32f1xx_hal_uart.o
    0x08001e52   0x08001e52   0x00000002   PAD
    0x08001e54   0x08001e54   0x00000154   Code   RO         3548    i.HAL_UART_IRQHandler  stm32f1xx_hal_uart.o
    0x08001fa8   0x08001fa8   0x00000072   Code   RO         3549    i.HAL_UART_Init     stm32f1xx_hal_uart.o
    0x0800201a   0x0800201a   0x00000002   PAD
    0x0800201c   0x0800201c   0x000000b4   Code   RO          813    i.HAL_UART_MspInit  usart.o
    0x080020d0   0x080020d0   0x00000070   Code   RO         3554    i.HAL_UART_Receive_IT  stm32f1xx_hal_uart.o
    0x08002140   0x08002140   0x00000088   Code   RO          814    i.HAL_UART_RxCpltCallback  usart.o
    0x080021c8   0x080021c8   0x00000002   Code   RO         3560    i.HAL_UART_TxCpltCallback  stm32f1xx_hal_uart.o
    0x080021ca   0x080021ca   0x00000004   Code   RO           15    i.HardFault_Handler  stm32f1xx_it.o
    0x080021ce   0x080021ce   0x00000004   Code   RO           16    i.MemManage_Handler  stm32f1xx_it.o
    0x080021d2   0x080021d2   0x00000002   Code   RO           17    i.NMI_Handler       stm32f1xx_it.o
    0x080021d4   0x080021d4   0x00000028   Code   RO         2063    i.RCC_Delay         stm32f1xx_hal_rcc.o
    0x080021fc   0x080021fc   0x00000028   Code   RO         2243    i.SPI_EndRxTxTransaction  stm32f1xx_hal_spi.o
    0x08002224   0x08002224   0x00000006   Code   RO         2244    i.SPI_ISCRCErrorValid  stm32f1xx_hal_spi.o
    0x0800222a   0x0800222a   0x00000002   PAD
    0x0800222c   0x0800222c   0x000000d8   Code   RO         2251    i.SPI_WaitFlagStateUntilTimeout  stm32f1xx_hal_spi.o
    0x08002304   0x08002304   0x00000014   Code   RO          685    i.SysTick_Handler   delay.o
    0x08002318   0x08002318   0x000000a4   Code   RO          248    i.SystemCoreClockUpdate  system_stm32f1xx.o
    0x080023bc   0x080023bc   0x00000002   Code   RO          249    i.SystemInit        system_stm32f1xx.o
    0x080023be   0x080023be   0x00000014   Code   RO         3562    i.UART_DMAAbortOnError  stm32f1xx_hal_uart.o
    0x080023d2   0x080023d2   0x00000020   Code   RO         3572    i.UART_EndRxTransfer  stm32f1xx_hal_uart.o
    0x080023f2   0x080023f2   0x00000020   Code   RO         3573    i.UART_EndTransmit_IT  stm32f1xx_hal_uart.o
    0x08002412   0x08002412   0x000000a0   Code   RO         3575    i.UART_Receive_IT   stm32f1xx_hal_uart.o
    0x080024b2   0x080024b2   0x00000002   PAD
    0x080024b4   0x080024b4   0x000000fc   Code   RO         3576    i.UART_SetConfig    stm32f1xx_hal_uart.o
    0x080025b0   0x080025b0   0x00000060   Code   RO         3577    i.UART_Transmit_IT  stm32f1xx_hal_uart.o
    0x08002610   0x08002610   0x00000024   Code   RO          815    i.USART1_IRQHandler  usart.o
    0x08002634   0x08002634   0x00000004   Code   RO           18    i.UsageFault_Handler  stm32f1xx_it.o
    0x08002638   0x08002638   0x00000074   Code   RO         6107    i.WIZCHIP_READ      w5500.o
    0x080026ac   0x080026ac   0x0000008c   Code   RO         6108    i.WIZCHIP_READ_BUF  w5500.o
    0x08002738   0x08002738   0x00000074   Code   RO         6109    i.WIZCHIP_WRITE     w5500.o
    0x080027ac   0x080027ac   0x00000088   Code   RO         6110    i.WIZCHIP_WRITE_BUF  w5500.o
    0x08002834   0x08002834   0x00000010   Code   RO         1355    i.__NVIC_GetPriorityGrouping  stm32f1xx_hal_cortex.o
    0x08002844   0x08002844   0x00000028   Code   RO         1356    i.__NVIC_SetPriority  stm32f1xx_hal_cortex.o
    0x0800286c   0x0800286c   0x0000000c   Code   RO         7004    i._cb_connack       mqtt_wrapper.o
    0x08002878   0x08002878   0x00000020   Code   RO         7005    i._cb_publish       mqtt_wrapper.o
    0x08002898   0x08002898   0x0000000c   Code   RO         7006    i._cb_suback        mqtt_wrapper.o
    0x080028a4   0x080028a4   0x0000000e   Code   RO         7099    i._is_digit         c_w.l(__printf_wp.o)
    0x080028b2   0x080028b2   0x00000004   Code   RO          817    i._sys_exit         usart.o
    0x080028b6   0x080028b6   0x00000002   PAD
    0x080028b8   0x080028b8   0x000000a0   Code   RO         5989    i.close             socket.o
    0x08002958   0x08002958   0x00000184   Code   RO         5990    i.connect_IO_6      socket.o
    0x08002adc   0x08002adc   0x00000016   Code   RO         5991    i.connect_W5x00     socket.o
    0x08002af2   0x08002af2   0x00000002   PAD
    0x08002af4   0x08002af4   0x00000050   Code   RO          686    i.delay_init        delay.o
    0x08002b44   0x08002b44   0x00000050   Code   RO          687    i.delay_ms          delay.o
    0x08002b94   0x08002b94   0x00000048   Code   RO          688    i.delay_us          delay.o
    0x08002bdc   0x08002bdc   0x00000018   Code   RO         6783    i.dht11_check       dht11.o
    0x08002bf4   0x08002bf4   0x00000058   Code   RO         6784    i.dht11_init        dht11.o
    0x08002c4c   0x08002c4c   0x00000034   Code   RO         6785    i.dht11_read_bit    dht11.o
    0x08002c80   0x08002c80   0x0000001e   Code   RO         6786    i.dht11_read_byte   dht11.o
    0x08002c9e   0x08002c9e   0x00000078   Code   RO         6787    i.dht11_read_data   dht11.o
    0x08002d16   0x08002d16   0x00000002   PAD
    0x08002d18   0x08002d18   0x00000034   Code   RO         6788    i.dht11_reset       dht11.o
    0x08002d4c   0x08002d4c   0x00000022   Code   RO         6789    i.dht11_wait_ack    dht11.o
    0x08002d6e   0x08002d6e   0x00000002   PAD
    0x08002d70   0x08002d70   0x00000030   Code   RO         6790    i.dht11_wait_level  dht11.o
    0x08002da0   0x08002da0   0x000000d0   Code   RO         5994    i.disconnect        socket.o
    0x08002e70   0x08002e70   0x00000048   Code   RO         4409    i.eTaskConfirmSleepModeStatus  tasks.o
    0x08002eb8   0x08002eb8   0x0000001c   Code   RO          819    i.fputc             usart.o
    0x08002ed4   0x08002ed4   0x000000b4   Code   RO          602    i.freertos_demo     freertos_task.o
    0x08002f88   0x08002f88   0x0000006c   Code   RO         6111    i.getSn_RX_RSR      w5500.o
    0x08002ff4   0x08002ff4   0x0000006c   Code   RO         6112    i.getSn_TX_FSR      w5500.o
    0x08003060   0x08003060   0x0000019c   Code   RO         5995    i.getsockopt        socket.o
    0x080031fc   0x080031fc   0x000000b8   Code   RO         5937    i.key_init          key.o
    0x080032b4   0x080032b4   0x00000034   Code   RO         6545    i.lcd_clear         lcd.o
    0x080032e8   0x080032e8   0x00000130   Code   RO         6547    i.lcd_display_dir   lcd.o
    0x08003418   0x08003418   0x00000020   Code   RO         6553    i.lcd_draw_point    lcd.o
    0x08003438   0x08003438   0x0000022c   Code   RO         6555    i.lcd_ex_ili9341_reginit  lcd.o
    0x08003664   0x08003664   0x00000ef2   Code   RO         6556    i.lcd_ex_nt35310_reginit  lcd.o
    0x08004556   0x08004556   0x00000efc   Code   RO         6557    i.lcd_ex_nt35510_reginit  lcd.o
    0x08005452   0x08005452   0x0000016e   Code   RO         6558    i.lcd_ex_ssd1963_reginit  lcd.o
    0x080055c0   0x080055c0   0x000001a8   Code   RO         6559    i.lcd_ex_st7789_reginit  lcd.o
    0x08005768   0x08005768   0x000003ac   Code   RO         6562    i.lcd_init          lcd.o
    0x08005b14   0x08005b14   0x0000000c   Code   RO         6563    i.lcd_opt_delay     lcd.o
    0x08005b20   0x08005b20   0x00000018   Code   RO         6565    i.lcd_rd_data       lcd.o
    0x08005b38   0x08005b38   0x00000230   Code   RO         6567    i.lcd_scan_dir      lcd.o
    0x08005d68   0x08005d68   0x00000120   Code   RO         6568    i.lcd_set_cursor    lcd.o
    0x08005e88   0x08005e88   0x00000140   Code   RO         6570    i.lcd_show_char     lcd.o
    0x08005fc8   0x08005fc8   0x0000006a   Code   RO         6572    i.lcd_show_string   lcd.o
    0x08006032   0x08006032   0x00000002   PAD
    0x08006034   0x08006034   0x00000054   Code   RO         6574    i.lcd_ssd_backlight_set  lcd.o
    0x08006088   0x08006088   0x00000018   Code   RO         6575    i.lcd_wr_data       lcd.o
    0x080060a0   0x080060a0   0x00000018   Code   RO         6576    i.lcd_wr_regno      lcd.o
    0x080060b8   0x080060b8   0x00000014   Code   RO         6577    i.lcd_write_ram_prepare  lcd.o
    0x080060cc   0x080060cc   0x00000010   Code   RO         6578    i.lcd_write_reg     lcd.o
    0x080060dc   0x080060dc   0x00000090   Code   RO         5968    i.led_init          led.o
    0x0800616c   0x0800616c   0x000000e4   Code   RO          603    i.led_task          freertos_task.o
    0x08006250   0x08006250   0x00000208   Code   RO          413    i.main              main.o
    0x08006458   0x08006458   0x000000c8   Code   RO         6934    i.mqtt_build_connect  mqtt_client.o
    0x08006520   0x08006520   0x0000000e   Code   RO         6936    i.mqtt_build_pingreq  mqtt_client.o
    0x0800652e   0x0800652e   0x00000068   Code   RO         6937    i.mqtt_build_publish  mqtt_client.o
    0x08006596   0x08006596   0x00000060   Code   RO         6938    i.mqtt_build_subscribe  mqtt_client.o
    0x080065f6   0x080065f6   0x00000036   Code   RO         6939    i.mqtt_decode_length  mqtt_client.o
    0x0800662c   0x0800662c   0x00000024   Code   RO         6940    i.mqtt_encode_length  mqtt_client.o
    0x08006650   0x08006650   0x000002c0   Code   RO         7007    i.mqtt_full_connect  mqtt_wrapper.o
    0x08006910   0x08006910   0x00000028   Code   RO          604    i.mqtt_on_cmd       freertos_task.o
    0x08006938   0x08006938   0x00000124   Code   RO         6941    i.mqtt_parse        mqtt_client.o
    0x08006a5c   0x08006a5c   0x00000020   Code   RO         6942    i.mqtt_put_fixed_header  mqtt_client.o
    0x08006a7c   0x08006a7c   0x00000024   Code   RO         6943    i.mqtt_put_string   mqtt_client.o
    0x08006aa0   0x08006aa0   0x0000008c   Code   RO          605    i.mqtt_task         freertos_task.o
    0x08006b2c   0x08006b2c   0x000001e8   Code   RO         7008    i.mqtt_task_run     mqtt_wrapper.o
    0x08006d14   0x08006d14   0x00000074   Code   RO         6895    i.onenet_build_payload  onenet.o
    0x08006d88   0x08006d88   0x000000b0   Code   RO         6896    i.onenet_fill_cfg   onenet.o
    0x08006e38   0x08006e38   0x0000001c   Code   RO         6897    i.onenet_set_auth   onenet.o
    0x08006e54   0x08006e54   0x000000d4   Code   RO         4412    i.prvAddCurrentTaskToDelayedList  tasks.o
    0x08006f28   0x08006f28   0x000000f8   Code   RO         4413    i.prvAddNewTaskToReadyList  tasks.o
    0x08007020   0x08007020   0x00000064   Code   RO         5202    i.prvCheckForValidListAndQueue  timers.o
    0x08007084   0x08007084   0x00000048   Code   RO         4414    i.prvCheckTasksWaitingTermination  tasks.o
    0x080070cc   0x080070cc   0x0000002a   Code   RO         4917    i.prvCopyDataFromQueue  queue.o
    0x080070f6   0x080070f6   0x0000007e   Code   RO         4918    i.prvCopyDataToQueue  queue.o
    0x08007174   0x08007174   0x00000068   Code   RO         4415    i.prvCreateIdleTasks  tasks.o
    0x080071dc   0x080071dc   0x0000005a   Code   RO         4416    i.prvCreateTask     tasks.o
    0x08007236   0x08007236   0x00000012   Code   RO         4417    i.prvDeleteTCB      tasks.o
    0x08007248   0x08007248   0x00000014   Code   RO         4919    i.prvGetDisinheritPriorityAfterTimeout  queue.o
    0x0800725c   0x0800725c   0x0000004c   Code   RO         4418    i.prvGetExpectedIdleTime  tasks.o
    0x080072a8   0x080072a8   0x00000028   Code   RO         5203    i.prvGetNextExpireTime  timers.o
    0x080072d0   0x080072d0   0x0000006c   Code   RO         5763    i.prvHeapInit       heap_4.o
    0x0800733c   0x0800733c   0x0000009c   Code   RO         4419    i.prvIdleTask       tasks.o
    0x080073d8   0x080073d8   0x0000002e   Code   RO         4921    i.prvInitialiseNewQueue  queue.o
    0x08007406   0x08007406   0x00000002   PAD
    0x08007408   0x08007408   0x000000e0   Code   RO         4420    i.prvInitialiseNewTask  tasks.o
    0x080074e8   0x080074e8   0x00000068   Code   RO         4421    i.prvInitialiseTaskLists  tasks.o
    0x08007550   0x08007550   0x000000d4   Code   RO         5764    i.prvInsertBlockIntoFreeList  heap_4.o
    0x08007624   0x08007624   0x00000058   Code   RO         5205    i.prvInsertTimerInActiveList  timers.o
    0x0800767c   0x0800767c   0x0000001a   Code   RO         4922    i.prvIsQueueEmpty   queue.o
    0x08007696   0x08007696   0x0000001e   Code   RO         4923    i.prvIsQueueFull    queue.o
    0x080076b4   0x080076b4   0x000000c4   Code   RO         4924    i.prvNotifyQueueSetContainer  queue.o
    0x08007778   0x08007778   0x00000044   Code   RO         5206    i.prvProcessExpiredTimer  timers.o
    0x080077bc   0x080077bc   0x00000168   Code   RO         5207    i.prvProcessReceivedCommands  timers.o
    0x08007924   0x08007924   0x00000074   Code   RO         5208    i.prvProcessTimerOrBlockTask  timers.o
    0x08007998   0x08007998   0x00000028   Code   RO         5209    i.prvReloadTimer    timers.o
    0x080079c0   0x080079c0   0x00000030   Code   RO         4423    i.prvResetNextTaskUnblockTime  tasks.o
    0x080079f0   0x080079f0   0x0000002c   Code   RO         5210    i.prvSampleTimeNow  timers.o
    0x08007a1c   0x08007a1c   0x00000044   Code   RO         5211    i.prvSwitchTimerLists  timers.o
    0x08007a60   0x08007a60   0x00000070   Code   RO         5843    i.prvTaskExitError  port.o
    0x08007ad0   0x08007ad0   0x0000001a   Code   RO         5212    i.prvTimerTask      timers.o
    0x08007aea   0x08007aea   0x00000090   Code   RO         4925    i.prvUnlockQueue    queue.o
    0x08007b7a   0x08007b7a   0x00000002   PAD
    0x08007b7c   0x08007b7c   0x000001f4   Code   RO         5766    i.pvPortMalloc      heap_4.o
    0x08007d70   0x08007d70   0x00000014   Code   RO         4429    i.pvTaskIncrementMutexHeldCount  tasks.o
    0x08007d84   0x08007d84   0x00000024   Code   RO         5844    i.pxPortInitialiseStack  port.o
    0x08007da8   0x08007da8   0x0000011c   Code   RO         5997    i.recv              socket.o
    0x08007ec4   0x08007ec4   0x00000028   Code   RO         6219    i.reg_wizchip_cris_cbfunc  wizchip_conf.o
    0x08007eec   0x08007eec   0x00000028   Code   RO         6220    i.reg_wizchip_cs_cbfunc  wizchip_conf.o
    0x08007f14   0x08007f14   0x00000034   Code   RO         6222    i.reg_wizchip_spi_cbfunc  wizchip_conf.o
    0x08007f48   0x08007f48   0x00000034   Code   RO         6223    i.reg_wizchip_spiburst_cbfunc  wizchip_conf.o
    0x08007f7c   0x08007f7c   0x00000208   Code   RO         6001    i.send              socket.o
    0x08008184   0x08008184   0x000001ec   Code   RO          606    i.sensor_task       freertos_task.o
    0x08008370   0x08008370   0x000001b8   Code   RO         6006    i.socket            socket.o
    0x08008528   0x08008528   0x00000054   Code   RO         6171    i.spi2_init         spi.o
    0x0800857c   0x0800857c   0x00000048   Code   RO         6172    i.spi2_set_speed    spi.o
    0x080085c4   0x080085c4   0x00000020   Code   RO         6173    i.spi2_write_read_byte  spi.o
    0x080085e4   0x080085e4   0x000000a8   Code   RO          607    i.start_task        freertos_task.o
    0x0800868c   0x0800868c   0x00000024   Code   RO          730    i.sys_get_flash_latency  sys.o
    0x080086b0   0x080086b0   0x000000cc   Code   RO          737    i.sys_stm32_clock_init  sys.o
    0x0800877c   0x0800877c   0x000000e0   Code   RO         6844    i.transport_connect  transport.o
    0x0800885c   0x0800885c   0x0000002c   Code   RO         6845    i.transport_disconnect  transport.o
    0x08008888   0x08008888   0x0000007e   Code   RO         6847    i.transport_recv    transport.o
    0x08008906   0x08008906   0x0000002c   Code   RO         6848    i.transport_send    transport.o
    0x08008932   0x08008932   0x00000002   PAD
    0x08008934   0x08008934   0x00000038   Code   RO          820    i.usart_init        usart.o
    0x0800896c   0x0800896c   0x00000028   Code   RO         5522    i.uxListRemove      list.o
    0x08008994   0x08008994   0x0000000c   Code   RO         4434    i.uxTaskGetNumberOfTasks  tasks.o
    0x080089a0   0x080089a0   0x0000001a   Code   RO         5523    i.vListInitialise   list.o
    0x080089ba   0x080089ba   0x00000006   Code   RO         5524    i.vListInitialiseItem  list.o
    0x080089c0   0x080089c0   0x00000034   Code   RO         5525    i.vListInsert       list.o
    0x080089f4   0x080089f4   0x00000018   Code   RO         5526    i.vListInsertEnd    list.o
    0x08008a0c   0x08008a0c   0x00000088   Code   RO         5846    i.vPortEnterCritical  port.o
    0x08008a94   0x08008a94   0x00000070   Code   RO         5847    i.vPortExitCritical  port.o
    0x08008b04   0x08008b04   0x000000dc   Code   RO         5767    i.vPortFree         heap_4.o
    0x08008be0   0x08008be0   0x00000070   Code   RO         5848    i.vPortSetupTimerInterrupt  port.o
    0x08008c50   0x08008c50   0x00000160   Code   RO         5849    i.vPortSuppressTicksAndSleep  port.o
    0x08008db0   0x08008db0   0x00000080   Code   RO         4933    i.vQueueAddToRegistry  queue.o
    0x08008e30   0x08008e30   0x0000004a   Code   RO         4937    i.vQueueWaitForMessageRestricted  queue.o
    0x08008e7a   0x08008e7a   0x00000002   PAD
    0x08008e7c   0x08008e7c   0x00000078   Code   RO         4441    i.vTaskDelay        tasks.o
    0x08008ef4   0x08008ef4   0x00000130   Code   RO         4442    i.vTaskDelete       tasks.o
    0x08009024   0x08009024   0x00000018   Code   RO         4446    i.vTaskInternalSetTimeOutState  tasks.o
    0x0800903c   0x0800903c   0x0000000c   Code   RO         4448    i.vTaskMissedYield  tasks.o
    0x08009048   0x08009048   0x00000058   Code   RO         4449    i.vTaskPlaceOnEventList  tasks.o
    0x080090a0   0x080090a0   0x00000084   Code   RO         4450    i.vTaskPlaceOnEventListRestricted  tasks.o
    0x08009124   0x08009124   0x00000134   Code   RO         4452    i.vTaskPriorityDisinheritAfterTimeout  tasks.o
    0x08009258   0x08009258   0x00000098   Code   RO         4459    i.vTaskStartScheduler  tasks.o
    0x080092f0   0x080092f0   0x000000b8   Code   RO         4460    i.vTaskStepTick     tasks.o
    0x080093a8   0x080093a8   0x00000010   Code   RO         4462    i.vTaskSuspendAll   tasks.o
    0x080093b8   0x080093b8   0x000000b4   Code   RO         4463    i.vTaskSwitchContext  tasks.o
    0x0800946c   0x0800946c   0x00000008   Code   RO          505    i.w5500_cris_enter  w5500_port.o
    0x08009474   0x08009474   0x00000008   Code   RO          506    i.w5500_cris_exit   w5500_port.o
    0x0800947c   0x0800947c   0x00000014   Code   RO          507    i.w5500_cs_desel    w5500_port.o
    0x08009490   0x08009490   0x00000014   Code   RO          508    i.w5500_cs_sel      w5500_port.o
    0x080094a4   0x080094a4   0x00000010   Code   RO          509    i.w5500_get_link_status  w5500_port.o
    0x080094b4   0x080094b4   0x00000040   Code   RO          510    i.w5500_get_mac_from_uid  w5500_port.o
    0x080094f4   0x080094f4   0x0000002c   Code   RO          511    i.w5500_hardware_reset  w5500_port.o
    0x08009520   0x08009520   0x000000e4   Code   RO          512    i.w5500_init        w5500_port.o
    0x08009604   0x08009604   0x00000074   Code   RO          608    i.w5500_monitor_task  freertos_task.o
    0x08009678   0x08009678   0x00000044   Code   RO          513    i.w5500_register_callbacks  w5500_port.o
    0x080096bc   0x080096bc   0x0000000a   Code   RO          515    i.w5500_spi_rb      w5500_port.o
    0x080096c6   0x080096c6   0x0000001c   Code   RO          516    i.w5500_spi_read_burst  w5500_port.o
    0x080096e2   0x080096e2   0x0000000c   Code   RO          517    i.w5500_spi_wb      w5500_port.o
    0x080096ee   0x080096ee   0x0000001a   Code   RO          518    i.w5500_spi_write_burst  w5500_port.o
    0x08009708   0x08009708   0x00000084   Code   RO         6113    i.wiz_recv_data     w5500.o
    0x0800978c   0x0800978c   0x00000084   Code   RO         6115    i.wiz_send_data     w5500.o
    0x08009810   0x08009810   0x00000006   Code   RO         6225    i.wizchip_bus_readdata  wizchip_conf.o
    0x08009816   0x08009816   0x00000004   Code   RO         6227    i.wizchip_bus_writedata  wizchip_conf.o
    0x0800981a   0x0800981a   0x00000002   Code   RO         6229    i.wizchip_cris_enter  wizchip_conf.o
    0x0800981c   0x0800981c   0x00000002   Code   RO         6230    i.wizchip_cris_exit  wizchip_conf.o
    0x0800981e   0x0800981e   0x00000002   Code   RO         6231    i.wizchip_cs_deselect  wizchip_conf.o
    0x08009820   0x08009820   0x00000002   Code   RO         6232    i.wizchip_cs_select  wizchip_conf.o
    0x08009822   0x08009822   0x00000002   PAD
    0x08009824   0x08009824   0x0000005c   Code   RO         6235    i.wizchip_getnetinfo  wizchip_conf.o
    0x08009880   0x08009880   0x00000090   Code   RO         6238    i.wizchip_init      wizchip_conf.o
    0x08009910   0x08009910   0x00000058   Code   RO         6242    i.wizchip_setnetinfo  wizchip_conf.o
    0x08009968   0x08009968   0x00000024   Code   RO         6245    i.wizchip_spi_readburst  wizchip_conf.o
    0x0800998c   0x0800998c   0x00000004   Code   RO         6246    i.wizchip_spi_readbyte  wizchip_conf.o
    0x08009990   0x08009990   0x00000024   Code   RO         6247    i.wizchip_spi_writeburst  wizchip_conf.o
    0x080099b4   0x080099b4   0x00000002   Code   RO         6248    i.wizchip_spi_writebyte  wizchip_conf.o
    0x080099b6   0x080099b6   0x00000072   Code   RO         6249    i.wizchip_sw_reset  wizchip_conf.o
    0x08009a28   0x08009a28   0x00000018   Code   RO         6251    i.wizphy_getphylink  wizchip_conf.o
    0x08009a40   0x08009a40   0x0000001c   Code   RO         6253    i.wizphy_getphystat  wizchip_conf.o
    0x08009a5c   0x08009a5c   0x00000034   Code   RO         6254    i.wizphy_reset      wizchip_conf.o
    0x08009a90   0x08009a90   0x00000058   Code   RO         6255    i.wizphy_setphyconf  wizchip_conf.o
    0x08009ae8   0x08009ae8   0x00000120   Code   RO         5851    i.xPortStartScheduler  port.o
    0x08009c08   0x08009c08   0x00000034   Code   RO         5852    i.xPortSysTickHandler  port.o
    0x08009c3c   0x08009c3c   0x00000084   Code   RO         4942    i.xQueueGenericCreate  queue.o
    0x08009cc0   0x08009cc0   0x000000f0   Code   RO         4943    i.xQueueGenericReset  queue.o
    0x08009db0   0x08009db0   0x000001d8   Code   RO         4944    i.xQueueGenericSend  queue.o
    0x08009f88   0x08009f88   0x00000174   Code   RO         4952    i.xQueueReceive     queue.o
    0x0800a0fc   0x0800a0fc   0x0000019c   Code   RO         4957    i.xQueueSemaphoreTake  queue.o
    0x0800a298   0x0800a298   0x000000c0   Code   RO         4466    i.xTaskCheckForTimeOut  tasks.o
    0x0800a358   0x0800a358   0x00000038   Code   RO         4467    i.xTaskCreate       tasks.o
    0x0800a390   0x0800a390   0x00000020   Code   RO         4478    i.xTaskGetSchedulerState  tasks.o
    0x0800a3b0   0x0800a3b0   0x0000000c   Code   RO         4479    i.xTaskGetTickCount  tasks.o
    0x0800a3bc   0x0800a3bc   0x000001e8   Code   RO         4481    i.xTaskIncrementTick  tasks.o
    0x0800a5a4   0x0800a5a4   0x0000010c   Code   RO         4482    i.xTaskPriorityDisinherit  tasks.o
    0x0800a6b0   0x0800a6b0   0x000000f4   Code   RO         4483    i.xTaskPriorityInherit  tasks.o
    0x0800a7a4   0x0800a7a4   0x00000154   Code   RO         4484    i.xTaskRemoveFromEventList  tasks.o
    0x0800a8f8   0x0800a8f8   0x000001c0   Code   RO         4485    i.xTaskResumeAll    tasks.o
    0x0800aab8   0x0800aab8   0x00000074   Code   RO         5221    i.xTimerCreateTimerTask  timers.o
    0x0800ab2c   0x0800ab2c   0x0000005a   Code   RO         7133    x$fpl$dfixu         fz_ws.l(dfixu.o)
    0x0800ab86   0x0800ab86   0x00000026   Code   RO         7137    x$fpl$dfltu         fz_ws.l(dflt_clz.o)
    0x0800abac   0x0800abac   0x00000154   Code   RO         7143    x$fpl$dmul          fz_ws.l(dmul.o)
    0x0800ad00   0x0800ad00   0x0000009c   Code   RO         7163    x$fpl$dnaninf       fz_ws.l(dnaninf.o)
    0x0800ad9c   0x0800ad9c   0x0000000c   Code   RO         7165    x$fpl$dretinf       fz_ws.l(dretinf.o)
    0x0800ada8   0x0800ada8   0x00000000   Code   RO         7167    x$fpl$usenofp       fz_ws.l(usenofp.o)
    0x0800ada8   0x0800ada8   0x00000018   Data   RO          250    .constdata          system_stm32f1xx.o
    0x0800adc0   0x0800adc0   0x00002f80   Data   RO         6580    .constdata          lcd.o
    0x0800dd40   0x0800dd40   0x00000028   Data   RO         7072    .constdata          c_w.l(_printf_hex_int.o)
    0x0800dd68   0x0800dd68   0x00000011   Data   RO         7107    .constdata          c_w.l(__printf_flags_ss_wp.o)
    0x0800dd79   0x0800dd79   0x00000003   PAD
    0x0800dd7c   0x0800dd7c   0x0000007a   Data   RO          610    .conststring        freertos_task.o
    0x0800ddf6   0x0800ddf6   0x00000002   PAD
    0x0800ddf8   0x0800ddf8   0x00000020   Data   RO         7317    Region$$Table       anon$$obj.o


    Execution Region RW_IRAM1 (Exec base: 0x20000000, Load base: 0x0800de18, Size: 0x00006150, Max: 0x00010000, ABSOLUTE, COMPRESSED[0x00000038])

    Exec Addr    Load Addr    Size         Type   Attr      Idx    E Section Name        Object

    0x20000000   COMPRESSED   0x00000004   Data   RW          251    .data               system_stm32f1xx.o
    0x20000004   COMPRESSED   0x00000020   Data   RW          611    .data               freertos_task.o
    0x20000024   COMPRESSED   0x00000002   Data   RW          689    .data               delay.o
    0x20000026   COMPRESSED   0x00000002   PAD
    0x20000028   COMPRESSED   0x00000007   Data   RW          822    .data               usart.o
    0x2000002f   COMPRESSED   0x00000001   PAD
    0x20000030   COMPRESSED   0x00000009   Data   RW          915    .data               stm32f1xx_hal.o
    0x20000039   COMPRESSED   0x00000003   PAD
    0x2000003c   COMPRESSED   0x00000040   Data   RW         4488    .data               tasks.o
    0x2000007c   COMPRESSED   0x00000014   Data   RW         5232    .data               timers.o
    0x20000090   COMPRESSED   0x0000001c   Data   RW         5774    .data               heap_4.o
    0x200000ac   COMPRESSED   0x00000018   Data   RW         5853    .data               port.o
    0x200000c4   COMPRESSED   0x0000000e   Data   RW         6008    .data               socket.o
    0x200000d2   COMPRESSED   0x00000002   PAD
    0x200000d4   COMPRESSED   0x00000031   Data   RW         6257    .data               wizchip_conf.o
    0x20000105   COMPRESSED   0x00000003   PAD
    0x20000108   COMPRESSED   0x00000008   Data   RW         6581    .data               lcd.o
    0x20000110   COMPRESSED   0x00000010   Data   RW         6899    .data               onenet.o
    0x20000120   COMPRESSED   0x00000014   Data   RW         7010    .data               mqtt_wrapper.o
    0x20000134        -       0x00000024   Zero   RW          609    .bss                freertos_task.o
    0x20000158        -       0x00000108   Zero   RW          821    .bss                usart.o
    0x20000260        -       0x000002e4   Zero   RW         4487    .bss                tasks.o
    0x20000544        -       0x00000040   Zero   RW         4959    .bss                queue.o
    0x20000584        -       0x00000028   Zero   RW         5231    .bss                timers.o
    0x200005ac        -       0x00005000   Zero   RW         5773    .bss                heap_4.o
    0x200055ac        -       0x00000010   Zero   RW         6007    .bss                socket.o
    0x200055bc        -       0x00000058   Zero   RW         6174    .bss                spi.o
    0x20005614        -       0x00000056   Zero   RW         6579    .bss                lcd.o
    0x2000566a        -       0x00000080   Zero   RW         6898    .bss                onenet.o
    0x200056ea        -       0x00000400   Zero   RW         7009    .bss                mqtt_wrapper.o
    0x20005aea   COMPRESSED   0x00000002   PAD
    0x20005aec        -       0x00000060   Zero   RW         7200    .bss                c_w.l(libspace.o)
    0x20005b4c   COMPRESSED   0x00000004   PAD
    0x20005b50        -       0x00000200   Zero   RW            2    HEAP                startup_stm32f103xe.o
    0x20005d50        -       0x00000400   Zero   RW            1    STACK               startup_stm32f103xe.o


==============================================================================

Image component sizes


      Code (inc. data)   RO Data    RW Data    ZI Data      Debug   Object Name

       252         16          0          2          0       2601   delay.o
       448         24          0          0          0       5065   dht11.o
      1364        518        122         32         36       6933   freertos_task.o
      1040        262          0         28      20480       5071   heap_4.o
       184         12          0          0          0        975   key.o
     11958        166      12160          8         86      21630   lcd.o
       144         12          0          0          0        867   led.o
       148          0          0          0          0       3138   list.o
       520        330          0          0          0      24438   main.o
       864         22          0          0          0       8909   mqtt_client.o
      1248        384          0         20       1024       5164   mqtt_wrapper.o
       320        136          0         16        128       2675   onenet.o
      1350        332          0         24          0      11089   port.o
      2460        306          0          0         64      29461   queue.o
      2434         94          0         14         16      10862   socket.o
       480         38          0          0         88       2805   spi.o
        64         26        304          0       1536        936   startup_stm32f103xe.o
       154         32          0          9          0       6423   stm32f1xx_hal.o
       344         22          0          0          0      30061   stm32f1xx_hal_cortex.o
       424         10          0          0          0       1247   stm32f1xx_hal_dma.o
       860         40          0          0          0       3367   stm32f1xx_hal_gpio.o
      1784        110          0          0          0       6080   stm32f1xx_hal_rcc.o
      1224          6          0          0          0       5243   stm32f1xx_hal_spi.o
       102          0          0          0          0       1216   stm32f1xx_hal_sram.o
      1162         10          0          0          0       7799   stm32f1xx_hal_uart.o
        20          0          0          0          0       7153   stm32f1xx_it.o
       254         10          0          0          0       3855   stm32f1xx_ll_fsmc.o
       240         18          0          0          0       1495   sys.o
       166         22         24          4          0     467619   system_stm32f1xx.o
      5056       1104          0         64        740      43092   tasks.o
      1066        188          0         20         40      11100   timers.o
       438         44          0          0          0       3661   transport.o
       440         54          0          7        264       5405   usart.o
       988         16          0          0          0       5692   w5500.o
       552         52          0          0          0       7203   w5500_port.o
       910         84          0         49          0      16088   wizchip_conf.o

    ----------------------------------------------------------------------
     41498       4500      12644        308      24504     776418   Object Totals
         0          0         32          0          0          0   (incl. Generated)
        36          0          2         11          2          0   (incl. Padding)

    ----------------------------------------------------------------------

      Code (inc. data)   RO Data    RW Data    ZI Data      Debug   Library Member Name

        24          4          0          0          0         84   __2printf.o
        56          6          0          0          0         88   __2snprintf.o
        90          0          0          0          0          0   __dczerorl2.o
         8          0          0          0          0         68   __main.o
       392          4         17          0          0         92   __printf_flags_ss_wp.o
        14          0          0          0          0         68   __printf_wp.o
         0          0          0          0          0          0   __rtentry.o
        12          0          0          0          0          0   __rtentry2.o
         6          0          0          0          0          0   __rtentry4.o
        52          8          0          0          0          0   __scatter.o
        28          0          0          0          0          0   __scatter_zi.o
        44          0          0          0          0        108   _printf_char.o
        48          6          0          0          0         96   _printf_char_common.o
        36          4          0          0          0         80   _printf_char_file.o
         6          0          0          0          0          0   _printf_d.o
       120         16          0          0          0         92   _printf_dec.o
        88          4         40          0          0         88   _printf_hex_int.o
       178          0          0          0          0         88   _printf_intcommon.o
        78          0          0          0          0        108   _printf_pad.o
         0          0          0          0          0          0   _printf_percent.o
         4          0          0          0          0          0   _printf_percent_end.o
         6          0          0          0          0          0   _printf_s.o
        82          0          0          0          0         80   _printf_str.o
         6          0          0          0          0          0   _printf_u.o
         6          0          0          0          0          0   _printf_x.o
        16          0          0          0          0         68   _snputc.o
        10          0          0          0          0         68   _sputc.o
        16          0          0          0          0         68   aeabi_memset.o
        18          0          0          0          0         80   exit.o
         8          0          0          0          0         68   ferror.o
         6          0          0          0          0        152   heapauxi.o
         2          0          0          0          0          0   libinit.o
         2          0          0          0          0          0   libinit2.o
         2          0          0          0          0          0   libshutdown.o
         2          0          0          0          0          0   libshutdown2.o
         8          4          0          0         96         68   libspace.o
        68          0          0          0          0         68   rt_memclr.o
        78          0          0          0          0         80   rt_memclr_w.o
       138          0          0          0          0         68   rt_memcpy_v6.o
       100          0          0          0          0         80   rt_memcpy_w.o
         2          0          0          0          0          0   rtexit.o
        10          0          0          0          0          0   rtexit2.o
        62          0          0          0          0         76   strlen.o
        74          0          0          0          0         80   sys_stackheap_outer.o
         2          0          0          0          0         68   use_no_semi.o
         2          0          0          0          0         68   use_no_semi_2.o
        90          4          0          0          0         92   dfixu.o
        38          0          0          0          0         68   dflt_clz.o
       340         12          0          0          0        104   dmul.o
       156          4          0          0          0         92   dnaninf.o
        12          0          0          0          0         68   dretinf.o
         0          0          0          0          0          0   usenofp.o

    ----------------------------------------------------------------------
      2654         76         60          0        100       2724   Library Totals
         8          0          3          0          4          0   (incl. Padding)

    ----------------------------------------------------------------------

      Code (inc. data)   RO Data    RW Data    ZI Data      Debug   Library Name

      2010         56         57          0         96       2300   c_w.l
       636         20          0          0          0        424   fz_ws.l

    ----------------------------------------------------------------------
      2654         76         60          0        100       2724   Library Totals

    ----------------------------------------------------------------------

==============================================================================


      Code (inc. data)   RO Data    RW Data    ZI Data      Debug   

     44152       4576      12704        308      24604     764630   Grand Totals
     44152       4576      12704         56      24604     764630   ELF Image Totals (compressed)
     44152       4576      12704         56          0          0   ROM Totals

==============================================================================

    Total RO  Size (Code + RO Data)                56856 (  55.52kB)
    Total RW  Size (RW Data + ZI Data)             24912 (  24.33kB)
    Total ROM Size (Code + RO Data + RW Data)      56912 (  55.58kB)

==============================================================================

